SLF4J: Failed to load class "org.slf4j.impl.StaticLoggerBinder".
SLF4J: Defaulting to no-operation (NOP) logger implementation
SLF4J: See http://www.slf4j.org/codes.html#StaticLoggerBinder for further details.
WARNING: A restricted method in java.lang.System has been called
WARNING: java.lang.System::load has been called by org.sqlite.SQLiteJDBCLoader in an unnamed module (file:/C:/Users/vince/OneDrive/Desktop/Tirocinio/progetto/Automatic-Angular-E2E-Testing-Suite/mutation-tester/target/mutation-tester-1.0.0-jar-with-dependencies.jar)
WARNING: Use --enable-native-access=ALL-UNNAMED to avoid a warning for callers in this module
WARNING: Restricted methods will be blocked in a future release unless native access is enabled

Loaded class: AbsoluteXPathTest
Loaded abstract class: BaseTest
Loaded class: KatalonXPathTest
Loaded class: RelativeXPathTest
Loaded class: RobulaPlusXPathTest
Loaded class: RobulaXPathTest
Loaded class: SeleniumXPathTest
Loaded factory class: WebDriverFactory
Found 6 classes to execute.
Found 20 mutations to apply.
Starting TypeScript application (npm start)...
TypeScript application started.

20 out of 20 remaining.
Mutation mutation_LLM_search_component_html_82_LLM_GENERATED_search_component_html applied. Waiting for recompile...
Application recompiled successfully.
Starting test for: AbsoluteXPathTest
Jun 15, 2026 6:29:51 PM org.openqa.selenium.devtools.CdpVersionFinder findNearestMatch
AVVERTENZA: Unable to find CDP implementation matching 149
Jun 15, 2026 6:29:51 PM org.openqa.selenium.chromium.ChromiumDriver lambda$new$5
AVVERTENZA: Unable to find version of CDP to use for 149.0.7827.104. You may need to include a dependency on a specific version of the CDP using something similar to `org.seleniumhq.selenium:selenium-devtools-v86:4.27.0` where the version ("v86") matches the version of the chromium-based browser you're using and the version number of the artifact is the same as Selenium's.
[WebDriverFactory] DevTools/sentry-block saltato: You are using a no-op implementation of the CDP. The most likely reason for this is that Selenium was unable to find an implementation of the CDP protocol that matches your browser. Please be sure to include an implementation on the classpath, possibly by adding a new (maven) dependency of `org.seleniumhq.selenium:selenium-devtools-vNN:4.27.0` where `NN` matches the major version of the browser you're using.
Build info: version: '4.27.0', revision: 'd6e718d134'
System info: os.name: 'Windows 11', os.arch: 'amd64', os.version: '10.0', java.version: '25.0.2'
Driver info: DevTools Connection
Test ended: AbsoluteXPathTest [PASSED] null
---------------------------------------------
Starting test for: KatalonXPathTest
Test ended: KatalonXPathTest [PASSED] null
---------------------------------------------
Starting test for: RelativeXPathTest
Test ended: RelativeXPathTest [PASSED] null
---------------------------------------------
Starting test for: RobulaPlusXPathTest
Test ended: RobulaPlusXPathTest [PASSED] null
---------------------------------------------
Starting test for: RobulaXPathTest
Test ended: RobulaXPathTest [PASSED] null
---------------------------------------------
Starting test for: SeleniumXPathTest
Test ended: SeleniumXPathTest [PASSED] null
---------------------------------------------

19 out of 20 remaining.
Mutation mutation_LLM_search_component_html_86_LLM_GENERATED_search_component_html applied. Waiting for recompile...
Application recompiled successfully.
Starting test for: AbsoluteXPathTest
Test ended: AbsoluteXPathTest [PASSED] null
---------------------------------------------
Starting test for: KatalonXPathTest
Test ended: KatalonXPathTest [PASSED] null
---------------------------------------------
Starting test for: RelativeXPathTest
Test ended: RelativeXPathTest [PASSED] null
---------------------------------------------
Starting test for: RobulaPlusXPathTest
Test ended: RobulaPlusXPathTest [PASSED] null
---------------------------------------------
Starting test for: RobulaXPathTest
Test ended: RobulaXPathTest [PASSED] null
---------------------------------------------
Starting test for: SeleniumXPathTest
Test ended: SeleniumXPathTest [PASSED] null
---------------------------------------------

18 out of 20 remaining.
Mutation mutation_LLM_search_component_html_9_LLM_GENERATED_search_component_html applied. Waiting for recompile...
Application recompiled successfully.
Starting test for: AbsoluteXPathTest
Test ended: AbsoluteXPathTest [PASSED] null
---------------------------------------------
Starting test for: KatalonXPathTest
Test ended: KatalonXPathTest [PASSED] null
---------------------------------------------
Starting test for: RelativeXPathTest
Test ended: RelativeXPathTest [PASSED] null
---------------------------------------------
Starting test for: RobulaPlusXPathTest
Test ended: RobulaPlusXPathTest [FAILED] no such element: Unable to locate element: {"method":"xpath" "selector":"//*[3]/*[@class='common-grid']"}
---------------------------------------------
Starting test for: RobulaXPathTest
Test ended: RobulaXPathTest [PASSED] null
---------------------------------------------
Starting test for: SeleniumXPathTest
Test ended: SeleniumXPathTest [PASSED] null
---------------------------------------------

17 out of 20 remaining.
Mutation mutation_LLM_search_component_html_84_LLM_GENERATED_search_component_html applied. Waiting for recompile...
Application did not recompile.
Skipping test AbsoluteXPathTest: Application did not recompile.
---------------------------------------------
Skipping test KatalonXPathTest: Application did not recompile.
---------------------------------------------
Skipping test RelativeXPathTest: Application did not recompile.
---------------------------------------------
Skipping test RobulaPlusXPathTest: Application did not recompile.
---------------------------------------------
Skipping test RobulaXPathTest: Application did not recompile.
---------------------------------------------
Skipping test SeleniumXPathTest: Application did not recompile.
---------------------------------------------

16 out of 20 remaining.
Mutation mutation_LLM_search_component_html_88_LLM_GENERATED_search_component_html applied. Waiting for recompile...
Application recompiled successfully.
Starting test for: AbsoluteXPathTest
Test ended: AbsoluteXPathTest [PASSED] null
---------------------------------------------
Starting test for: KatalonXPathTest
Test ended: KatalonXPathTest [PASSED] null
---------------------------------------------
Starting test for: RelativeXPathTest
Test ended: RelativeXPathTest [PASSED] null
---------------------------------------------
Starting test for: RobulaPlusXPathTest
Test ended: RobulaPlusXPathTest [PASSED] null
---------------------------------------------
Starting test for: RobulaXPathTest
Test ended: RobulaXPathTest [PASSED] null
---------------------------------------------
Starting test for: SeleniumXPathTest
Test ended: SeleniumXPathTest [PASSED] null
---------------------------------------------

15 out of 20 remaining.
Mutation mutation_LLM_search_component_html_90_LLM_GENERATED_search_component_html applied. Waiting for recompile...
Application recompiled successfully.
Starting test for: AbsoluteXPathTest
Test ended: AbsoluteXPathTest [PASSED] null
---------------------------------------------
Starting test for: KatalonXPathTest
Test ended: KatalonXPathTest [PASSED] null
---------------------------------------------
Starting test for: RelativeXPathTest
Test ended: RelativeXPathTest [PASSED] null
---------------------------------------------
Starting test for: RobulaPlusXPathTest
Test ended: RobulaPlusXPathTest [FAILED] no such element: Unable to locate element: {"method":"xpath" "selector":"//*[3]/*[@class='common-grid']"}
---------------------------------------------
Starting test for: RobulaXPathTest
Test ended: RobulaXPathTest [PASSED] null
---------------------------------------------
Starting test for: SeleniumXPathTest
Test ended: SeleniumXPathTest [PASSED] null
---------------------------------------------

14 out of 20 remaining.
Mutation mutation_LLM_search_component_html_91_LLM_GENERATED_search_component_html applied. Waiting for recompile...
Application recompiled successfully.
Starting test for: AbsoluteXPathTest
Test ended: AbsoluteXPathTest [PASSED] null
---------------------------------------------
Starting test for: KatalonXPathTest
Test ended: KatalonXPathTest [PASSED] null
---------------------------------------------
Starting test for: RelativeXPathTest
Test ended: RelativeXPathTest [PASSED] null
---------------------------------------------
Starting test for: RobulaPlusXPathTest
Test ended: RobulaPlusXPathTest [FAILED] no such element: Unable to locate element: {"method":"xpath" "selector":"//*[3]/*[@class='common-grid']"}
---------------------------------------------
Starting test for: RobulaXPathTest
Test ended: RobulaXPathTest [PASSED] null
---------------------------------------------
Starting test for: SeleniumXPathTest
Test ended: SeleniumXPathTest [FAILED] no such element: Unable to locate element: {"method":"css selector" "selector":".ng-star-inserted:nth-child(3) > .common-grid"}
---------------------------------------------

13 out of 20 remaining.
Mutation mutation_LLM_search_component_html_85_LLM_GENERATED_search_component_html applied. Waiting for recompile...
Application recompiled successfully.
Starting test for: AbsoluteXPathTest
Test ended: AbsoluteXPathTest [PASSED] null
---------------------------------------------
Starting test for: KatalonXPathTest
Test ended: KatalonXPathTest [PASSED] null
---------------------------------------------
Starting test for: RelativeXPathTest
Test ended: RelativeXPathTest [PASSED] null
---------------------------------------------
Starting test for: RobulaPlusXPathTest
Test ended: RobulaPlusXPathTest [PASSED] null
---------------------------------------------
Starting test for: RobulaXPathTest
Test ended: RobulaXPathTest [PASSED] null
---------------------------------------------
Starting test for: SeleniumXPathTest
Test ended: SeleniumXPathTest [PASSED] null
---------------------------------------------

12 out of 20 remaining.
Mutation mutation_LLM_search_component_html_93_LLM_GENERATED_search_component_html applied. Waiting for recompile...
Application recompiled successfully.
Starting test for: AbsoluteXPathTest
Test ended: AbsoluteXPathTest [PASSED] null
---------------------------------------------
Starting test for: KatalonXPathTest
Test ended: KatalonXPathTest [PASSED] null
---------------------------------------------
Starting test for: RelativeXPathTest
Test ended: RelativeXPathTest [PASSED] null
---------------------------------------------
Starting test for: RobulaPlusXPathTest
Test ended: RobulaPlusXPathTest [PASSED] null
---------------------------------------------
Starting test for: RobulaXPathTest
Test ended: RobulaXPathTest [PASSED] null
---------------------------------------------
Starting test for: SeleniumXPathTest
Test ended: SeleniumXPathTest [PASSED] null
---------------------------------------------

11 out of 20 remaining.
Mutation mutation_LLM_search_component_html_99_LLM_GENERATED_search_component_html applied. Waiting for recompile...
Application recompiled successfully.
Starting test for: AbsoluteXPathTest
Test ended: AbsoluteXPathTest [FAILED] java.lang.AssertionError
---------------------------------------------
Starting test for: KatalonXPathTest
Test ended: KatalonXPathTest [FAILED] java.lang.AssertionError
---------------------------------------------
Starting test for: RelativeXPathTest
Test ended: RelativeXPathTest [FAILED] java.lang.AssertionError
---------------------------------------------
Starting test for: RobulaPlusXPathTest
Test ended: RobulaPlusXPathTest [FAILED] java.lang.AssertionError
---------------------------------------------
Starting test for: RobulaXPathTest
Test ended: RobulaXPathTest [FAILED] java.lang.AssertionError
---------------------------------------------
Starting test for: SeleniumXPathTest
Test ended: SeleniumXPathTest [FAILED] java.lang.AssertionError
---------------------------------------------

10 out of 20 remaining.
Mutation mutation_LLM_search_component_html_83_LLM_GENERATED_search_component_html applied. Waiting for recompile...
Application recompiled successfully.
Starting test for: AbsoluteXPathTest
Test ended: AbsoluteXPathTest [PASSED] null
---------------------------------------------
Starting test for: KatalonXPathTest
Test ended: KatalonXPathTest [PASSED] null
---------------------------------------------
Starting test for: RelativeXPathTest
Test ended: RelativeXPathTest [PASSED] null
---------------------------------------------
Starting test for: RobulaPlusXPathTest
Test ended: RobulaPlusXPathTest [PASSED] null
---------------------------------------------
Starting test for: RobulaXPathTest
Test ended: RobulaXPathTest [PASSED] null
---------------------------------------------
Starting test for: SeleniumXPathTest
Test ended: SeleniumXPathTest [PASSED] null
---------------------------------------------

9 out of 20 remaining.
Mutation mutation_LLM_search_component_html_94_LLM_GENERATED_search_component_html applied. Waiting for recompile...
Application recompiled successfully.
Starting test for: AbsoluteXPathTest
Test ended: AbsoluteXPathTest [PASSED] null
---------------------------------------------
Starting test for: KatalonXPathTest
Test ended: KatalonXPathTest [PASSED] null
---------------------------------------------
Starting test for: RelativeXPathTest
Test ended: RelativeXPathTest [PASSED] null
---------------------------------------------
Starting test for: RobulaPlusXPathTest
Test ended: RobulaPlusXPathTest [FAILED] no such element: Unable to locate element: {"method":"xpath" "selector":"//*[3]/*[@class='common-grid']"}
---------------------------------------------
Starting test for: RobulaXPathTest
Test ended: RobulaXPathTest [PASSED] null
---------------------------------------------
Starting test for: SeleniumXPathTest
Test ended: SeleniumXPathTest [PASSED] null
---------------------------------------------

8 out of 20 remaining.
Mutation mutation_LLM_search_component_html_87_LLM_GENERATED_search_component_html applied. Waiting for recompile...
Application recompiled successfully.
Starting test for: AbsoluteXPathTest
Test ended: AbsoluteXPathTest [PASSED] null
---------------------------------------------
Starting test for: KatalonXPathTest
Test ended: KatalonXPathTest [PASSED] null
---------------------------------------------
Starting test for: RelativeXPathTest
Test ended: RelativeXPathTest [PASSED] null
---------------------------------------------
Starting test for: RobulaPlusXPathTest
Test ended: RobulaPlusXPathTest [PASSED] null
---------------------------------------------
Starting test for: RobulaXPathTest
Test ended: RobulaXPathTest [PASSED] null
---------------------------------------------
Starting test for: SeleniumXPathTest
Test ended: SeleniumXPathTest [PASSED] null
---------------------------------------------

7 out of 20 remaining.
Mutation mutation_LLM_search_component_html_97_LLM_GENERATED_search_component_html applied. Waiting for recompile...
Application recompiled successfully.
Starting test for: AbsoluteXPathTest
Test ended: AbsoluteXPathTest [PASSED] null
---------------------------------------------
Starting test for: KatalonXPathTest
Test ended: KatalonXPathTest [PASSED] null
---------------------------------------------
Starting test for: RelativeXPathTest
Test ended: RelativeXPathTest [PASSED] null
---------------------------------------------
Starting test for: RobulaPlusXPathTest
Test ended: RobulaPlusXPathTest [PASSED] null
---------------------------------------------
Starting test for: RobulaXPathTest
Test ended: RobulaXPathTest [PASSED] null
---------------------------------------------
Starting test for: SeleniumXPathTest
Test ended: SeleniumXPathTest [PASSED] null
---------------------------------------------

6 out of 20 remaining.
Mutation mutation_LLM_search_component_html_92_LLM_GENERATED_search_component_html applied. Waiting for recompile...
Application did not recompile.
Skipping test AbsoluteXPathTest: Application did not recompile.
---------------------------------------------
Skipping test KatalonXPathTest: Application did not recompile.
---------------------------------------------
Skipping test RelativeXPathTest: Application did not recompile.
---------------------------------------------
Skipping test RobulaPlusXPathTest: Application did not recompile.
---------------------------------------------
Skipping test RobulaXPathTest: Application did not recompile.
---------------------------------------------
Skipping test SeleniumXPathTest: Application did not recompile.
---------------------------------------------

5 out of 20 remaining.
Mutation mutation_LLM_search_component_html_96_LLM_GENERATED_search_component_html applied. Waiting for recompile...
Application recompiled successfully.
Starting test for: AbsoluteXPathTest
Test ended: AbsoluteXPathTest [PASSED] null
---------------------------------------------
Starting test for: KatalonXPathTest
Test ended: KatalonXPathTest [PASSED] null
---------------------------------------------
Starting test for: RelativeXPathTest
Test ended: RelativeXPathTest [PASSED] null
---------------------------------------------
Starting test for: RobulaPlusXPathTest
Test ended: RobulaPlusXPathTest [FAILED] no such element: Unable to locate element: {"method":"xpath" "selector":"//*[3]/*[@class='common-grid']"}
---------------------------------------------
Starting test for: RobulaXPathTest
Test ended: RobulaXPathTest [PASSED] null
---------------------------------------------
Starting test for: SeleniumXPathTest
Test ended: SeleniumXPathTest [PASSED] null
---------------------------------------------

4 out of 20 remaining.
Mutation mutation_LLM_search_component_html_81_LLM_GENERATED_search_component_html applied. Waiting for recompile...
Application recompiled successfully.
Starting test for: AbsoluteXPathTest
Test ended: AbsoluteXPathTest [PASSED] null
---------------------------------------------
Starting test for: KatalonXPathTest
Test ended: KatalonXPathTest [PASSED] null
---------------------------------------------
Starting test for: RelativeXPathTest
Test ended: RelativeXPathTest [PASSED] null
---------------------------------------------
Starting test for: RobulaPlusXPathTest
Test ended: RobulaPlusXPathTest [PASSED] null
---------------------------------------------
Starting test for: RobulaXPathTest
Test ended: RobulaXPathTest [PASSED] null
---------------------------------------------
Starting test for: SeleniumXPathTest
Test ended: SeleniumXPathTest [PASSED] null
---------------------------------------------

3 out of 20 remaining.
Mutation mutation_LLM_search_component_html_95_LLM_GENERATED_search_component_html applied. Waiting for recompile...
Application recompiled successfully.
Starting test for: AbsoluteXPathTest
Test ended: AbsoluteXPathTest [PASSED] null
---------------------------------------------
Starting test for: KatalonXPathTest
Test ended: KatalonXPathTest [PASSED] null
---------------------------------------------
Starting test for: RelativeXPathTest
Test ended: RelativeXPathTest [PASSED] null
---------------------------------------------
Starting test for: RobulaPlusXPathTest
Test ended: RobulaPlusXPathTest [PASSED] null
---------------------------------------------
Starting test for: RobulaXPathTest
Test ended: RobulaXPathTest [PASSED] null
---------------------------------------------
Starting test for: SeleniumXPathTest
Test ended: SeleniumXPathTest [PASSED] null
---------------------------------------------

2 out of 20 remaining.
Mutation mutation_LLM_search_component_html_98_LLM_GENERATED_search_component_html applied. Waiting for recompile...
Application recompiled successfully.
Starting test for: AbsoluteXPathTest
Test ended: AbsoluteXPathTest [PASSED] null
---------------------------------------------
Starting test for: KatalonXPathTest
Test ended: KatalonXPathTest [PASSED] null
---------------------------------------------
Starting test for: RelativeXPathTest
Test ended: RelativeXPathTest [PASSED] null
---------------------------------------------
Starting test for: RobulaPlusXPathTest
Test ended: RobulaPlusXPathTest [PASSED] null
---------------------------------------------
Starting test for: RobulaXPathTest
Test ended: RobulaXPathTest [PASSED] null
---------------------------------------------
Starting test for: SeleniumXPathTest
Test ended: SeleniumXPathTest [PASSED] null
---------------------------------------------

1 out of 20 remaining.
Mutation mutation_LLM_search_component_html_89_LLM_GENERATED_search_component_html applied. Waiting for recompile...
Application recompiled successfully.
Starting test for: AbsoluteXPathTest
Test ended: AbsoluteXPathTest [PASSED] null
---------------------------------------------
Starting test for: KatalonXPathTest
Test ended: KatalonXPathTest [PASSED] null
---------------------------------------------
Starting test for: RelativeXPathTest
Test ended: RelativeXPathTest [PASSED] null
---------------------------------------------
Starting test for: RobulaPlusXPathTest
Test ended: RobulaPlusXPathTest [PASSED] null
---------------------------------------------
Starting test for: RobulaXPathTest
Test ended: RobulaXPathTest [PASSED] null
---------------------------------------------
Starting test for: SeleniumXPathTest
Test ended: SeleniumXPathTest [PASSED] null
---------------------------------------------
Executed batches:
Name,Id,Locator,Tag,Status,Error
songheadermodified,mutation_LLM_search_component_html_82_LLM_GENERATED_search_component_html,AbsoluteXPathTest,search_component_html,PASSED,null
songheadermodified,mutation_LLM_search_component_html_82_LLM_GENERATED_search_component_html,KatalonXPathTest,search_component_html,PASSED,null
songheadermodified,mutation_LLM_search_component_html_82_LLM_GENERATED_search_component_html,RelativeXPathTest,search_component_html,PASSED,null
songheadermodified,mutation_LLM_search_component_html_82_LLM_GENERATED_search_component_html,RobulaPlusXPathTest,search_component_html,PASSED,null
songheadermodified,mutation_LLM_search_component_html_82_LLM_GENERATED_search_component_html,RobulaXPathTest,search_component_html,PASSED,null
songheadermodified,mutation_LLM_search_component_html_82_LLM_GENERATED_search_component_html,SeleniumXPathTest,search_component_html,PASSED,null
infinitescrollenabledupdate,mutation_LLM_search_component_html_86_LLM_GENERATED_search_component_html,AbsoluteXPathTest,search_component_html,PASSED,null
infinitescrollenabledupdate,mutation_LLM_search_component_html_86_LLM_GENERATED_search_component_html,KatalonXPathTest,search_component_html,PASSED,null
infinitescrollenabledupdate,mutation_LLM_search_component_html_86_LLM_GENERATED_search_component_html,RelativeXPathTest,search_component_html,PASSED,null
infinitescrollenabledupdate,mutation_LLM_search_component_html_86_LLM_GENERATED_search_component_html,RobulaPlusXPathTest,search_component_html,PASSED,null
infinitescrollenabledupdate,mutation_LLM_search_component_html_86_LLM_GENERATED_search_component_html,RobulaXPathTest,search_component_html,PASSED,null
infinitescrollenabledupdate,mutation_LLM_search_component_html_86_LLM_GENERATED_search_component_html,SeleniumXPathTest,search_component_html,PASSED,null
artistsgridupdate,mutation_LLM_search_component_html_9_LLM_GENERATED_search_component_html,AbsoluteXPathTest,search_component_html,PASSED,null
artistsgridupdate,mutation_LLM_search_component_html_9_LLM_GENERATED_search_component_html,KatalonXPathTest,search_component_html,PASSED,null
artistsgridupdate,mutation_LLM_search_component_html_9_LLM_GENERATED_search_component_html,RelativeXPathTest,search_component_html,PASSED,null
artistsgridupdate,mutation_LLM_search_component_html_9_LLM_GENERATED_search_component_html,RobulaPlusXPathTest,search_component_html,FAILED,no such element: Unable to locate element: {"method":"xpath" "selector":"//*[3]/*[@class='common-grid']"}
artistsgridupdate,mutation_LLM_search_component_html_9_LLM_GENERATED_search_component_html,RobulaXPathTest,search_component_html,PASSED,null
artistsgridupdate,mutation_LLM_search_component_html_9_LLM_GENERATED_search_component_html,SeleniumXPathTest,search_component_html,PASSED,null
artistcarddescriptionupdate,mutation_LLM_search_component_html_84_LLM_GENERATED_search_component_html,AbsoluteXPathTest,search_component_html,NOT_APPLICABLE,Application did not recompile.
artistcarddescriptionupdate,mutation_LLM_search_component_html_84_LLM_GENERATED_search_component_html,KatalonXPathTest,search_component_html,NOT_APPLICABLE,Application did not recompile.
artistcarddescriptionupdate,mutation_LLM_search_component_html_84_LLM_GENERATED_search_component_html,RelativeXPathTest,search_component_html,NOT_APPLICABLE,Application did not recompile.
artistcarddescriptionupdate,mutation_LLM_search_component_html_84_LLM_GENERATED_search_component_html,RobulaPlusXPathTest,search_component_html,NOT_APPLICABLE,Application did not recompile.
artistcarddescriptionupdate,mutation_LLM_search_component_html_84_LLM_GENERATED_search_component_html,RobulaXPathTest,search_component_html,NOT_APPLICABLE,Application did not recompile.
artistcarddescriptionupdate,mutation_LLM_search_component_html_84_LLM_GENERATED_search_component_html,SeleniumXPathTest,search_component_html,NOT_APPLICABLE,Application did not recompile.
searchinputcontainerclass,mutation_LLM_search_component_html_88_LLM_GENERATED_search_component_html,AbsoluteXPathTest,search_component_html,PASSED,null
searchinputcontainerclass,mutation_LLM_search_component_html_88_LLM_GENERATED_search_component_html,KatalonXPathTest,search_component_html,PASSED,null
searchinputcontainerclass,mutation_LLM_search_component_html_88_LLM_GENERATED_search_component_html,RelativeXPathTest,search_component_html,PASSED,null
searchinputcontainerclass,mutation_LLM_search_component_html_88_LLM_GENERATED_search_component_html,RobulaPlusXPathTest,search_component_html,PASSED,null
searchinputcontainerclass,mutation_LLM_search_component_html_88_LLM_GENERATED_search_component_html,RobulaXPathTest,search_component_html,PASSED,null
searchinputcontainerclass,mutation_LLM_search_component_html_88_LLM_GENERATED_search_component_html,SeleniumXPathTest,search_component_html,PASSED,null
artistsgriditem,mutation_LLM_search_component_html_90_LLM_GENERATED_search_component_html,AbsoluteXPathTest,search_component_html,PASSED,null
artistsgriditem,mutation_LLM_search_component_html_90_LLM_GENERATED_search_component_html,KatalonXPathTest,search_component_html,PASSED,null
artistsgriditem,mutation_LLM_search_component_html_90_LLM_GENERATED_search_component_html,RelativeXPathTest,search_component_html,PASSED,null
artistsgriditem,mutation_LLM_search_component_html_90_LLM_GENERATED_search_component_html,RobulaPlusXPathTest,search_component_html,FAILED,no such element: Unable to locate element: {"method":"xpath" "selector":"//*[3]/*[@class='common-grid']"}
artistsgriditem,mutation_LLM_search_component_html_90_LLM_GENERATED_search_component_html,RobulaXPathTest,search_component_html,PASSED,null
artistsgriditem,mutation_LLM_search_component_html_90_LLM_GENERATED_search_component_html,SeleniumXPathTest,search_component_html,PASSED,null
artistsgridlayout,mutation_LLM_search_component_html_91_LLM_GENERATED_search_component_html,AbsoluteXPathTest,search_component_html,PASSED,null
artistsgridlayout,mutation_LLM_search_component_html_91_LLM_GENERATED_search_component_html,KatalonXPathTest,search_component_html,PASSED,null
artistsgridlayout,mutation_LLM_search_component_html_91_LLM_GENERATED_search_component_html,RelativeXPathTest,search_component_html,PASSED,null
artistsgridlayout,mutation_LLM_search_component_html_91_LLM_GENERATED_search_component_html,RobulaPlusXPathTest,search_component_html,FAILED,no such element: Unable to locate element: {"method":"xpath" "selector":"//*[3]/*[@class='common-grid']"}
artistsgridlayout,mutation_LLM_search_component_html_91_LLM_GENERATED_search_component_html,RobulaXPathTest,search_component_html,PASSED,null
artistsgridlayout,mutation_LLM_search_component_html_91_LLM_GENERATED_search_component_html,SeleniumXPathTest,search_component_html,FAILED,no such element: Unable to locate element: {"method":"css selector" "selector":".ng-star-inserted:nth-child(3) > .common-grid"}
albumgridupdate,mutation_LLM_search_component_html_85_LLM_GENERATED_search_component_html,AbsoluteXPathTest,search_component_html,PASSED,null
albumgridupdate,mutation_LLM_search_component_html_85_LLM_GENERATED_search_component_html,KatalonXPathTest,search_component_html,PASSED,null
albumgridupdate,mutation_LLM_search_component_html_85_LLM_GENERATED_search_component_html,RelativeXPathTest,search_component_html,PASSED,null
albumgridupdate,mutation_LLM_search_component_html_85_LLM_GENERATED_search_component_html,RobulaPlusXPathTest,search_component_html,PASSED,null
albumgridupdate,mutation_LLM_search_component_html_85_LLM_GENERATED_search_component_html,RobulaXPathTest,search_component_html,PASSED,null
albumgridupdate,mutation_LLM_search_component_html_85_LLM_GENERATED_search_component_html,SeleniumXPathTest,search_component_html,PASSED,null
searchinputcontainerwrap,mutation_LLM_search_component_html_93_LLM_GENERATED_search_component_html,AbsoluteXPathTest,search_component_html,PASSED,null
searchinputcontainerwrap,mutation_LLM_search_component_html_93_LLM_GENERATED_search_component_html,KatalonXPathTest,search_component_html,PASSED,null
searchinputcontainerwrap,mutation_LLM_search_component_html_93_LLM_GENERATED_search_component_html,RelativeXPathTest,search_component_html,PASSED,null
searchinputcontainerwrap,mutation_LLM_search_component_html_93_LLM_GENERATED_search_component_html,RobulaPlusXPathTest,search_component_html,PASSED,null
searchinputcontainerwrap,mutation_LLM_search_component_html_93_LLM_GENERATED_search_component_html,RobulaXPathTest,search_component_html,PASSED,null
searchinputcontainerwrap,mutation_LLM_search_component_html_93_LLM_GENERATED_search_component_html,SeleniumXPathTest,search_component_html,PASSED,null
cardtitle,mutation_LLM_search_component_html_99_LLM_GENERATED_search_component_html,AbsoluteXPathTest,search_component_html,FAILED,java.lang.AssertionError
cardtitle,mutation_LLM_search_component_html_99_LLM_GENERATED_search_component_html,KatalonXPathTest,search_component_html,FAILED,java.lang.AssertionError
cardtitle,mutation_LLM_search_component_html_99_LLM_GENERATED_search_component_html,RelativeXPathTest,search_component_html,FAILED,java.lang.AssertionError
cardtitle,mutation_LLM_search_component_html_99_LLM_GENERATED_search_component_html,RobulaPlusXPathTest,search_component_html,FAILED,java.lang.AssertionError
cardtitle,mutation_LLM_search_component_html_99_LLM_GENERATED_search_component_html,RobulaXPathTest,search_component_html,FAILED,java.lang.AssertionError
cardtitle,mutation_LLM_search_component_html_99_LLM_GENERATED_search_component_html,SeleniumXPathTest,search_component_html,FAILED,java.lang.AssertionError
searchinputcontainerclassupdate,mutation_LLM_search_component_html_83_LLM_GENERATED_search_component_html,AbsoluteXPathTest,search_component_html,PASSED,null
searchinputcontainerclassupdate,mutation_LLM_search_component_html_83_LLM_GENERATED_search_component_html,KatalonXPathTest,search_component_html,PASSED,null
searchinputcontainerclassupdate,mutation_LLM_search_component_html_83_LLM_GENERATED_search_component_html,RelativeXPathTest,search_component_html,PASSED,null
searchinputcontainerclassupdate,mutation_LLM_search_component_html_83_LLM_GENERATED_search_component_html,RobulaPlusXPathTest,search_component_html,PASSED,null
searchinputcontainerclassupdate,mutation_LLM_search_component_html_83_LLM_GENERATED_search_component_html,RobulaXPathTest,search_component_html,PASSED,null
searchinputcontainerclassupdate,mutation_LLM_search_component_html_83_LLM_GENERATED_search_component_html,SeleniumXPathTest,search_component_html,PASSED,null
griditemwrap,mutation_LLM_search_component_html_94_LLM_GENERATED_search_component_html,AbsoluteXPathTest,search_component_html,PASSED,null
griditemwrap,mutation_LLM_search_component_html_94_LLM_GENERATED_search_component_html,KatalonXPathTest,search_component_html,PASSED,null
griditemwrap,mutation_LLM_search_component_html_94_LLM_GENERATED_search_component_html,RelativeXPathTest,search_component_html,PASSED,null
griditemwrap,mutation_LLM_search_component_html_94_LLM_GENERATED_search_component_html,RobulaPlusXPathTest,search_component_html,FAILED,no such element: Unable to locate element: {"method":"xpath" "selector":"//*[3]/*[@class='common-grid']"}
griditemwrap,mutation_LLM_search_component_html_94_LLM_GENERATED_search_component_html,RobulaXPathTest,search_component_html,PASSED,null
griditemwrap,mutation_LLM_search_component_html_94_LLM_GENERATED_search_component_html,SeleniumXPathTest,search_component_html,PASSED,null
playlistcardrouterurlupdate,mutation_LLM_search_component_html_87_LLM_GENERATED_search_component_html,AbsoluteXPathTest,search_component_html,PASSED,null
playlistcardrouterurlupdate,mutation_LLM_search_component_html_87_LLM_GENERATED_search_component_html,KatalonXPathTest,search_component_html,PASSED,null
playlistcardrouterurlupdate,mutation_LLM_search_component_html_87_LLM_GENERATED_search_component_html,RelativeXPathTest,search_component_html,PASSED,null
playlistcardrouterurlupdate,mutation_LLM_search_component_html_87_LLM_GENERATED_search_component_html,RobulaPlusXPathTest,search_component_html,PASSED,null
playlistcardrouterurlupdate,mutation_LLM_search_component_html_87_LLM_GENERATED_search_component_html,RobulaXPathTest,search_component_html,PASSED,null
playlistcardrouterurlupdate,mutation_LLM_search_component_html_87_LLM_GENERATED_search_component_html,SeleniumXPathTest,search_component_html,PASSED,null
infinitescrollenableconditionchange,mutation_LLM_search_component_html_97_LLM_GENERATED_search_component_html,AbsoluteXPathTest,search_component_html,PASSED,null
infinitescrollenableconditionchange,mutation_LLM_search_component_html_97_LLM_GENERATED_search_component_html,KatalonXPathTest,search_component_html,PASSED,null
infinitescrollenableconditionchange,mutation_LLM_search_component_html_97_LLM_GENERATED_search_component_html,RelativeXPathTest,search_component_html,PASSED,null
infinitescrollenableconditionchange,mutation_LLM_search_component_html_97_LLM_GENERATED_search_component_html,RobulaPlusXPathTest,search_component_html,PASSED,null
infinitescrollenableconditionchange,mutation_LLM_search_component_html_97_LLM_GENERATED_search_component_html,RobulaXPathTest,search_component_html,PASSED,null
infinitescrollenableconditionchange,mutation_LLM_search_component_html_97_LLM_GENERATED_search_component_html,SeleniumXPathTest,search_component_html,PASSED,null
albumgriditemsize,mutation_LLM_search_component_html_92_LLM_GENERATED_search_component_html,AbsoluteXPathTest,search_component_html,NOT_APPLICABLE,Application did not recompile.
albumgriditemsize,mutation_LLM_search_component_html_92_LLM_GENERATED_search_component_html,KatalonXPathTest,search_component_html,NOT_APPLICABLE,Application did not recompile.
albumgriditemsize,mutation_LLM_search_component_html_92_LLM_GENERATED_search_component_html,RelativeXPathTest,search_component_html,NOT_APPLICABLE,Application did not recompile.
albumgriditemsize,mutation_LLM_search_component_html_92_LLM_GENERATED_search_component_html,RobulaPlusXPathTest,search_component_html,NOT_APPLICABLE,Application did not recompile.
albumgriditemsize,mutation_LLM_search_component_html_92_LLM_GENERATED_search_component_html,RobulaXPathTest,search_component_html,NOT_APPLICABLE,Application did not recompile.
albumgriditemsize,mutation_LLM_search_component_html_92_LLM_GENERATED_search_component_html,SeleniumXPathTest,search_component_html,NOT_APPLICABLE,Application did not recompile.
artistsgridwrap,mutation_LLM_search_component_html_96_LLM_GENERATED_search_component_html,AbsoluteXPathTest,search_component_html,PASSED,null
artistsgridwrap,mutation_LLM_search_component_html_96_LLM_GENERATED_search_component_html,KatalonXPathTest,search_component_html,PASSED,null
artistsgridwrap,mutation_LLM_search_component_html_96_LLM_GENERATED_search_component_html,RelativeXPathTest,search_component_html,PASSED,null
artistsgridwrap,mutation_LLM_search_component_html_96_LLM_GENERATED_search_component_html,RobulaPlusXPathTest,search_component_html,FAILED,no such element: Unable to locate element: {"method":"xpath" "selector":"//*[3]/*[@class='common-grid']"}
artistsgridwrap,mutation_LLM_search_component_html_96_LLM_GENERATED_search_component_html,RobulaXPathTest,search_component_html,PASSED,null
artistsgridwrap,mutation_LLM_search_component_html_96_LLM_GENERATED_search_component_html,SeleniumXPathTest,search_component_html,PASSED,null
albumdescriptionadded,mutation_LLM_search_component_html_81_LLM_GENERATED_search_component_html,AbsoluteXPathTest,search_component_html,PASSED,null
albumdescriptionadded,mutation_LLM_search_component_html_81_LLM_GENERATED_search_component_html,KatalonXPathTest,search_component_html,PASSED,null
albumdescriptionadded,mutation_LLM_search_component_html_81_LLM_GENERATED_search_component_html,RelativeXPathTest,search_component_html,PASSED,null
albumdescriptionadded,mutation_LLM_search_component_html_81_LLM_GENERATED_search_component_html,RobulaPlusXPathTest,search_component_html,PASSED,null
albumdescriptionadded,mutation_LLM_search_component_html_81_LLM_GENERATED_search_component_html,RobulaXPathTest,search_component_html,PASSED,null
albumdescriptionadded,mutation_LLM_search_component_html_81_LLM_GENERATED_search_component_html,SeleniumXPathTest,search_component_html,PASSED,null
trackstableheader,mutation_LLM_search_component_html_95_LLM_GENERATED_search_component_html,AbsoluteXPathTest,search_component_html,PASSED,null
trackstableheader,mutation_LLM_search_component_html_95_LLM_GENERATED_search_component_html,KatalonXPathTest,search_component_html,PASSED,null
trackstableheader,mutation_LLM_search_component_html_95_LLM_GENERATED_search_component_html,RelativeXPathTest,search_component_html,PASSED,null
trackstableheader,mutation_LLM_search_component_html_95_LLM_GENERATED_search_component_html,RobulaPlusXPathTest,search_component_html,PASSED,null
trackstableheader,mutation_LLM_search_component_html_95_LLM_GENERATED_search_component_html,RobulaXPathTest,search_component_html,PASSED,null
trackstableheader,mutation_LLM_search_component_html_95_LLM_GENERATED_search_component_html,SeleniumXPathTest,search_component_html,PASSED,null
gridspacing,mutation_LLM_search_component_html_98_LLM_GENERATED_search_component_html,AbsoluteXPathTest,search_component_html,PASSED,null
gridspacing,mutation_LLM_search_component_html_98_LLM_GENERATED_search_component_html,KatalonXPathTest,search_component_html,PASSED,null
gridspacing,mutation_LLM_search_component_html_98_LLM_GENERATED_search_component_html,RelativeXPathTest,search_component_html,PASSED,null
gridspacing,mutation_LLM_search_component_html_98_LLM_GENERATED_search_component_html,RobulaPlusXPathTest,search_component_html,PASSED,null
gridspacing,mutation_LLM_search_component_html_98_LLM_GENERATED_search_component_html,RobulaXPathTest,search_component_html,PASSED,null
gridspacing,mutation_LLM_search_component_html_98_LLM_GENERATED_search_component_html,SeleniumXPathTest,search_component_html,PASSED,null
albumtracksgrid,mutation_LLM_search_component_html_89_LLM_GENERATED_search_component_html,AbsoluteXPathTest,search_component_html,PASSED,null
albumtracksgrid,mutation_LLM_search_component_html_89_LLM_GENERATED_search_component_html,KatalonXPathTest,search_component_html,PASSED,null
albumtracksgrid,mutation_LLM_search_component_html_89_LLM_GENERATED_search_component_html,RelativeXPathTest,search_component_html,PASSED,null
albumtracksgrid,mutation_LLM_search_component_html_89_LLM_GENERATED_search_component_html,RobulaPlusXPathTest,search_component_html,PASSED,null
albumtracksgrid,mutation_LLM_search_component_html_89_LLM_GENERATED_search_component_html,RobulaXPathTest,search_component_html,PASSED,null
albumtracksgrid,mutation_LLM_search_component_html_89_LLM_GENERATED_search_component_html,SeleniumXPathTest,search_component_html,PASSED,null


Test results:
Locator,Total,Success,Fragility,Obsolescence,Not Compiled
RelativeXPathTest,20,17,0,1,2
AbsoluteXPathTest,20,17,0,1,2
RobulaXPathTest,20,17,0,1,2
KatalonXPathTest,20,17,0,1,2
SeleniumXPathTest,20,16,1,1,2
RobulaPlusXPathTest,20,12,5,1,2

File saved: output\tests\batches.csv
File saved: output\tests\stats.csv

Tests completed.
Execution time: 462 seconds.
