SLF4J: Failed to load class "org.slf4j.impl.StaticLoggerBinder".
SLF4J: Defaulting to no-operation (NOP) logger implementation
SLF4J: See http://www.slf4j.org/codes.html#StaticLoggerBinder for further details.
WARNING: A restricted method in java.lang.System has been called
WARNING: java.lang.System::load has been called by org.sqlite.SQLiteJDBCLoader in an unnamed module (file:/C:/Users/vince/OneDrive/Desktop/Tirocinio/progetto/Automatic-Angular-E2E-Testing-Suite/mutation-tester/target/mutation-tester-1.0.0-jar-with-dependencies.jar)
WARNING: Use --enable-native-access=ALL-UNNAMED to avoid a warning for callers in this module
WARNING: Restricted methods will be blocked in a future release unless native access is enabled

Loaded class: AbsoluteXPathTest
Loaded abstract class: BaseTest
Loaded class: KatalonXPathTest
Loaded class: RelativeXPathTest
Loaded class: RobulaPlusXPathTest
Loaded class: RobulaXPathTest
Loaded class: SeleniumXPathTest
Loaded factory class: WebDriverFactory
Found 6 classes to execute.
Found 20 mutations to apply.
Starting TypeScript application (npm start)...
TypeScript application started.

20 out of 20 remaining.
Mutation mutation_LLM_search_component_html_10_LLM_GENERATED_search_component_html applied. Waiting for recompile...
Application recompiled successfully.
Starting test for: AbsoluteXPathTest
Jun 15, 2026 5:46:49 PM org.openqa.selenium.devtools.CdpVersionFinder findNearestMatch
AVVERTENZA: Unable to find CDP implementation matching 149
Jun 15, 2026 5:46:49 PM org.openqa.selenium.chromium.ChromiumDriver lambda$new$5
AVVERTENZA: Unable to find version of CDP to use for 149.0.7827.104. You may need to include a dependency on a specific version of the CDP using something similar to `org.seleniumhq.selenium:selenium-devtools-v86:4.27.0` where the version ("v86") matches the version of the chromium-based browser you're using and the version number of the artifact is the same as Selenium's.
[WebDriverFactory] DevTools/sentry-block saltato: You are using a no-op implementation of the CDP. The most likely reason for this is that Selenium was unable to find an implementation of the CDP protocol that matches your browser. Please be sure to include an implementation on the classpath, possibly by adding a new (maven) dependency of `org.seleniumhq.selenium:selenium-devtools-vNN:4.27.0` where `NN` matches the major version of the browser you're using.
Build info: version: '4.27.0', revision: 'd6e718d134'
System info: os.name: 'Windows 11', os.arch: 'amd64', os.version: '10.0', java.version: '25.0.2'
Driver info: DevTools Connection
Test ended: AbsoluteXPathTest [PASSED] null
---------------------------------------------
Starting test for: KatalonXPathTest
Test ended: KatalonXPathTest [PASSED] null
---------------------------------------------
Starting test for: RelativeXPathTest
Test ended: RelativeXPathTest [PASSED] null
---------------------------------------------
Starting test for: RobulaPlusXPathTest
Test ended: RobulaPlusXPathTest [PASSED] null
---------------------------------------------
Starting test for: RobulaXPathTest
Test ended: RobulaXPathTest [PASSED] null
---------------------------------------------
Starting test for: SeleniumXPathTest
Test ended: SeleniumXPathTest [PASSED] null
---------------------------------------------

19 out of 20 remaining.
Mutation mutation_LLM_search_component_html_14_LLM_GENERATED_search_component_html applied. Waiting for recompile...
Application recompiled successfully.
Starting test for: AbsoluteXPathTest
Test ended: AbsoluteXPathTest [PASSED] null
---------------------------------------------
Starting test for: KatalonXPathTest
Test ended: KatalonXPathTest [PASSED] null
---------------------------------------------
Starting test for: RelativeXPathTest
Test ended: RelativeXPathTest [PASSED] null
---------------------------------------------
Starting test for: RobulaPlusXPathTest
Test ended: RobulaPlusXPathTest [FAILED] no such element: Unable to locate element: {"method":"xpath" "selector":"//*[3]/*[@class='common-grid']"}
---------------------------------------------
Starting test for: RobulaXPathTest
Test ended: RobulaXPathTest [PASSED] null
---------------------------------------------
Starting test for: SeleniumXPathTest
Test ended: SeleniumXPathTest [PASSED] null
---------------------------------------------

18 out of 20 remaining.
Mutation mutation_LLM_search_component_html_1_LLM_GENERATED_search_component_html applied. Waiting for recompile...
Application recompiled successfully.
Starting test for: AbsoluteXPathTest
Test ended: AbsoluteXPathTest [PASSED] null
---------------------------------------------
Starting test for: KatalonXPathTest
Test ended: KatalonXPathTest [PASSED] null
---------------------------------------------
Starting test for: RelativeXPathTest
Test ended: RelativeXPathTest [PASSED] null
---------------------------------------------
Starting test for: RobulaPlusXPathTest
Test ended: RobulaPlusXPathTest [PASSED] null
---------------------------------------------
Starting test for: RobulaXPathTest
Test ended: RobulaXPathTest [PASSED] null
---------------------------------------------
Starting test for: SeleniumXPathTest
Test ended: SeleniumXPathTest [PASSED] null
---------------------------------------------

17 out of 20 remaining.
Mutation mutation_LLM_search_component_html_12_LLM_GENERATED_search_component_html applied. Waiting for recompile...
Application recompiled successfully.
Starting test for: AbsoluteXPathTest
Test ended: AbsoluteXPathTest [PASSED] null
---------------------------------------------
Starting test for: KatalonXPathTest
Test ended: KatalonXPathTest [PASSED] null
---------------------------------------------
Starting test for: RelativeXPathTest
Test ended: RelativeXPathTest [PASSED] null
---------------------------------------------
Starting test for: RobulaPlusXPathTest
Test ended: RobulaPlusXPathTest [PASSED] null
---------------------------------------------
Starting test for: RobulaXPathTest
Test ended: RobulaXPathTest [PASSED] null
---------------------------------------------
Starting test for: SeleniumXPathTest
Test ended: SeleniumXPathTest [PASSED] null
---------------------------------------------

16 out of 20 remaining.
Mutation mutation_LLM_search_component_html_16_LLM_GENERATED_search_component_html applied. Waiting for recompile...
Application recompiled successfully.
Starting test for: AbsoluteXPathTest
Test ended: AbsoluteXPathTest [PASSED] null
---------------------------------------------
Starting test for: KatalonXPathTest
Test ended: KatalonXPathTest [PASSED] null
---------------------------------------------
Starting test for: RelativeXPathTest
Test ended: RelativeXPathTest [PASSED] null
---------------------------------------------
Starting test for: RobulaPlusXPathTest
Test ended: RobulaPlusXPathTest [PASSED] null
---------------------------------------------
Starting test for: RobulaXPathTest
Test ended: RobulaXPathTest [PASSED] null
---------------------------------------------
Starting test for: SeleniumXPathTest
Test ended: SeleniumXPathTest [PASSED] null
---------------------------------------------

15 out of 20 remaining.
Mutation mutation_LLM_search_component_html_18_LLM_GENERATED_search_component_html applied. Waiting for recompile...
Application recompiled successfully.
Starting test for: AbsoluteXPathTest
Test ended: AbsoluteXPathTest [PASSED] null
---------------------------------------------
Starting test for: KatalonXPathTest
Test ended: KatalonXPathTest [PASSED] null
---------------------------------------------
Starting test for: RelativeXPathTest
Test ended: RelativeXPathTest [PASSED] null
---------------------------------------------
Starting test for: RobulaPlusXPathTest
Test ended: RobulaPlusXPathTest [PASSED] null
---------------------------------------------
Starting test for: RobulaXPathTest
Test ended: RobulaXPathTest [PASSED] null
---------------------------------------------
Starting test for: SeleniumXPathTest
Test ended: SeleniumXPathTest [PASSED] null
---------------------------------------------

14 out of 20 remaining.
Mutation mutation_LLM_search_component_html_19_LLM_GENERATED_search_component_html applied. Waiting for recompile...
Application recompiled successfully.
Starting test for: AbsoluteXPathTest
Test ended: AbsoluteXPathTest [PASSED] null
---------------------------------------------
Starting test for: KatalonXPathTest
Test ended: KatalonXPathTest [PASSED] null
---------------------------------------------
Starting test for: RelativeXPathTest
Test ended: RelativeXPathTest [PASSED] null
---------------------------------------------
Starting test for: RobulaPlusXPathTest
Test ended: RobulaPlusXPathTest [PASSED] null
---------------------------------------------
Starting test for: RobulaXPathTest
Test ended: RobulaXPathTest [PASSED] null
---------------------------------------------
Starting test for: SeleniumXPathTest
Test ended: SeleniumXPathTest [PASSED] null
---------------------------------------------

13 out of 20 remaining.
Mutation mutation_LLM_search_component_html_13_LLM_GENERATED_search_component_html applied. Waiting for recompile...
Application recompiled successfully.
Starting test for: AbsoluteXPathTest
Test ended: AbsoluteXPathTest [FAILED] Expected condition failed: waiting for visibility of element located by By.xpath: /html/body/angular-spotify-root/as-layout/as-main-view/div[2]/as-search/div/div[1]/as-input/div/input (tried for 5 second(s) with 500 milliseconds interval)
---------------------------------------------
Starting test for: KatalonXPathTest
Test ended: KatalonXPathTest [PASSED] null
---------------------------------------------
Starting test for: RelativeXPathTest
Test ended: RelativeXPathTest [PASSED] null
---------------------------------------------
Starting test for: RobulaPlusXPathTest
Test ended: RobulaPlusXPathTest [PASSED] null
---------------------------------------------
Starting test for: RobulaXPathTest
Test ended: RobulaXPathTest [PASSED] null
---------------------------------------------
Starting test for: SeleniumXPathTest
Test ended: SeleniumXPathTest [PASSED] null
---------------------------------------------

12 out of 20 remaining.
Mutation mutation_LLM_search_component_html_21_LLM_GENERATED_search_component_html applied. Waiting for recompile...
Application recompiled successfully.
Starting test for: AbsoluteXPathTest
Test ended: AbsoluteXPathTest [PASSED] null
---------------------------------------------
Starting test for: KatalonXPathTest
Test ended: KatalonXPathTest [PASSED] null
---------------------------------------------
Starting test for: RelativeXPathTest
Test ended: RelativeXPathTest [PASSED] null
---------------------------------------------
Starting test for: RobulaPlusXPathTest
Test ended: RobulaPlusXPathTest [PASSED] null
---------------------------------------------
Starting test for: RobulaXPathTest
Test ended: RobulaXPathTest [PASSED] null
---------------------------------------------
Starting test for: SeleniumXPathTest
Test ended: SeleniumXPathTest [PASSED] null
---------------------------------------------

11 out of 20 remaining.
Mutation mutation_LLM_search_component_html_100_LLM_GENERATED_search_component_html applied. Waiting for recompile...
Application recompiled successfully.
Starting test for: AbsoluteXPathTest
Test ended: AbsoluteXPathTest [PASSED] null
---------------------------------------------
Starting test for: KatalonXPathTest
Test ended: KatalonXPathTest [PASSED] null
---------------------------------------------
Starting test for: RelativeXPathTest
Test ended: RelativeXPathTest [PASSED] null
---------------------------------------------
Starting test for: RobulaPlusXPathTest
Test ended: RobulaPlusXPathTest [PASSED] null
---------------------------------------------
Starting test for: RobulaXPathTest
Test ended: RobulaXPathTest [PASSED] null
---------------------------------------------
Starting test for: SeleniumXPathTest
Test ended: SeleniumXPathTest [PASSED] null
---------------------------------------------

10 out of 20 remaining.
Mutation mutation_LLM_search_component_html_11_LLM_GENERATED_search_component_html applied. Waiting for recompile...
Application recompiled successfully.
Starting test for: AbsoluteXPathTest
Test ended: AbsoluteXPathTest [PASSED] null
---------------------------------------------
Starting test for: KatalonXPathTest
Test ended: KatalonXPathTest [PASSED] null
---------------------------------------------
Starting test for: RelativeXPathTest
Test ended: RelativeXPathTest [PASSED] null
---------------------------------------------
Starting test for: RobulaPlusXPathTest
Test ended: RobulaPlusXPathTest [PASSED] null
---------------------------------------------
Starting test for: RobulaXPathTest
Test ended: RobulaXPathTest [PASSED] null
---------------------------------------------
Starting test for: SeleniumXPathTest
Test ended: SeleniumXPathTest [PASSED] null
---------------------------------------------

9 out of 20 remaining.
Mutation mutation_LLM_search_component_html_22_LLM_GENERATED_search_component_html applied. Waiting for recompile...
Application recompiled successfully.
Starting test for: AbsoluteXPathTest
Test ended: AbsoluteXPathTest [PASSED] null
---------------------------------------------
Starting test for: KatalonXPathTest
Test ended: KatalonXPathTest [PASSED] null
---------------------------------------------
Starting test for: RelativeXPathTest
Test ended: RelativeXPathTest [PASSED] null
---------------------------------------------
Starting test for: RobulaPlusXPathTest
Test ended: RobulaPlusXPathTest [PASSED] null
---------------------------------------------
Starting test for: RobulaXPathTest
Test ended: RobulaXPathTest [PASSED] null
---------------------------------------------
Starting test for: SeleniumXPathTest
Test ended: SeleniumXPathTest [PASSED] null
---------------------------------------------

8 out of 20 remaining.
Mutation mutation_LLM_search_component_html_15_LLM_GENERATED_search_component_html applied. Waiting for recompile...
Application recompiled successfully.
Starting test for: AbsoluteXPathTest
Test ended: AbsoluteXPathTest [PASSED] null
---------------------------------------------
Starting test for: KatalonXPathTest
Test ended: KatalonXPathTest [PASSED] null
---------------------------------------------
Starting test for: RelativeXPathTest
Test ended: RelativeXPathTest [PASSED] null
---------------------------------------------
Starting test for: RobulaPlusXPathTest
Test ended: RobulaPlusXPathTest [PASSED] null
---------------------------------------------
Starting test for: RobulaXPathTest
Test ended: RobulaXPathTest [PASSED] null
---------------------------------------------
Starting test for: SeleniumXPathTest
Test ended: SeleniumXPathTest [PASSED] null
---------------------------------------------

7 out of 20 remaining.
Mutation mutation_LLM_search_component_html_25_LLM_GENERATED_search_component_html applied. Waiting for recompile...
Application recompiled successfully.
Starting test for: AbsoluteXPathTest
Test ended: AbsoluteXPathTest [PASSED] null
---------------------------------------------
Starting test for: KatalonXPathTest
Test ended: KatalonXPathTest [PASSED] null
---------------------------------------------
Starting test for: RelativeXPathTest
Test ended: RelativeXPathTest [PASSED] null
---------------------------------------------
Starting test for: RobulaPlusXPathTest
Test ended: RobulaPlusXPathTest [PASSED] null
---------------------------------------------
Starting test for: RobulaXPathTest
Test ended: RobulaXPathTest [PASSED] null
---------------------------------------------
Starting test for: SeleniumXPathTest
Test ended: SeleniumXPathTest [PASSED] null
---------------------------------------------

6 out of 20 remaining.
Mutation mutation_LLM_search_component_html_20_LLM_GENERATED_search_component_html applied. Waiting for recompile...
Application recompiled successfully.
Starting test for: AbsoluteXPathTest
Test ended: AbsoluteXPathTest [PASSED] null
---------------------------------------------
Starting test for: KatalonXPathTest
Test ended: KatalonXPathTest [PASSED] null
---------------------------------------------
Starting test for: RelativeXPathTest
Test ended: RelativeXPathTest [PASSED] null
---------------------------------------------
Starting test for: RobulaPlusXPathTest
Test ended: RobulaPlusXPathTest [PASSED] null
---------------------------------------------
Starting test for: RobulaXPathTest
Test ended: RobulaXPathTest [PASSED] null
---------------------------------------------
Starting test for: SeleniumXPathTest
Test ended: SeleniumXPathTest [PASSED] null
---------------------------------------------

5 out of 20 remaining.
Mutation mutation_LLM_search_component_html_24_LLM_GENERATED_search_component_html applied. Waiting for recompile...
Application recompiled successfully.
Starting test for: AbsoluteXPathTest
Test ended: AbsoluteXPathTest [PASSED] null
---------------------------------------------
Starting test for: KatalonXPathTest
Test ended: KatalonXPathTest [PASSED] null
---------------------------------------------
Starting test for: RelativeXPathTest
Test ended: RelativeXPathTest [FAILED] Expected condition failed: waiting for visibility of element located by By.xpath: //input[@placeholder='Artists  songs  albums  or playlists'] (tried for 5 second(s) with 500 milliseconds interval)
---------------------------------------------
Starting test for: RobulaPlusXPathTest
Test ended: RobulaPlusXPathTest [PASSED] null
---------------------------------------------
Starting test for: RobulaXPathTest
Test ended: RobulaXPathTest [PASSED] null
---------------------------------------------
Starting test for: SeleniumXPathTest
Test ended: SeleniumXPathTest [PASSED] null
---------------------------------------------

4 out of 20 remaining.
Mutation mutation_LLM_search_component_html_2_LLM_GENERATED_search_component_html applied. Waiting for recompile...
Application recompiled successfully.
Starting test for: AbsoluteXPathTest
Test ended: AbsoluteXPathTest [PASSED] null
---------------------------------------------
Starting test for: KatalonXPathTest
Test ended: KatalonXPathTest [PASSED] null
---------------------------------------------
Starting test for: RelativeXPathTest
Test ended: RelativeXPathTest [PASSED] null
---------------------------------------------
Starting test for: RobulaPlusXPathTest
Test ended: RobulaPlusXPathTest [PASSED] null
---------------------------------------------
Starting test for: RobulaXPathTest
Test ended: RobulaXPathTest [PASSED] null
---------------------------------------------
Starting test for: SeleniumXPathTest
Test ended: SeleniumXPathTest [PASSED] null
---------------------------------------------

3 out of 20 remaining.
Mutation mutation_LLM_search_component_html_23_LLM_GENERATED_search_component_html applied. Waiting for recompile...
Application recompiled successfully.
Starting test for: AbsoluteXPathTest
Test ended: AbsoluteXPathTest [PASSED] null
---------------------------------------------
Starting test for: KatalonXPathTest
Test ended: KatalonXPathTest [PASSED] null
---------------------------------------------
Starting test for: RelativeXPathTest
Test ended: RelativeXPathTest [PASSED] null
---------------------------------------------
Starting test for: RobulaPlusXPathTest
Test ended: RobulaPlusXPathTest [PASSED] null
---------------------------------------------
Starting test for: RobulaXPathTest
Test ended: RobulaXPathTest [PASSED] null
---------------------------------------------
Starting test for: SeleniumXPathTest
Test ended: SeleniumXPathTest [PASSED] null
---------------------------------------------

2 out of 20 remaining.
Mutation mutation_LLM_search_component_html_26_LLM_GENERATED_search_component_html applied. Waiting for recompile...
Application recompiled successfully.
Starting test for: AbsoluteXPathTest
Test ended: AbsoluteXPathTest [PASSED] null
---------------------------------------------
Starting test for: KatalonXPathTest
Test ended: KatalonXPathTest [PASSED] null
---------------------------------------------
Starting test for: RelativeXPathTest
Test ended: RelativeXPathTest [PASSED] null
---------------------------------------------
Starting test for: RobulaPlusXPathTest
Test ended: RobulaPlusXPathTest [PASSED] null
---------------------------------------------
Starting test for: RobulaXPathTest
Test ended: RobulaXPathTest [PASSED] null
---------------------------------------------
Starting test for: SeleniumXPathTest
Test ended: SeleniumXPathTest [PASSED] null
---------------------------------------------

1 out of 20 remaining.
Mutation mutation_LLM_search_component_html_17_LLM_GENERATED_search_component_html applied. Waiting for recompile...
Application recompiled successfully.
Starting test for: AbsoluteXPathTest
Test ended: AbsoluteXPathTest [PASSED] null
---------------------------------------------
Starting test for: KatalonXPathTest
Test ended: KatalonXPathTest [PASSED] null
---------------------------------------------
Starting test for: RelativeXPathTest
Test ended: RelativeXPathTest [PASSED] null
---------------------------------------------
Starting test for: RobulaPlusXPathTest
Test ended: RobulaPlusXPathTest [PASSED] null
---------------------------------------------
Starting test for: RobulaXPathTest
Test ended: RobulaXPathTest [PASSED] null
---------------------------------------------
Starting test for: SeleniumXPathTest
Test ended: SeleniumXPathTest [PASSED] null
---------------------------------------------
Executed batches:
Name,Id,Locator,Tag,Status,Error
albumcardupdate,mutation_LLM_search_component_html_10_LLM_GENERATED_search_component_html,AbsoluteXPathTest,search_component_html,PASSED,null
albumcardupdate,mutation_LLM_search_component_html_10_LLM_GENERATED_search_component_html,KatalonXPathTest,search_component_html,PASSED,null
albumcardupdate,mutation_LLM_search_component_html_10_LLM_GENERATED_search_component_html,RelativeXPathTest,search_component_html,PASSED,null
albumcardupdate,mutation_LLM_search_component_html_10_LLM_GENERATED_search_component_html,RobulaPlusXPathTest,search_component_html,PASSED,null
albumcardupdate,mutation_LLM_search_component_html_10_LLM_GENERATED_search_component_html,RobulaXPathTest,search_component_html,PASSED,null
albumcardupdate,mutation_LLM_search_component_html_10_LLM_GENERATED_search_component_html,SeleniumXPathTest,search_component_html,PASSED,null
added-class-to-artists-grid,mutation_LLM_search_component_html_14_LLM_GENERATED_search_component_html,AbsoluteXPathTest,search_component_html,PASSED,null
added-class-to-artists-grid,mutation_LLM_search_component_html_14_LLM_GENERATED_search_component_html,KatalonXPathTest,search_component_html,PASSED,null
added-class-to-artists-grid,mutation_LLM_search_component_html_14_LLM_GENERATED_search_component_html,RelativeXPathTest,search_component_html,PASSED,null
added-class-to-artists-grid,mutation_LLM_search_component_html_14_LLM_GENERATED_search_component_html,RobulaPlusXPathTest,search_component_html,FAILED,no such element: Unable to locate element: {"method":"xpath" "selector":"//*[3]/*[@class='common-grid']"}
added-class-to-artists-grid,mutation_LLM_search_component_html_14_LLM_GENERATED_search_component_html,RobulaXPathTest,search_component_html,PASSED,null
added-class-to-artists-grid,mutation_LLM_search_component_html_14_LLM_GENERATED_search_component_html,SeleniumXPathTest,search_component_html,PASSED,null
searchinputcontainer,mutation_LLM_search_component_html_1_LLM_GENERATED_search_component_html,AbsoluteXPathTest,search_component_html,PASSED,null
searchinputcontainer,mutation_LLM_search_component_html_1_LLM_GENERATED_search_component_html,KatalonXPathTest,search_component_html,PASSED,null
searchinputcontainer,mutation_LLM_search_component_html_1_LLM_GENERATED_search_component_html,RelativeXPathTest,search_component_html,PASSED,null
searchinputcontainer,mutation_LLM_search_component_html_1_LLM_GENERATED_search_component_html,RobulaPlusXPathTest,search_component_html,PASSED,null
searchinputcontainer,mutation_LLM_search_component_html_1_LLM_GENERATED_search_component_html,RobulaXPathTest,search_component_html,PASSED,null
searchinputcontainer,mutation_LLM_search_component_html_1_LLM_GENERATED_search_component_html,SeleniumXPathTest,search_component_html,PASSED,null
tracksheaderupdate,mutation_LLM_search_component_html_12_LLM_GENERATED_search_component_html,AbsoluteXPathTest,search_component_html,PASSED,null
tracksheaderupdate,mutation_LLM_search_component_html_12_LLM_GENERATED_search_component_html,KatalonXPathTest,search_component_html,PASSED,null
tracksheaderupdate,mutation_LLM_search_component_html_12_LLM_GENERATED_search_component_html,RelativeXPathTest,search_component_html,PASSED,null
tracksheaderupdate,mutation_LLM_search_component_html_12_LLM_GENERATED_search_component_html,RobulaPlusXPathTest,search_component_html,PASSED,null
tracksheaderupdate,mutation_LLM_search_component_html_12_LLM_GENERATED_search_component_html,RobulaXPathTest,search_component_html,PASSED,null
tracksheaderupdate,mutation_LLM_search_component_html_12_LLM_GENERATED_search_component_html,SeleniumXPathTest,search_component_html,PASSED,null
searchinputrearrange,mutation_LLM_search_component_html_16_LLM_GENERATED_search_component_html,AbsoluteXPathTest,search_component_html,PASSED,null
searchinputrearrange,mutation_LLM_search_component_html_16_LLM_GENERATED_search_component_html,KatalonXPathTest,search_component_html,PASSED,null
searchinputrearrange,mutation_LLM_search_component_html_16_LLM_GENERATED_search_component_html,RelativeXPathTest,search_component_html,PASSED,null
searchinputrearrange,mutation_LLM_search_component_html_16_LLM_GENERATED_search_component_html,RobulaPlusXPathTest,search_component_html,PASSED,null
searchinputrearrange,mutation_LLM_search_component_html_16_LLM_GENERATED_search_component_html,RobulaXPathTest,search_component_html,PASSED,null
searchinputrearrange,mutation_LLM_search_component_html_16_LLM_GENERATED_search_component_html,SeleniumXPathTest,search_component_html,PASSED,null
albumheaderstyling,mutation_LLM_search_component_html_18_LLM_GENERATED_search_component_html,AbsoluteXPathTest,search_component_html,PASSED,null
albumheaderstyling,mutation_LLM_search_component_html_18_LLM_GENERATED_search_component_html,KatalonXPathTest,search_component_html,PASSED,null
albumheaderstyling,mutation_LLM_search_component_html_18_LLM_GENERATED_search_component_html,RelativeXPathTest,search_component_html,PASSED,null
albumheaderstyling,mutation_LLM_search_component_html_18_LLM_GENERATED_search_component_html,RobulaPlusXPathTest,search_component_html,PASSED,null
albumheaderstyling,mutation_LLM_search_component_html_18_LLM_GENERATED_search_component_html,RobulaXPathTest,search_component_html,PASSED,null
albumheaderstyling,mutation_LLM_search_component_html_18_LLM_GENERATED_search_component_html,SeleniumXPathTest,search_component_html,PASSED,null
playlistimagerearrange,mutation_LLM_search_component_html_19_LLM_GENERATED_search_component_html,AbsoluteXPathTest,search_component_html,PASSED,null
playlistimagerearrange,mutation_LLM_search_component_html_19_LLM_GENERATED_search_component_html,KatalonXPathTest,search_component_html,PASSED,null
playlistimagerearrange,mutation_LLM_search_component_html_19_LLM_GENERATED_search_component_html,RelativeXPathTest,search_component_html,PASSED,null
playlistimagerearrange,mutation_LLM_search_component_html_19_LLM_GENERATED_search_component_html,RobulaPlusXPathTest,search_component_html,PASSED,null
playlistimagerearrange,mutation_LLM_search_component_html_19_LLM_GENERATED_search_component_html,RobulaXPathTest,search_component_html,PASSED,null
playlistimagerearrange,mutation_LLM_search_component_html_19_LLM_GENERATED_search_component_html,SeleniumXPathTest,search_component_html,PASSED,null
moved-search-input,mutation_LLM_search_component_html_13_LLM_GENERATED_search_component_html,AbsoluteXPathTest,search_component_html,FAILED,Expected condition failed: waiting for visibility of element located by By.xpath: /html/body/angular-spotify-root/as-layout/as-main-view/div[2]/as-search/div/div[1]/as-input/div/input (tried for 5 second(s) with 500 milliseconds interval)
moved-search-input,mutation_LLM_search_component_html_13_LLM_GENERATED_search_component_html,KatalonXPathTest,search_component_html,PASSED,null
moved-search-input,mutation_LLM_search_component_html_13_LLM_GENERATED_search_component_html,RelativeXPathTest,search_component_html,PASSED,null
moved-search-input,mutation_LLM_search_component_html_13_LLM_GENERATED_search_component_html,RobulaPlusXPathTest,search_component_html,PASSED,null
moved-search-input,mutation_LLM_search_component_html_13_LLM_GENERATED_search_component_html,RobulaXPathTest,search_component_html,PASSED,null
moved-search-input,mutation_LLM_search_component_html_13_LLM_GENERATED_search_component_html,SeleniumXPathTest,search_component_html,PASSED,null
searchinputcontainerclass,mutation_LLM_search_component_html_21_LLM_GENERATED_search_component_html,AbsoluteXPathTest,search_component_html,PASSED,null
searchinputcontainerclass,mutation_LLM_search_component_html_21_LLM_GENERATED_search_component_html,KatalonXPathTest,search_component_html,PASSED,null
searchinputcontainerclass,mutation_LLM_search_component_html_21_LLM_GENERATED_search_component_html,RelativeXPathTest,search_component_html,PASSED,null
searchinputcontainerclass,mutation_LLM_search_component_html_21_LLM_GENERATED_search_component_html,RobulaPlusXPathTest,search_component_html,PASSED,null
searchinputcontainerclass,mutation_LLM_search_component_html_21_LLM_GENERATED_search_component_html,RobulaXPathTest,search_component_html,PASSED,null
searchinputcontainerclass,mutation_LLM_search_component_html_21_LLM_GENERATED_search_component_html,SeleniumXPathTest,search_component_html,PASSED,null
playlistimage,mutation_LLM_search_component_html_100_LLM_GENERATED_search_component_html,AbsoluteXPathTest,search_component_html,PASSED,null
playlistimage,mutation_LLM_search_component_html_100_LLM_GENERATED_search_component_html,KatalonXPathTest,search_component_html,PASSED,null
playlistimage,mutation_LLM_search_component_html_100_LLM_GENERATED_search_component_html,RelativeXPathTest,search_component_html,PASSED,null
playlistimage,mutation_LLM_search_component_html_100_LLM_GENERATED_search_component_html,RobulaPlusXPathTest,search_component_html,PASSED,null
playlistimage,mutation_LLM_search_component_html_100_LLM_GENERATED_search_component_html,RobulaXPathTest,search_component_html,PASSED,null
playlistimage,mutation_LLM_search_component_html_100_LLM_GENERATED_search_component_html,SeleniumXPathTest,search_component_html,PASSED,null
infinitescrollsentinelupdate,mutation_LLM_search_component_html_11_LLM_GENERATED_search_component_html,AbsoluteXPathTest,search_component_html,PASSED,null
infinitescrollsentinelupdate,mutation_LLM_search_component_html_11_LLM_GENERATED_search_component_html,KatalonXPathTest,search_component_html,PASSED,null
infinitescrollsentinelupdate,mutation_LLM_search_component_html_11_LLM_GENERATED_search_component_html,RelativeXPathTest,search_component_html,PASSED,null
infinitescrollsentinelupdate,mutation_LLM_search_component_html_11_LLM_GENERATED_search_component_html,RobulaPlusXPathTest,search_component_html,PASSED,null
infinitescrollsentinelupdate,mutation_LLM_search_component_html_11_LLM_GENERATED_search_component_html,RobulaXPathTest,search_component_html,PASSED,null
infinitescrollsentinelupdate,mutation_LLM_search_component_html_11_LLM_GENERATED_search_component_html,SeleniumXPathTest,search_component_html,PASSED,null
removedunusedif,mutation_LLM_search_component_html_22_LLM_GENERATED_search_component_html,AbsoluteXPathTest,search_component_html,PASSED,null
removedunusedif,mutation_LLM_search_component_html_22_LLM_GENERATED_search_component_html,KatalonXPathTest,search_component_html,PASSED,null
removedunusedif,mutation_LLM_search_component_html_22_LLM_GENERATED_search_component_html,RelativeXPathTest,search_component_html,PASSED,null
removedunusedif,mutation_LLM_search_component_html_22_LLM_GENERATED_search_component_html,RobulaPlusXPathTest,search_component_html,PASSED,null
removedunusedif,mutation_LLM_search_component_html_22_LLM_GENERATED_search_component_html,RobulaXPathTest,search_component_html,PASSED,null
removedunusedif,mutation_LLM_search_component_html_22_LLM_GENERATED_search_component_html,SeleniumXPathTest,search_component_html,PASSED,null
changed-grid-to-list-for-playlists,mutation_LLM_search_component_html_15_LLM_GENERATED_search_component_html,AbsoluteXPathTest,search_component_html,PASSED,null
changed-grid-to-list-for-playlists,mutation_LLM_search_component_html_15_LLM_GENERATED_search_component_html,KatalonXPathTest,search_component_html,PASSED,null
changed-grid-to-list-for-playlists,mutation_LLM_search_component_html_15_LLM_GENERATED_search_component_html,RelativeXPathTest,search_component_html,PASSED,null
changed-grid-to-list-for-playlists,mutation_LLM_search_component_html_15_LLM_GENERATED_search_component_html,RobulaPlusXPathTest,search_component_html,PASSED,null
changed-grid-to-list-for-playlists,mutation_LLM_search_component_html_15_LLM_GENERATED_search_component_html,RobulaXPathTest,search_component_html,PASSED,null
changed-grid-to-list-for-playlists,mutation_LLM_search_component_html_15_LLM_GENERATED_search_component_html,SeleniumXPathTest,search_component_html,PASSED,null
changedinfinitescrollcontainer,mutation_LLM_search_component_html_25_LLM_GENERATED_search_component_html,AbsoluteXPathTest,search_component_html,PASSED,null
changedinfinitescrollcontainer,mutation_LLM_search_component_html_25_LLM_GENERATED_search_component_html,KatalonXPathTest,search_component_html,PASSED,null
changedinfinitescrollcontainer,mutation_LLM_search_component_html_25_LLM_GENERATED_search_component_html,RelativeXPathTest,search_component_html,PASSED,null
changedinfinitescrollcontainer,mutation_LLM_search_component_html_25_LLM_GENERATED_search_component_html,RobulaPlusXPathTest,search_component_html,PASSED,null
changedinfinitescrollcontainer,mutation_LLM_search_component_html_25_LLM_GENERATED_search_component_html,RobulaXPathTest,search_component_html,PASSED,null
changedinfinitescrollcontainer,mutation_LLM_search_component_html_25_LLM_GENERATED_search_component_html,SeleniumXPathTest,search_component_html,PASSED,null
infinitescrollstyling,mutation_LLM_search_component_html_20_LLM_GENERATED_search_component_html,AbsoluteXPathTest,search_component_html,PASSED,null
infinitescrollstyling,mutation_LLM_search_component_html_20_LLM_GENERATED_search_component_html,KatalonXPathTest,search_component_html,PASSED,null
infinitescrollstyling,mutation_LLM_search_component_html_20_LLM_GENERATED_search_component_html,RelativeXPathTest,search_component_html,PASSED,null
infinitescrollstyling,mutation_LLM_search_component_html_20_LLM_GENERATED_search_component_html,RobulaPlusXPathTest,search_component_html,PASSED,null
infinitescrollstyling,mutation_LLM_search_component_html_20_LLM_GENERATED_search_component_html,RobulaXPathTest,search_component_html,PASSED,null
infinitescrollstyling,mutation_LLM_search_component_html_20_LLM_GENERATED_search_component_html,SeleniumXPathTest,search_component_html,PASSED,null
addedplaceholdertext,mutation_LLM_search_component_html_24_LLM_GENERATED_search_component_html,AbsoluteXPathTest,search_component_html,PASSED,null
addedplaceholdertext,mutation_LLM_search_component_html_24_LLM_GENERATED_search_component_html,KatalonXPathTest,search_component_html,PASSED,null
addedplaceholdertext,mutation_LLM_search_component_html_24_LLM_GENERATED_search_component_html,RelativeXPathTest,search_component_html,FAILED,Expected condition failed: waiting for visibility of element located by By.xpath: //input[@placeholder='Artists  songs  albums  or playlists'] (tried for 5 second(s) with 500 milliseconds interval)
addedplaceholdertext,mutation_LLM_search_component_html_24_LLM_GENERATED_search_component_html,RobulaPlusXPathTest,search_component_html,PASSED,null
addedplaceholdertext,mutation_LLM_search_component_html_24_LLM_GENERATED_search_component_html,RobulaXPathTest,search_component_html,PASSED,null
addedplaceholdertext,mutation_LLM_search_component_html_24_LLM_GENERATED_search_component_html,SeleniumXPathTest,search_component_html,PASSED,null
tracksheader,mutation_LLM_search_component_html_2_LLM_GENERATED_search_component_html,AbsoluteXPathTest,search_component_html,PASSED,null
tracksheader,mutation_LLM_search_component_html_2_LLM_GENERATED_search_component_html,KatalonXPathTest,search_component_html,PASSED,null
tracksheader,mutation_LLM_search_component_html_2_LLM_GENERATED_search_component_html,RelativeXPathTest,search_component_html,PASSED,null
tracksheader,mutation_LLM_search_component_html_2_LLM_GENERATED_search_component_html,RobulaPlusXPathTest,search_component_html,PASSED,null
tracksheader,mutation_LLM_search_component_html_2_LLM_GENERATED_search_component_html,RobulaXPathTest,search_component_html,PASSED,null
tracksheader,mutation_LLM_search_component_html_2_LLM_GENERATED_search_component_html,SeleniumXPathTest,search_component_html,PASSED,null
renamedalbumsgrid,mutation_LLM_search_component_html_23_LLM_GENERATED_search_component_html,AbsoluteXPathTest,search_component_html,PASSED,null
renamedalbumsgrid,mutation_LLM_search_component_html_23_LLM_GENERATED_search_component_html,KatalonXPathTest,search_component_html,PASSED,null
renamedalbumsgrid,mutation_LLM_search_component_html_23_LLM_GENERATED_search_component_html,RelativeXPathTest,search_component_html,PASSED,null
renamedalbumsgrid,mutation_LLM_search_component_html_23_LLM_GENERATED_search_component_html,RobulaPlusXPathTest,search_component_html,PASSED,null
renamedalbumsgrid,mutation_LLM_search_component_html_23_LLM_GENERATED_search_component_html,RobulaXPathTest,search_component_html,PASSED,null
renamedalbumsgrid,mutation_LLM_search_component_html_23_LLM_GENERATED_search_component_html,SeleniumXPathTest,search_component_html,PASSED,null
modifiedalbumtrackindex,mutation_LLM_search_component_html_26_LLM_GENERATED_search_component_html,AbsoluteXPathTest,search_component_html,PASSED,null
modifiedalbumtrackindex,mutation_LLM_search_component_html_26_LLM_GENERATED_search_component_html,KatalonXPathTest,search_component_html,PASSED,null
modifiedalbumtrackindex,mutation_LLM_search_component_html_26_LLM_GENERATED_search_component_html,RelativeXPathTest,search_component_html,PASSED,null
modifiedalbumtrackindex,mutation_LLM_search_component_html_26_LLM_GENERATED_search_component_html,RobulaPlusXPathTest,search_component_html,PASSED,null
modifiedalbumtrackindex,mutation_LLM_search_component_html_26_LLM_GENERATED_search_component_html,RobulaXPathTest,search_component_html,PASSED,null
modifiedalbumtrackindex,mutation_LLM_search_component_html_26_LLM_GENERATED_search_component_html,SeleniumXPathTest,search_component_html,PASSED,null
tracktablestyling,mutation_LLM_search_component_html_17_LLM_GENERATED_search_component_html,AbsoluteXPathTest,search_component_html,PASSED,null
tracktablestyling,mutation_LLM_search_component_html_17_LLM_GENERATED_search_component_html,KatalonXPathTest,search_component_html,PASSED,null
tracktablestyling,mutation_LLM_search_component_html_17_LLM_GENERATED_search_component_html,RelativeXPathTest,search_component_html,PASSED,null
tracktablestyling,mutation_LLM_search_component_html_17_LLM_GENERATED_search_component_html,RobulaPlusXPathTest,search_component_html,PASSED,null
tracktablestyling,mutation_LLM_search_component_html_17_LLM_GENERATED_search_component_html,RobulaXPathTest,search_component_html,PASSED,null
tracktablestyling,mutation_LLM_search_component_html_17_LLM_GENERATED_search_component_html,SeleniumXPathTest,search_component_html,PASSED,null


Test results:
Locator,Total,Success,Fragility,Obsolescence,Not Compiled
RelativeXPathTest,20,19,1,0,0
AbsoluteXPathTest,20,19,1,0,0
RobulaXPathTest,20,20,0,0,0
KatalonXPathTest,20,20,0,0,0
SeleniumXPathTest,20,20,0,0,0
RobulaPlusXPathTest,20,19,1,0,0

File saved: output\tests\batches.csv
File saved: output\tests\stats.csv

Tests completed.
Execution time: 560 seconds.
