SLF4J: Failed to load class "org.slf4j.impl.StaticLoggerBinder".
SLF4J: Defaulting to no-operation (NOP) logger implementation
SLF4J: See http://www.slf4j.org/codes.html#StaticLoggerBinder for further details.
WARNING: A restricted method in java.lang.System has been called
WARNING: java.lang.System::load has been called by org.sqlite.SQLiteJDBCLoader in an unnamed module (file:/C:/Users/vince/OneDrive/Desktop/Tirocinio/progetto/Automatic-Angular-E2E-Testing-Suite/mutation-tester/target/mutation-tester-1.0.0-jar-with-dependencies.jar)
WARNING: Use --enable-native-access=ALL-UNNAMED to avoid a warning for callers in this module
WARNING: Restricted methods will be blocked in a future release unless native access is enabled

Loaded class: AbsoluteXPathTest
Loaded abstract class: BaseTest
Loaded class: KatalonXPathTest
Loaded class: RelativeXPathTest
Loaded class: RobulaPlusXPathTest
Loaded class: RobulaXPathTest
Loaded class: SeleniumXPathTest
Loaded factory class: WebDriverFactory
Found 6 classes to execute.
Found 20 mutations to apply.
Starting TypeScript application (npm start)...
TypeScript application started.

20 out of 20 remaining.
Mutation mutation_LLM_card_component_html_45_LLM_GENERATED_card_component_html applied. Waiting for recompile...
Application recompiled successfully.
Starting test for: AbsoluteXPathTest
Jun 17, 2026 9:09:02 PM org.openqa.selenium.devtools.CdpVersionFinder findNearestMatch
AVVERTENZA: Unable to find CDP implementation matching 149
Jun 17, 2026 9:09:02 PM org.openqa.selenium.chromium.ChromiumDriver lambda$new$5
AVVERTENZA: Unable to find version of CDP to use for 149.0.7827.104. You may need to include a dependency on a specific version of the CDP using something similar to `org.seleniumhq.selenium:selenium-devtools-v86:4.27.0` where the version ("v86") matches the version of the chromium-based browser you're using and the version number of the artifact is the same as Selenium's.
[WebDriverFactory] DevTools/sentry-block saltato: You are using a no-op implementation of the CDP. The most likely reason for this is that Selenium was unable to find an implementation of the CDP protocol that matches your browser. Please be sure to include an implementation on the classpath, possibly by adding a new (maven) dependency of `org.seleniumhq.selenium:selenium-devtools-vNN:4.27.0` where `NN` matches the major version of the browser you're using.
Build info: version: '4.27.0', revision: 'd6e718d134'
System info: os.name: 'Windows 11', os.arch: 'amd64', os.version: '10.0', java.version: '25.0.2'
Driver info: DevTools Connection
Test ended: AbsoluteXPathTest [PASSED] null
---------------------------------------------
Starting test for: KatalonXPathTest
Test ended: KatalonXPathTest [PASSED] null
---------------------------------------------
Starting test for: RelativeXPathTest
Test ended: RelativeXPathTest [PASSED] null
---------------------------------------------
Starting test for: RobulaPlusXPathTest
Test ended: RobulaPlusXPathTest [PASSED] null
---------------------------------------------
Starting test for: RobulaXPathTest
Test ended: RobulaXPathTest [PASSED] null
---------------------------------------------
Starting test for: SeleniumXPathTest
Test ended: SeleniumXPathTest [PASSED] null
---------------------------------------------

19 out of 20 remaining.
Mutation mutation_LLM_card_component_html_49_LLM_GENERATED_card_component_html applied. Waiting for recompile...
Application recompiled successfully.
Starting test for: AbsoluteXPathTest
Test ended: AbsoluteXPathTest [PASSED] null
---------------------------------------------
Starting test for: KatalonXPathTest
Test ended: KatalonXPathTest [PASSED] null
---------------------------------------------
Starting test for: RelativeXPathTest
Test ended: RelativeXPathTest [PASSED] null
---------------------------------------------
Starting test for: RobulaPlusXPathTest
Test ended: RobulaPlusXPathTest [PASSED] null
---------------------------------------------
Starting test for: RobulaXPathTest
Test ended: RobulaXPathTest [PASSED] null
---------------------------------------------
Starting test for: SeleniumXPathTest
Test ended: SeleniumXPathTest [PASSED] null
---------------------------------------------

18 out of 20 remaining.
Mutation mutation_LLM_card_component_html_5_LLM_GENERATED_card_component_html applied. Waiting for recompile...
Application recompiled successfully.
Starting test for: AbsoluteXPathTest
Test ended: AbsoluteXPathTest [PASSED] null
---------------------------------------------
Starting test for: KatalonXPathTest
Test ended: KatalonXPathTest [PASSED] null
---------------------------------------------
Starting test for: RelativeXPathTest
Test ended: RelativeXPathTest [PASSED] null
---------------------------------------------
Starting test for: RobulaPlusXPathTest
Test ended: RobulaPlusXPathTest [PASSED] null
---------------------------------------------
Starting test for: RobulaXPathTest
Test ended: RobulaXPathTest [PASSED] null
---------------------------------------------
Starting test for: SeleniumXPathTest
Test ended: SeleniumXPathTest [PASSED] null
---------------------------------------------

17 out of 20 remaining.
Mutation mutation_LLM_card_component_html_47_LLM_GENERATED_card_component_html applied. Waiting for recompile...
Application recompiled successfully.
Starting test for: AbsoluteXPathTest
Test ended: AbsoluteXPathTest [PASSED] null
---------------------------------------------
Starting test for: KatalonXPathTest
Test ended: KatalonXPathTest [PASSED] null
---------------------------------------------
Starting test for: RelativeXPathTest
Test ended: RelativeXPathTest [PASSED] null
---------------------------------------------
Starting test for: RobulaPlusXPathTest
Test ended: RobulaPlusXPathTest [PASSED] null
---------------------------------------------
Starting test for: RobulaXPathTest
Test ended: RobulaXPathTest [PASSED] null
---------------------------------------------
Starting test for: SeleniumXPathTest
Test ended: SeleniumXPathTest [PASSED] null
---------------------------------------------

16 out of 20 remaining.
Mutation mutation_LLM_card_component_html_51_LLM_GENERATED_card_component_html applied. Waiting for recompile...
Application recompiled successfully.
Starting test for: AbsoluteXPathTest
Test ended: AbsoluteXPathTest [PASSED] null
---------------------------------------------
Starting test for: KatalonXPathTest
Test ended: KatalonXPathTest [PASSED] null
---------------------------------------------
Starting test for: RelativeXPathTest
Test ended: RelativeXPathTest [PASSED] null
---------------------------------------------
Starting test for: RobulaPlusXPathTest
Test ended: RobulaPlusXPathTest [PASSED] null
---------------------------------------------
Starting test for: RobulaXPathTest
Test ended: RobulaXPathTest [PASSED] null
---------------------------------------------
Starting test for: SeleniumXPathTest
Test ended: SeleniumXPathTest [PASSED] null
---------------------------------------------

15 out of 20 remaining.
Mutation mutation_LLM_card_component_html_53_LLM_GENERATED_card_component_html applied. Waiting for recompile...
Application recompiled successfully.
Starting test for: AbsoluteXPathTest
Test ended: AbsoluteXPathTest [PASSED] null
---------------------------------------------
Starting test for: KatalonXPathTest
Test ended: KatalonXPathTest [PASSED] null
---------------------------------------------
Starting test for: RelativeXPathTest
Test ended: RelativeXPathTest [PASSED] null
---------------------------------------------
Starting test for: RobulaPlusXPathTest
Test ended: RobulaPlusXPathTest [PASSED] null
---------------------------------------------
Starting test for: RobulaXPathTest
Test ended: RobulaXPathTest [PASSED] null
---------------------------------------------
Starting test for: SeleniumXPathTest
Test ended: SeleniumXPathTest [PASSED] null
---------------------------------------------

14 out of 20 remaining.
Mutation mutation_LLM_card_component_html_54_LLM_GENERATED_card_component_html applied. Waiting for recompile...
Application recompiled successfully.
Starting test for: AbsoluteXPathTest
Test ended: AbsoluteXPathTest [PASSED] null
---------------------------------------------
Starting test for: KatalonXPathTest
Test ended: KatalonXPathTest [PASSED] null
---------------------------------------------
Starting test for: RelativeXPathTest
Test ended: RelativeXPathTest [PASSED] null
---------------------------------------------
Starting test for: RobulaPlusXPathTest
Test ended: RobulaPlusXPathTest [PASSED] null
---------------------------------------------
Starting test for: RobulaXPathTest
Test ended: RobulaXPathTest [PASSED] null
---------------------------------------------
Starting test for: SeleniumXPathTest
Test ended: SeleniumXPathTest [PASSED] null
---------------------------------------------

13 out of 20 remaining.
Mutation mutation_LLM_card_component_html_48_LLM_GENERATED_card_component_html applied. Waiting for recompile...
Application recompiled successfully.
Starting test for: AbsoluteXPathTest
Test ended: AbsoluteXPathTest [PASSED] null
---------------------------------------------
Starting test for: KatalonXPathTest
Test ended: KatalonXPathTest [PASSED] null
---------------------------------------------
Starting test for: RelativeXPathTest
Test ended: RelativeXPathTest [PASSED] null
---------------------------------------------
Starting test for: RobulaPlusXPathTest
Test ended: RobulaPlusXPathTest [PASSED] null
---------------------------------------------
Starting test for: RobulaXPathTest
Test ended: RobulaXPathTest [PASSED] null
---------------------------------------------
Starting test for: SeleniumXPathTest
Test ended: SeleniumXPathTest [PASSED] null
---------------------------------------------

12 out of 20 remaining.
Mutation mutation_LLM_card_component_html_56_LLM_GENERATED_card_component_html applied. Waiting for recompile...
Application recompiled successfully.
Starting test for: AbsoluteXPathTest
Test ended: AbsoluteXPathTest [PASSED] null
---------------------------------------------
Starting test for: KatalonXPathTest
Test ended: KatalonXPathTest [PASSED] null
---------------------------------------------
Starting test for: RelativeXPathTest
Test ended: RelativeXPathTest [PASSED] null
---------------------------------------------
Starting test for: RobulaPlusXPathTest
Test ended: RobulaPlusXPathTest [PASSED] null
---------------------------------------------
Starting test for: RobulaXPathTest
Test ended: RobulaXPathTest [PASSED] null
---------------------------------------------
Starting test for: SeleniumXPathTest
Test ended: SeleniumXPathTest [PASSED] null
---------------------------------------------

11 out of 20 remaining.
Mutation mutation_LLM_card_component_html_62_LLM_GENERATED_card_component_html applied. Waiting for recompile...
Application recompiled successfully.
Starting test for: AbsoluteXPathTest
Test ended: AbsoluteXPathTest [PASSED] null
---------------------------------------------
Starting test for: KatalonXPathTest
Test ended: KatalonXPathTest [PASSED] null
---------------------------------------------
Starting test for: RelativeXPathTest
Test ended: RelativeXPathTest [PASSED] null
---------------------------------------------
Starting test for: RobulaPlusXPathTest
Test ended: RobulaPlusXPathTest [PASSED] null
---------------------------------------------
Starting test for: RobulaXPathTest
Test ended: RobulaXPathTest [PASSED] null
---------------------------------------------
Starting test for: SeleniumXPathTest
Test ended: SeleniumXPathTest [PASSED] null
---------------------------------------------

10 out of 20 remaining.
Mutation mutation_LLM_card_component_html_46_LLM_GENERATED_card_component_html applied. Waiting for recompile...
Application recompiled successfully.
Starting test for: AbsoluteXPathTest
Test ended: AbsoluteXPathTest [PASSED] null
---------------------------------------------
Starting test for: KatalonXPathTest
Test ended: KatalonXPathTest [PASSED] null
---------------------------------------------
Starting test for: RelativeXPathTest
Test ended: RelativeXPathTest [PASSED] null
---------------------------------------------
Starting test for: RobulaPlusXPathTest
Test ended: RobulaPlusXPathTest [PASSED] null
---------------------------------------------
Starting test for: RobulaXPathTest
Test ended: RobulaXPathTest [PASSED] null
---------------------------------------------
Starting test for: SeleniumXPathTest
Test ended: SeleniumXPathTest [PASSED] null
---------------------------------------------

9 out of 20 remaining.
Mutation mutation_LLM_card_component_html_57_LLM_GENERATED_card_component_html applied. Waiting for recompile...
Application recompiled successfully.
Starting test for: AbsoluteXPathTest
Test ended: AbsoluteXPathTest [PASSED] null
---------------------------------------------
Starting test for: KatalonXPathTest
Test ended: KatalonXPathTest [PASSED] null
---------------------------------------------
Starting test for: RelativeXPathTest
Test ended: RelativeXPathTest [PASSED] null
---------------------------------------------
Starting test for: RobulaPlusXPathTest
Test ended: RobulaPlusXPathTest [PASSED] null
---------------------------------------------
Starting test for: RobulaXPathTest
Test ended: RobulaXPathTest [PASSED] null
---------------------------------------------
Starting test for: SeleniumXPathTest
Test ended: SeleniumXPathTest [PASSED] null
---------------------------------------------

8 out of 20 remaining.
Mutation mutation_LLM_card_component_html_50_LLM_GENERATED_card_component_html applied. Waiting for recompile...
Application recompiled successfully.
Starting test for: AbsoluteXPathTest
Test ended: AbsoluteXPathTest [PASSED] null
---------------------------------------------
Starting test for: KatalonXPathTest
Test ended: KatalonXPathTest [PASSED] null
---------------------------------------------
Starting test for: RelativeXPathTest
Test ended: RelativeXPathTest [PASSED] null
---------------------------------------------
Starting test for: RobulaPlusXPathTest
Test ended: RobulaPlusXPathTest [PASSED] null
---------------------------------------------
Starting test for: RobulaXPathTest
Test ended: RobulaXPathTest [PASSED] null
---------------------------------------------
Starting test for: SeleniumXPathTest
Test ended: SeleniumXPathTest [PASSED] null
---------------------------------------------

7 out of 20 remaining.
Mutation mutation_LLM_card_component_html_60_LLM_GENERATED_card_component_html applied. Waiting for recompile...
Application did not recompile.
Skipping test AbsoluteXPathTest: Application did not recompile.
---------------------------------------------
Skipping test KatalonXPathTest: Application did not recompile.
---------------------------------------------
Skipping test RelativeXPathTest: Application did not recompile.
---------------------------------------------
Skipping test RobulaPlusXPathTest: Application did not recompile.
---------------------------------------------
Skipping test RobulaXPathTest: Application did not recompile.
---------------------------------------------
Skipping test SeleniumXPathTest: Application did not recompile.
---------------------------------------------

6 out of 20 remaining.
Mutation mutation_LLM_card_component_html_55_LLM_GENERATED_card_component_html applied. Waiting for recompile...
Application recompiled successfully.
Starting test for: AbsoluteXPathTest
Test ended: AbsoluteXPathTest [PASSED] null
---------------------------------------------
Starting test for: KatalonXPathTest
Test ended: KatalonXPathTest [PASSED] null
---------------------------------------------
Starting test for: RelativeXPathTest
Test ended: RelativeXPathTest [PASSED] null
---------------------------------------------
Starting test for: RobulaPlusXPathTest
Test ended: RobulaPlusXPathTest [PASSED] null
---------------------------------------------
Starting test for: RobulaXPathTest
Test ended: RobulaXPathTest [PASSED] null
---------------------------------------------
Starting test for: SeleniumXPathTest
Test ended: SeleniumXPathTest [PASSED] null
---------------------------------------------

5 out of 20 remaining.
Mutation mutation_LLM_card_component_html_59_LLM_GENERATED_card_component_html applied. Waiting for recompile...
Application recompiled successfully.
Starting test for: AbsoluteXPathTest
Test ended: AbsoluteXPathTest [PASSED] null
---------------------------------------------
Starting test for: KatalonXPathTest
Test ended: KatalonXPathTest [PASSED] null
---------------------------------------------
Starting test for: RelativeXPathTest
Test ended: RelativeXPathTest [PASSED] null
---------------------------------------------
Starting test for: RobulaPlusXPathTest
Test ended: RobulaPlusXPathTest [PASSED] null
---------------------------------------------
Starting test for: RobulaXPathTest
Test ended: RobulaXPathTest [PASSED] null
---------------------------------------------
Starting test for: SeleniumXPathTest
Test ended: SeleniumXPathTest [PASSED] null
---------------------------------------------

4 out of 20 remaining.
Mutation mutation_LLM_card_component_html_6_LLM_GENERATED_card_component_html applied. Waiting for recompile...
Application recompiled successfully.
Starting test for: AbsoluteXPathTest
Test ended: AbsoluteXPathTest [PASSED] null
---------------------------------------------
Starting test for: KatalonXPathTest
Test ended: KatalonXPathTest [PASSED] null
---------------------------------------------
Starting test for: RelativeXPathTest
Test ended: RelativeXPathTest [PASSED] null
---------------------------------------------
Starting test for: RobulaPlusXPathTest
Test ended: RobulaPlusXPathTest [PASSED] null
---------------------------------------------
Starting test for: RobulaXPathTest
Test ended: RobulaXPathTest [PASSED] null
---------------------------------------------
Starting test for: SeleniumXPathTest
Test ended: SeleniumXPathTest [PASSED] null
---------------------------------------------

3 out of 20 remaining.
Mutation mutation_LLM_card_component_html_58_LLM_GENERATED_card_component_html applied. Waiting for recompile...
Application recompiled successfully.
Starting test for: AbsoluteXPathTest
Test ended: AbsoluteXPathTest [FAILED] no such element: Unable to locate element: {"method":"xpath" "selector":"/html/body/angular-spotify-root/as-layout/as-main-view/div[2]/as-search/div/div[3]/div"}
---------------------------------------------
Starting test for: KatalonXPathTest
Test ended: KatalonXPathTest [FAILED] no such element: Unable to locate element: {"method":"xpath" "selector":"(.//*[normalize-space(text()) and normalize-space(.)='Artists'])[1]/following::div[1]"}
---------------------------------------------
Starting test for: RelativeXPathTest
Test ended: RelativeXPathTest [FAILED] no such element: Unable to locate element: {"method":"xpath" "selector":"//body/angular-spotify-root/as-layout/as-main-view/div/as-search/div/div[3]/div[1]"}
---------------------------------------------
Starting test for: RobulaPlusXPathTest
Test ended: RobulaPlusXPathTest [FAILED] no such element: Unable to locate element: {"method":"xpath" "selector":"//*[3]/*[@class='common-grid']"}
---------------------------------------------
Starting test for: RobulaXPathTest
Test ended: RobulaXPathTest [FAILED] no such element: Unable to locate element: {"method":"xpath" "selector":"//div[3]/div"}
---------------------------------------------
Starting test for: SeleniumXPathTest
Test ended: SeleniumXPathTest [FAILED] no such element: Unable to locate element: {"method":"css selector" "selector":".ng-star-inserted:nth-child(3) > .common-grid"}
---------------------------------------------

2 out of 20 remaining.
Mutation mutation_LLM_card_component_html_61_LLM_GENERATED_card_component_html applied. Waiting for recompile...
Application did not recompile.
Skipping test AbsoluteXPathTest: Application did not recompile.
---------------------------------------------
Skipping test KatalonXPathTest: Application did not recompile.
---------------------------------------------
Skipping test RelativeXPathTest: Application did not recompile.
---------------------------------------------
Skipping test RobulaPlusXPathTest: Application did not recompile.
---------------------------------------------
Skipping test RobulaXPathTest: Application did not recompile.
---------------------------------------------
Skipping test SeleniumXPathTest: Application did not recompile.
---------------------------------------------

1 out of 20 remaining.
Mutation mutation_LLM_card_component_html_52_LLM_GENERATED_card_component_html applied. Waiting for recompile...
Application recompiled successfully.
Starting test for: AbsoluteXPathTest
Test ended: AbsoluteXPathTest [PASSED] null
---------------------------------------------
Starting test for: KatalonXPathTest
Test ended: KatalonXPathTest [PASSED] null
---------------------------------------------
Starting test for: RelativeXPathTest
Test ended: RelativeXPathTest [PASSED] null
---------------------------------------------
Starting test for: RobulaPlusXPathTest
Test ended: RobulaPlusXPathTest [PASSED] null
---------------------------------------------
Starting test for: RobulaXPathTest
Test ended: RobulaXPathTest [PASSED] null
---------------------------------------------
Starting test for: SeleniumXPathTest
Test ended: SeleniumXPathTest [PASSED] null
---------------------------------------------
Executed batches:
Name,Id,Locator,Tag,Status,Error
removedasclickstoppropagation,mutation_LLM_card_component_html_45_LLM_GENERATED_card_component_html,AbsoluteXPathTest,card_component_html,PASSED,null
removedasclickstoppropagation,mutation_LLM_card_component_html_45_LLM_GENERATED_card_component_html,KatalonXPathTest,card_component_html,PASSED,null
removedasclickstoppropagation,mutation_LLM_card_component_html_45_LLM_GENERATED_card_component_html,RelativeXPathTest,card_component_html,PASSED,null
removedasclickstoppropagation,mutation_LLM_card_component_html_45_LLM_GENERATED_card_component_html,RobulaPlusXPathTest,card_component_html,PASSED,null
removedasclickstoppropagation,mutation_LLM_card_component_html_45_LLM_GENERATED_card_component_html,RobulaXPathTest,card_component_html,PASSED,null
removedasclickstoppropagation,mutation_LLM_card_component_html_45_LLM_GENERATED_card_component_html,SeleniumXPathTest,card_component_html,PASSED,null
titlefontsize,mutation_LLM_card_component_html_49_LLM_GENERATED_card_component_html,AbsoluteXPathTest,card_component_html,PASSED,null
titlefontsize,mutation_LLM_card_component_html_49_LLM_GENERATED_card_component_html,KatalonXPathTest,card_component_html,PASSED,null
titlefontsize,mutation_LLM_card_component_html_49_LLM_GENERATED_card_component_html,RelativeXPathTest,card_component_html,PASSED,null
titlefontsize,mutation_LLM_card_component_html_49_LLM_GENERATED_card_component_html,RobulaPlusXPathTest,card_component_html,PASSED,null
titlefontsize,mutation_LLM_card_component_html_49_LLM_GENERATED_card_component_html,RobulaXPathTest,card_component_html,PASSED,null
titlefontsize,mutation_LLM_card_component_html_49_LLM_GENERATED_card_component_html,SeleniumXPathTest,card_component_html,PASSED,null
coverclass,mutation_LLM_card_component_html_5_LLM_GENERATED_card_component_html,AbsoluteXPathTest,card_component_html,PASSED,null
coverclass,mutation_LLM_card_component_html_5_LLM_GENERATED_card_component_html,KatalonXPathTest,card_component_html,PASSED,null
coverclass,mutation_LLM_card_component_html_5_LLM_GENERATED_card_component_html,RelativeXPathTest,card_component_html,PASSED,null
coverclass,mutation_LLM_card_component_html_5_LLM_GENERATED_card_component_html,RobulaPlusXPathTest,card_component_html,PASSED,null
coverclass,mutation_LLM_card_component_html_5_LLM_GENERATED_card_component_html,RobulaXPathTest,card_component_html,PASSED,null
coverclass,mutation_LLM_card_component_html_5_LLM_GENERATED_card_component_html,SeleniumXPathTest,card_component_html,PASSED,null
addedbuttonclass,mutation_LLM_card_component_html_47_LLM_GENERATED_card_component_html,AbsoluteXPathTest,card_component_html,PASSED,null
addedbuttonclass,mutation_LLM_card_component_html_47_LLM_GENERATED_card_component_html,KatalonXPathTest,card_component_html,PASSED,null
addedbuttonclass,mutation_LLM_card_component_html_47_LLM_GENERATED_card_component_html,RelativeXPathTest,card_component_html,PASSED,null
addedbuttonclass,mutation_LLM_card_component_html_47_LLM_GENERATED_card_component_html,RobulaPlusXPathTest,card_component_html,PASSED,null
addedbuttonclass,mutation_LLM_card_component_html_47_LLM_GENERATED_card_component_html,RobulaXPathTest,card_component_html,PASSED,null
addedbuttonclass,mutation_LLM_card_component_html_47_LLM_GENERATED_card_component_html,SeleniumXPathTest,card_component_html,PASSED,null
coverheight,mutation_LLM_card_component_html_51_LLM_GENERATED_card_component_html,AbsoluteXPathTest,card_component_html,PASSED,null
coverheight,mutation_LLM_card_component_html_51_LLM_GENERATED_card_component_html,KatalonXPathTest,card_component_html,PASSED,null
coverheight,mutation_LLM_card_component_html_51_LLM_GENERATED_card_component_html,RelativeXPathTest,card_component_html,PASSED,null
coverheight,mutation_LLM_card_component_html_51_LLM_GENERATED_card_component_html,RobulaPlusXPathTest,card_component_html,PASSED,null
coverheight,mutation_LLM_card_component_html_51_LLM_GENERATED_card_component_html,RobulaXPathTest,card_component_html,PASSED,null
coverheight,mutation_LLM_card_component_html_51_LLM_GENERATED_card_component_html,SeleniumXPathTest,card_component_html,PASSED,null
descriptionwrap,mutation_LLM_card_component_html_53_LLM_GENERATED_card_component_html,AbsoluteXPathTest,card_component_html,PASSED,null
descriptionwrap,mutation_LLM_card_component_html_53_LLM_GENERATED_card_component_html,KatalonXPathTest,card_component_html,PASSED,null
descriptionwrap,mutation_LLM_card_component_html_53_LLM_GENERATED_card_component_html,RelativeXPathTest,card_component_html,PASSED,null
descriptionwrap,mutation_LLM_card_component_html_53_LLM_GENERATED_card_component_html,RobulaPlusXPathTest,card_component_html,PASSED,null
descriptionwrap,mutation_LLM_card_component_html_53_LLM_GENERATED_card_component_html,RobulaXPathTest,card_component_html,PASSED,null
descriptionwrap,mutation_LLM_card_component_html_53_LLM_GENERATED_card_component_html,SeleniumXPathTest,card_component_html,PASSED,null
coverclass,mutation_LLM_card_component_html_54_LLM_GENERATED_card_component_html,AbsoluteXPathTest,card_component_html,PASSED,null
coverclass,mutation_LLM_card_component_html_54_LLM_GENERATED_card_component_html,KatalonXPathTest,card_component_html,PASSED,null
coverclass,mutation_LLM_card_component_html_54_LLM_GENERATED_card_component_html,RelativeXPathTest,card_component_html,PASSED,null
coverclass,mutation_LLM_card_component_html_54_LLM_GENERATED_card_component_html,RobulaPlusXPathTest,card_component_html,PASSED,null
coverclass,mutation_LLM_card_component_html_54_LLM_GENERATED_card_component_html,RobulaXPathTest,card_component_html,PASSED,null
coverclass,mutation_LLM_card_component_html_54_LLM_GENERATED_card_component_html,SeleniumXPathTest,card_component_html,PASSED,null
buttonposition,mutation_LLM_card_component_html_48_LLM_GENERATED_card_component_html,AbsoluteXPathTest,card_component_html,PASSED,null
buttonposition,mutation_LLM_card_component_html_48_LLM_GENERATED_card_component_html,KatalonXPathTest,card_component_html,PASSED,null
buttonposition,mutation_LLM_card_component_html_48_LLM_GENERATED_card_component_html,RelativeXPathTest,card_component_html,PASSED,null
buttonposition,mutation_LLM_card_component_html_48_LLM_GENERATED_card_component_html,RobulaPlusXPathTest,card_component_html,PASSED,null
buttonposition,mutation_LLM_card_component_html_48_LLM_GENERATED_card_component_html,RobulaXPathTest,card_component_html,PASSED,null
buttonposition,mutation_LLM_card_component_html_48_LLM_GENERATED_card_component_html,SeleniumXPathTest,card_component_html,PASSED,null
descriptionitalic,mutation_LLM_card_component_html_56_LLM_GENERATED_card_component_html,AbsoluteXPathTest,card_component_html,PASSED,null
descriptionitalic,mutation_LLM_card_component_html_56_LLM_GENERATED_card_component_html,KatalonXPathTest,card_component_html,PASSED,null
descriptionitalic,mutation_LLM_card_component_html_56_LLM_GENERATED_card_component_html,RelativeXPathTest,card_component_html,PASSED,null
descriptionitalic,mutation_LLM_card_component_html_56_LLM_GENERATED_card_component_html,RobulaPlusXPathTest,card_component_html,PASSED,null
descriptionitalic,mutation_LLM_card_component_html_56_LLM_GENERATED_card_component_html,RobulaXPathTest,card_component_html,PASSED,null
descriptionitalic,mutation_LLM_card_component_html_56_LLM_GENERATED_card_component_html,SeleniumXPathTest,card_component_html,PASSED,null
centeredplaybutton,mutation_LLM_card_component_html_62_LLM_GENERATED_card_component_html,AbsoluteXPathTest,card_component_html,PASSED,null
centeredplaybutton,mutation_LLM_card_component_html_62_LLM_GENERATED_card_component_html,KatalonXPathTest,card_component_html,PASSED,null
centeredplaybutton,mutation_LLM_card_component_html_62_LLM_GENERATED_card_component_html,RelativeXPathTest,card_component_html,PASSED,null
centeredplaybutton,mutation_LLM_card_component_html_62_LLM_GENERATED_card_component_html,RobulaPlusXPathTest,card_component_html,PASSED,null
centeredplaybutton,mutation_LLM_card_component_html_62_LLM_GENERATED_card_component_html,RobulaXPathTest,card_component_html,PASSED,null
centeredplaybutton,mutation_LLM_card_component_html_62_LLM_GENERATED_card_component_html,SeleniumXPathTest,card_component_html,PASSED,null
removedroundedimage,mutation_LLM_card_component_html_46_LLM_GENERATED_card_component_html,AbsoluteXPathTest,card_component_html,PASSED,null
removedroundedimage,mutation_LLM_card_component_html_46_LLM_GENERATED_card_component_html,KatalonXPathTest,card_component_html,PASSED,null
removedroundedimage,mutation_LLM_card_component_html_46_LLM_GENERATED_card_component_html,RelativeXPathTest,card_component_html,PASSED,null
removedroundedimage,mutation_LLM_card_component_html_46_LLM_GENERATED_card_component_html,RobulaPlusXPathTest,card_component_html,PASSED,null
removedroundedimage,mutation_LLM_card_component_html_46_LLM_GENERATED_card_component_html,RobulaXPathTest,card_component_html,PASSED,null
removedroundedimage,mutation_LLM_card_component_html_46_LLM_GENERATED_card_component_html,SeleniumXPathTest,card_component_html,PASSED,null
cardbodypadding,mutation_LLM_card_component_html_57_LLM_GENERATED_card_component_html,AbsoluteXPathTest,card_component_html,PASSED,null
cardbodypadding,mutation_LLM_card_component_html_57_LLM_GENERATED_card_component_html,KatalonXPathTest,card_component_html,PASSED,null
cardbodypadding,mutation_LLM_card_component_html_57_LLM_GENERATED_card_component_html,RelativeXPathTest,card_component_html,PASSED,null
cardbodypadding,mutation_LLM_card_component_html_57_LLM_GENERATED_card_component_html,RobulaPlusXPathTest,card_component_html,PASSED,null
cardbodypadding,mutation_LLM_card_component_html_57_LLM_GENERATED_card_component_html,RobulaXPathTest,card_component_html,PASSED,null
cardbodypadding,mutation_LLM_card_component_html_57_LLM_GENERATED_card_component_html,SeleniumXPathTest,card_component_html,PASSED,null
buttoncolor,mutation_LLM_card_component_html_50_LLM_GENERATED_card_component_html,AbsoluteXPathTest,card_component_html,PASSED,null
buttoncolor,mutation_LLM_card_component_html_50_LLM_GENERATED_card_component_html,KatalonXPathTest,card_component_html,PASSED,null
buttoncolor,mutation_LLM_card_component_html_50_LLM_GENERATED_card_component_html,RelativeXPathTest,card_component_html,PASSED,null
buttoncolor,mutation_LLM_card_component_html_50_LLM_GENERATED_card_component_html,RobulaPlusXPathTest,card_component_html,PASSED,null
buttoncolor,mutation_LLM_card_component_html_50_LLM_GENERATED_card_component_html,RobulaXPathTest,card_component_html,PASSED,null
buttoncolor,mutation_LLM_card_component_html_50_LLM_GENERATED_card_component_html,SeleniumXPathTest,card_component_html,PASSED,null
simplifiedcard,mutation_LLM_card_component_html_60_LLM_GENERATED_card_component_html,AbsoluteXPathTest,card_component_html,NOT_APPLICABLE,Application did not recompile.
simplifiedcard,mutation_LLM_card_component_html_60_LLM_GENERATED_card_component_html,KatalonXPathTest,card_component_html,NOT_APPLICABLE,Application did not recompile.
simplifiedcard,mutation_LLM_card_component_html_60_LLM_GENERATED_card_component_html,RelativeXPathTest,card_component_html,NOT_APPLICABLE,Application did not recompile.
simplifiedcard,mutation_LLM_card_component_html_60_LLM_GENERATED_card_component_html,RobulaPlusXPathTest,card_component_html,NOT_APPLICABLE,Application did not recompile.
simplifiedcard,mutation_LLM_card_component_html_60_LLM_GENERATED_card_component_html,RobulaXPathTest,card_component_html,NOT_APPLICABLE,Application did not recompile.
simplifiedcard,mutation_LLM_card_component_html_60_LLM_GENERATED_card_component_html,SeleniumXPathTest,card_component_html,NOT_APPLICABLE,Application did not recompile.
buttonwrapper,mutation_LLM_card_component_html_55_LLM_GENERATED_card_component_html,AbsoluteXPathTest,card_component_html,PASSED,null
buttonwrapper,mutation_LLM_card_component_html_55_LLM_GENERATED_card_component_html,KatalonXPathTest,card_component_html,PASSED,null
buttonwrapper,mutation_LLM_card_component_html_55_LLM_GENERATED_card_component_html,RelativeXPathTest,card_component_html,PASSED,null
buttonwrapper,mutation_LLM_card_component_html_55_LLM_GENERATED_card_component_html,RobulaPlusXPathTest,card_component_html,PASSED,null
buttonwrapper,mutation_LLM_card_component_html_55_LLM_GENERATED_card_component_html,RobulaXPathTest,card_component_html,PASSED,null
buttonwrapper,mutation_LLM_card_component_html_55_LLM_GENERATED_card_component_html,SeleniumXPathTest,card_component_html,PASSED,null
coverborder,mutation_LLM_card_component_html_59_LLM_GENERATED_card_component_html,AbsoluteXPathTest,card_component_html,PASSED,null
coverborder,mutation_LLM_card_component_html_59_LLM_GENERATED_card_component_html,KatalonXPathTest,card_component_html,PASSED,null
coverborder,mutation_LLM_card_component_html_59_LLM_GENERATED_card_component_html,RelativeXPathTest,card_component_html,PASSED,null
coverborder,mutation_LLM_card_component_html_59_LLM_GENERATED_card_component_html,RobulaPlusXPathTest,card_component_html,PASSED,null
coverborder,mutation_LLM_card_component_html_59_LLM_GENERATED_card_component_html,RobulaXPathTest,card_component_html,PASSED,null
coverborder,mutation_LLM_card_component_html_59_LLM_GENERATED_card_component_html,SeleniumXPathTest,card_component_html,PASSED,null
descriptionwrap,mutation_LLM_card_component_html_6_LLM_GENERATED_card_component_html,AbsoluteXPathTest,card_component_html,PASSED,null
descriptionwrap,mutation_LLM_card_component_html_6_LLM_GENERATED_card_component_html,KatalonXPathTest,card_component_html,PASSED,null
descriptionwrap,mutation_LLM_card_component_html_6_LLM_GENERATED_card_component_html,RelativeXPathTest,card_component_html,PASSED,null
descriptionwrap,mutation_LLM_card_component_html_6_LLM_GENERATED_card_component_html,RobulaPlusXPathTest,card_component_html,PASSED,null
descriptionwrap,mutation_LLM_card_component_html_6_LLM_GENERATED_card_component_html,RobulaXPathTest,card_component_html,PASSED,null
descriptionwrap,mutation_LLM_card_component_html_6_LLM_GENERATED_card_component_html,SeleniumXPathTest,card_component_html,PASSED,null
titleuppercase,mutation_LLM_card_component_html_58_LLM_GENERATED_card_component_html,AbsoluteXPathTest,card_component_html,FAILED,no such element: Unable to locate element: {"method":"xpath" "selector":"/html/body/angular-spotify-root/as-layout/as-main-view/div[2]/as-search/div/div[3]/div"}
titleuppercase,mutation_LLM_card_component_html_58_LLM_GENERATED_card_component_html,KatalonXPathTest,card_component_html,FAILED,no such element: Unable to locate element: {"method":"xpath" "selector":"(.//*[normalize-space(text()) and normalize-space(.)='Artists'])[1]/following::div[1]"}
titleuppercase,mutation_LLM_card_component_html_58_LLM_GENERATED_card_component_html,RelativeXPathTest,card_component_html,FAILED,no such element: Unable to locate element: {"method":"xpath" "selector":"//body/angular-spotify-root/as-layout/as-main-view/div/as-search/div/div[3]/div[1]"}
titleuppercase,mutation_LLM_card_component_html_58_LLM_GENERATED_card_component_html,RobulaPlusXPathTest,card_component_html,FAILED,no such element: Unable to locate element: {"method":"xpath" "selector":"//*[3]/*[@class='common-grid']"}
titleuppercase,mutation_LLM_card_component_html_58_LLM_GENERATED_card_component_html,RobulaXPathTest,card_component_html,FAILED,no such element: Unable to locate element: {"method":"xpath" "selector":"//div[3]/div"}
titleuppercase,mutation_LLM_card_component_html_58_LLM_GENERATED_card_component_html,SeleniumXPathTest,card_component_html,FAILED,no such element: Unable to locate element: {"method":"css selector" "selector":".ng-star-inserted:nth-child(3) > .common-grid"}
extractedplaylist,mutation_LLM_card_component_html_61_LLM_GENERATED_card_component_html,AbsoluteXPathTest,card_component_html,NOT_APPLICABLE,Application did not recompile.
extractedplaylist,mutation_LLM_card_component_html_61_LLM_GENERATED_card_component_html,KatalonXPathTest,card_component_html,NOT_APPLICABLE,Application did not recompile.
extractedplaylist,mutation_LLM_card_component_html_61_LLM_GENERATED_card_component_html,RelativeXPathTest,card_component_html,NOT_APPLICABLE,Application did not recompile.
extractedplaylist,mutation_LLM_card_component_html_61_LLM_GENERATED_card_component_html,RobulaPlusXPathTest,card_component_html,NOT_APPLICABLE,Application did not recompile.
extractedplaylist,mutation_LLM_card_component_html_61_LLM_GENERATED_card_component_html,RobulaXPathTest,card_component_html,NOT_APPLICABLE,Application did not recompile.
extractedplaylist,mutation_LLM_card_component_html_61_LLM_GENERATED_card_component_html,SeleniumXPathTest,card_component_html,NOT_APPLICABLE,Application did not recompile.
buttonsize,mutation_LLM_card_component_html_52_LLM_GENERATED_card_component_html,AbsoluteXPathTest,card_component_html,PASSED,null
buttonsize,mutation_LLM_card_component_html_52_LLM_GENERATED_card_component_html,KatalonXPathTest,card_component_html,PASSED,null
buttonsize,mutation_LLM_card_component_html_52_LLM_GENERATED_card_component_html,RelativeXPathTest,card_component_html,PASSED,null
buttonsize,mutation_LLM_card_component_html_52_LLM_GENERATED_card_component_html,RobulaPlusXPathTest,card_component_html,PASSED,null
buttonsize,mutation_LLM_card_component_html_52_LLM_GENERATED_card_component_html,RobulaXPathTest,card_component_html,PASSED,null
buttonsize,mutation_LLM_card_component_html_52_LLM_GENERATED_card_component_html,SeleniumXPathTest,card_component_html,PASSED,null


Test results:
Locator,Total,Success,Fragility,Obsolescence,Not Compiled
RelativeXPathTest,20,17,0,1,2
AbsoluteXPathTest,20,17,0,1,2
RobulaXPathTest,20,17,0,1,2
KatalonXPathTest,20,17,0,1,2
SeleniumXPathTest,20,17,0,1,2
RobulaPlusXPathTest,20,17,0,1,2

File saved: output\tests\batches.csv
File saved: output\tests\stats.csv

Tests completed.
Execution time: 647 seconds.
