SLF4J: Failed to load class "org.slf4j.impl.StaticLoggerBinder".
SLF4J: Defaulting to no-operation (NOP) logger implementation
SLF4J: See http://www.slf4j.org/codes.html#StaticLoggerBinder for further details.
WARNING: A restricted method in java.lang.System has been called
WARNING: java.lang.System::load has been called by org.sqlite.SQLiteJDBCLoader in an unnamed module (file:/C:/Users/vince/OneDrive/Desktop/Tirocinio/progetto/Automatic-Angular-E2E-Testing-Suite/mutation-tester/target/mutation-tester-1.0.0-jar-with-dependencies.jar)
WARNING: Use --enable-native-access=ALL-UNNAMED to avoid a warning for callers in this module
WARNING: Restricted methods will be blocked in a future release unless native access is enabled

Loaded class: AbsoluteXPathTest
Loaded abstract class: BaseTest
Loaded class: KatalonXPathTest
Loaded class: RelativeXPathTest
Loaded class: RobulaPlusXPathTest
Loaded class: RobulaXPathTest
Loaded class: SeleniumXPathTest
Loaded factory class: WebDriverFactory
Found 6 classes to execute.
Found 20 mutations to apply.
Starting TypeScript application (npm start)...
TypeScript application started.

20 out of 20 remaining.
Mutation mutation_LLM_card_component_html_63_LLM_GENERATED_card_component_html applied. Waiting for recompile...
Application did not recompile.
Skipping test AbsoluteXPathTest: Application did not recompile.
---------------------------------------------
Skipping test KatalonXPathTest: Application did not recompile.
---------------------------------------------
Skipping test RelativeXPathTest: Application did not recompile.
---------------------------------------------
Skipping test RobulaPlusXPathTest: Application did not recompile.
---------------------------------------------
Skipping test RobulaXPathTest: Application did not recompile.
---------------------------------------------
Skipping test SeleniumXPathTest: Application did not recompile.
---------------------------------------------

19 out of 20 remaining.
Mutation mutation_LLM_card_component_html_67_LLM_GENERATED_card_component_html applied. Waiting for recompile...
Application recompiled successfully.
Starting test for: AbsoluteXPathTest
Jun 17, 2026 9:26:28 PM org.openqa.selenium.devtools.CdpVersionFinder findNearestMatch
AVVERTENZA: Unable to find CDP implementation matching 149
Jun 17, 2026 9:26:28 PM org.openqa.selenium.chromium.ChromiumDriver lambda$new$5
AVVERTENZA: Unable to find version of CDP to use for 149.0.7827.104. You may need to include a dependency on a specific version of the CDP using something similar to `org.seleniumhq.selenium:selenium-devtools-v86:4.27.0` where the version ("v86") matches the version of the chromium-based browser you're using and the version number of the artifact is the same as Selenium's.
[WebDriverFactory] DevTools/sentry-block saltato: You are using a no-op implementation of the CDP. The most likely reason for this is that Selenium was unable to find an implementation of the CDP protocol that matches your browser. Please be sure to include an implementation on the classpath, possibly by adding a new (maven) dependency of `org.seleniumhq.selenium:selenium-devtools-vNN:4.27.0` where `NN` matches the major version of the browser you're using.
Build info: version: '4.27.0', revision: 'd6e718d134'
System info: os.name: 'Windows 11', os.arch: 'amd64', os.version: '10.0', java.version: '25.0.2'
Driver info: DevTools Connection
Test ended: AbsoluteXPathTest [PASSED] null
---------------------------------------------
Starting test for: KatalonXPathTest
Test ended: KatalonXPathTest [PASSED] null
---------------------------------------------
Starting test for: RelativeXPathTest
Test ended: RelativeXPathTest [PASSED] null
---------------------------------------------
Starting test for: RobulaPlusXPathTest
Test ended: RobulaPlusXPathTest [PASSED] null
---------------------------------------------
Starting test for: RobulaXPathTest
Test ended: RobulaXPathTest [PASSED] null
---------------------------------------------
Starting test for: SeleniumXPathTest
Test ended: SeleniumXPathTest [PASSED] null
---------------------------------------------

18 out of 20 remaining.
Mutation mutation_LLM_card_component_html_7_LLM_GENERATED_card_component_html applied. Waiting for recompile...
Application recompiled successfully.
Starting test for: AbsoluteXPathTest
Test ended: AbsoluteXPathTest [PASSED] null
---------------------------------------------
Starting test for: KatalonXPathTest
Test ended: KatalonXPathTest [PASSED] null
---------------------------------------------
Starting test for: RelativeXPathTest
Test ended: RelativeXPathTest [PASSED] null
---------------------------------------------
Starting test for: RobulaPlusXPathTest
Test ended: RobulaPlusXPathTest [PASSED] null
---------------------------------------------
Starting test for: RobulaXPathTest
Test ended: RobulaXPathTest [PASSED] null
---------------------------------------------
Starting test for: SeleniumXPathTest
Test ended: SeleniumXPathTest [PASSED] null
---------------------------------------------

17 out of 20 remaining.
Mutation mutation_LLM_card_component_html_65_LLM_GENERATED_card_component_html applied. Waiting for recompile...
Application recompiled successfully.
Starting test for: AbsoluteXPathTest
Test ended: AbsoluteXPathTest [PASSED] null
---------------------------------------------
Starting test for: KatalonXPathTest
Test ended: KatalonXPathTest [PASSED] null
---------------------------------------------
Starting test for: RelativeXPathTest
Test ended: RelativeXPathTest [PASSED] null
---------------------------------------------
Starting test for: RobulaPlusXPathTest
Test ended: RobulaPlusXPathTest [PASSED] null
---------------------------------------------
Starting test for: RobulaXPathTest
Test ended: RobulaXPathTest [PASSED] null
---------------------------------------------
Starting test for: SeleniumXPathTest
Test ended: SeleniumXPathTest [PASSED] null
---------------------------------------------

16 out of 20 remaining.
Mutation mutation_LLM_card_component_html_69_LLM_GENERATED_card_component_html applied. Waiting for recompile...
Application did not recompile.
Skipping test AbsoluteXPathTest: Application did not recompile.
---------------------------------------------
Skipping test KatalonXPathTest: Application did not recompile.
---------------------------------------------
Skipping test RelativeXPathTest: Application did not recompile.
---------------------------------------------
Skipping test RobulaPlusXPathTest: Application did not recompile.
---------------------------------------------
Skipping test RobulaXPathTest: Application did not recompile.
---------------------------------------------
Skipping test SeleniumXPathTest: Application did not recompile.
---------------------------------------------

15 out of 20 remaining.
Mutation mutation_LLM_card_component_html_71_LLM_GENERATED_card_component_html applied. Waiting for recompile...
Application recompiled successfully.
Starting test for: AbsoluteXPathTest
Test ended: AbsoluteXPathTest [PASSED] null
---------------------------------------------
Starting test for: KatalonXPathTest
Test ended: KatalonXPathTest [PASSED] null
---------------------------------------------
Starting test for: RelativeXPathTest
Test ended: RelativeXPathTest [PASSED] null
---------------------------------------------
Starting test for: RobulaPlusXPathTest
Test ended: RobulaPlusXPathTest [PASSED] null
---------------------------------------------
Starting test for: RobulaXPathTest
Test ended: RobulaXPathTest [PASSED] null
---------------------------------------------
Starting test for: SeleniumXPathTest
Test ended: SeleniumXPathTest [PASSED] null
---------------------------------------------

14 out of 20 remaining.
Mutation mutation_LLM_card_component_html_72_LLM_GENERATED_card_component_html applied. Waiting for recompile...
Application recompiled successfully.
Starting test for: AbsoluteXPathTest
Test ended: AbsoluteXPathTest [PASSED] null
---------------------------------------------
Starting test for: KatalonXPathTest
Test ended: KatalonXPathTest [PASSED] null
---------------------------------------------
Starting test for: RelativeXPathTest
Test ended: RelativeXPathTest [PASSED] null
---------------------------------------------
Starting test for: RobulaPlusXPathTest
Test ended: RobulaPlusXPathTest [PASSED] null
---------------------------------------------
Starting test for: RobulaXPathTest
Test ended: RobulaXPathTest [PASSED] null
---------------------------------------------
Starting test for: SeleniumXPathTest
Test ended: SeleniumXPathTest [PASSED] null
---------------------------------------------

13 out of 20 remaining.
Mutation mutation_LLM_card_component_html_66_LLM_GENERATED_card_component_html applied. Waiting for recompile...
Application recompiled successfully.
Starting test for: AbsoluteXPathTest
Test ended: AbsoluteXPathTest [PASSED] null
---------------------------------------------
Starting test for: KatalonXPathTest
Test ended: KatalonXPathTest [PASSED] null
---------------------------------------------
Starting test for: RelativeXPathTest
Test ended: RelativeXPathTest [PASSED] null
---------------------------------------------
Starting test for: RobulaPlusXPathTest
Test ended: RobulaPlusXPathTest [PASSED] null
---------------------------------------------
Starting test for: RobulaXPathTest
Test ended: RobulaXPathTest [PASSED] null
---------------------------------------------
Starting test for: SeleniumXPathTest
Test ended: SeleniumXPathTest [PASSED] null
---------------------------------------------

12 out of 20 remaining.
Mutation mutation_LLM_card_component_html_74_LLM_GENERATED_card_component_html applied. Waiting for recompile...
Application recompiled successfully.
Starting test for: AbsoluteXPathTest
Test ended: AbsoluteXPathTest [PASSED] null
---------------------------------------------
Starting test for: KatalonXPathTest
Test ended: KatalonXPathTest [PASSED] null
---------------------------------------------
Starting test for: RelativeXPathTest
Test ended: RelativeXPathTest [PASSED] null
---------------------------------------------
Starting test for: RobulaPlusXPathTest
Test ended: RobulaPlusXPathTest [PASSED] null
---------------------------------------------
Starting test for: RobulaXPathTest
Test ended: RobulaXPathTest [PASSED] null
---------------------------------------------
Starting test for: SeleniumXPathTest
Test ended: SeleniumXPathTest [PASSED] null
---------------------------------------------

11 out of 20 remaining.
Mutation mutation_LLM_card_component_html_80_LLM_GENERATED_card_component_html applied. Waiting for recompile...
Application recompiled successfully.
Starting test for: AbsoluteXPathTest
Test ended: AbsoluteXPathTest [PASSED] null
---------------------------------------------
Starting test for: KatalonXPathTest
Test ended: KatalonXPathTest [PASSED] null
---------------------------------------------
Starting test for: RelativeXPathTest
Test ended: RelativeXPathTest [PASSED] null
---------------------------------------------
Starting test for: RobulaPlusXPathTest
Test ended: RobulaPlusXPathTest [PASSED] null
---------------------------------------------
Starting test for: RobulaXPathTest
Test ended: RobulaXPathTest [PASSED] null
---------------------------------------------
Starting test for: SeleniumXPathTest
Test ended: SeleniumXPathTest [PASSED] null
---------------------------------------------

10 out of 20 remaining.
Mutation mutation_LLM_card_component_html_64_LLM_GENERATED_card_component_html applied. Waiting for recompile...
Application recompiled successfully.
Starting test for: AbsoluteXPathTest
Test ended: AbsoluteXPathTest [PASSED] null
---------------------------------------------
Starting test for: KatalonXPathTest
Test ended: KatalonXPathTest [PASSED] null
---------------------------------------------
Starting test for: RelativeXPathTest
Test ended: RelativeXPathTest [PASSED] null
---------------------------------------------
Starting test for: RobulaPlusXPathTest
Test ended: RobulaPlusXPathTest [PASSED] null
---------------------------------------------
Starting test for: RobulaXPathTest
Test ended: RobulaXPathTest [PASSED] null
---------------------------------------------
Starting test for: SeleniumXPathTest
Test ended: SeleniumXPathTest [PASSED] null
---------------------------------------------

9 out of 20 remaining.
Mutation mutation_LLM_card_component_html_75_LLM_GENERATED_card_component_html applied. Waiting for recompile...
Application recompiled successfully.
Starting test for: AbsoluteXPathTest
Test ended: AbsoluteXPathTest [PASSED] null
---------------------------------------------
Starting test for: KatalonXPathTest
Test ended: KatalonXPathTest [PASSED] null
---------------------------------------------
Starting test for: RelativeXPathTest
Test ended: RelativeXPathTest [PASSED] null
---------------------------------------------
Starting test for: RobulaPlusXPathTest
Test ended: RobulaPlusXPathTest [PASSED] null
---------------------------------------------
Starting test for: RobulaXPathTest
Test ended: RobulaXPathTest [PASSED] null
---------------------------------------------
Starting test for: SeleniumXPathTest
Test ended: SeleniumXPathTest [PASSED] null
---------------------------------------------

8 out of 20 remaining.
Mutation mutation_LLM_card_component_html_68_LLM_GENERATED_card_component_html applied. Waiting for recompile...
Application recompiled successfully.
Starting test for: AbsoluteXPathTest
Test ended: AbsoluteXPathTest [PASSED] null
---------------------------------------------
Starting test for: KatalonXPathTest
Test ended: KatalonXPathTest [PASSED] null
---------------------------------------------
Starting test for: RelativeXPathTest
Test ended: RelativeXPathTest [PASSED] null
---------------------------------------------
Starting test for: RobulaPlusXPathTest
Test ended: RobulaPlusXPathTest [PASSED] null
---------------------------------------------
Starting test for: RobulaXPathTest
Test ended: RobulaXPathTest [PASSED] null
---------------------------------------------
Starting test for: SeleniumXPathTest
Test ended: SeleniumXPathTest [PASSED] null
---------------------------------------------

7 out of 20 remaining.
Mutation mutation_LLM_card_component_html_78_LLM_GENERATED_card_component_html applied. Waiting for recompile...
Application recompiled successfully.
Starting test for: AbsoluteXPathTest
Test ended: AbsoluteXPathTest [PASSED] null
---------------------------------------------
Starting test for: KatalonXPathTest
Test ended: KatalonXPathTest [PASSED] null
---------------------------------------------
Starting test for: RelativeXPathTest
Test ended: RelativeXPathTest [PASSED] null
---------------------------------------------
Starting test for: RobulaPlusXPathTest
Test ended: RobulaPlusXPathTest [PASSED] null
---------------------------------------------
Starting test for: RobulaXPathTest
Test ended: RobulaXPathTest [PASSED] null
---------------------------------------------
Starting test for: SeleniumXPathTest
Test ended: SeleniumXPathTest [PASSED] null
---------------------------------------------

6 out of 20 remaining.
Mutation mutation_LLM_card_component_html_73_LLM_GENERATED_card_component_html applied. Waiting for recompile...
Application recompiled successfully.
Starting test for: AbsoluteXPathTest
Test ended: AbsoluteXPathTest [PASSED] null
---------------------------------------------
Starting test for: KatalonXPathTest
Test ended: KatalonXPathTest [PASSED] null
---------------------------------------------
Starting test for: RelativeXPathTest
Test ended: RelativeXPathTest [PASSED] null
---------------------------------------------
Starting test for: RobulaPlusXPathTest
Test ended: RobulaPlusXPathTest [PASSED] null
---------------------------------------------
Starting test for: RobulaXPathTest
Test ended: RobulaXPathTest [PASSED] null
---------------------------------------------
Starting test for: SeleniumXPathTest
Test ended: SeleniumXPathTest [PASSED] null
---------------------------------------------

5 out of 20 remaining.
Mutation mutation_LLM_card_component_html_77_LLM_GENERATED_card_component_html applied. Waiting for recompile...
Application recompiled successfully.
Starting test for: AbsoluteXPathTest
Test ended: AbsoluteXPathTest [PASSED] null
---------------------------------------------
Starting test for: KatalonXPathTest
Test ended: KatalonXPathTest [PASSED] null
---------------------------------------------
Starting test for: RelativeXPathTest
Test ended: RelativeXPathTest [PASSED] null
---------------------------------------------
Starting test for: RobulaPlusXPathTest
Test ended: RobulaPlusXPathTest [PASSED] null
---------------------------------------------
Starting test for: RobulaXPathTest
Test ended: RobulaXPathTest [PASSED] null
---------------------------------------------
Starting test for: SeleniumXPathTest
Test ended: SeleniumXPathTest [PASSED] null
---------------------------------------------

4 out of 20 remaining.
Mutation mutation_LLM_card_component_html_8_LLM_GENERATED_card_component_html applied. Waiting for recompile...
Application recompiled successfully.
Starting test for: AbsoluteXPathTest
Test ended: AbsoluteXPathTest [PASSED] null
---------------------------------------------
Starting test for: KatalonXPathTest
Test ended: KatalonXPathTest [PASSED] null
---------------------------------------------
Starting test for: RelativeXPathTest
Test ended: RelativeXPathTest [PASSED] null
---------------------------------------------
Starting test for: RobulaPlusXPathTest
Test ended: RobulaPlusXPathTest [PASSED] null
---------------------------------------------
Starting test for: RobulaXPathTest
Test ended: RobulaXPathTest [PASSED] null
---------------------------------------------
Starting test for: SeleniumXPathTest
Test ended: SeleniumXPathTest [PASSED] null
---------------------------------------------

3 out of 20 remaining.
Mutation mutation_LLM_card_component_html_76_LLM_GENERATED_card_component_html applied. Waiting for recompile...
Application recompiled successfully.
Starting test for: AbsoluteXPathTest
Test ended: AbsoluteXPathTest [PASSED] null
---------------------------------------------
Starting test for: KatalonXPathTest
Test ended: KatalonXPathTest [PASSED] null
---------------------------------------------
Starting test for: RelativeXPathTest
Test ended: RelativeXPathTest [PASSED] null
---------------------------------------------
Starting test for: RobulaPlusXPathTest
Test ended: RobulaPlusXPathTest [PASSED] null
---------------------------------------------
Starting test for: RobulaXPathTest
Test ended: RobulaXPathTest [PASSED] null
---------------------------------------------
Starting test for: SeleniumXPathTest
Test ended: SeleniumXPathTest [PASSED] null
---------------------------------------------

2 out of 20 remaining.
Mutation mutation_LLM_card_component_html_79_LLM_GENERATED_card_component_html applied. Waiting for recompile...
Application recompiled successfully.
Starting test for: AbsoluteXPathTest
Test ended: AbsoluteXPathTest [PASSED] null
---------------------------------------------
Starting test for: KatalonXPathTest
Test ended: KatalonXPathTest [PASSED] null
---------------------------------------------
Starting test for: RelativeXPathTest
Test ended: RelativeXPathTest [PASSED] null
---------------------------------------------
Starting test for: RobulaPlusXPathTest
Test ended: RobulaPlusXPathTest [PASSED] null
---------------------------------------------
Starting test for: RobulaXPathTest
Test ended: RobulaXPathTest [PASSED] null
---------------------------------------------
Starting test for: SeleniumXPathTest
Test ended: SeleniumXPathTest [PASSED] null
---------------------------------------------

1 out of 20 remaining.
Mutation mutation_LLM_card_component_html_70_LLM_GENERATED_card_component_html applied. Waiting for recompile...
Application recompiled successfully.
Starting test for: AbsoluteXPathTest
Test ended: AbsoluteXPathTest [PASSED] null
---------------------------------------------
Starting test for: KatalonXPathTest
Test ended: KatalonXPathTest [PASSED] null
---------------------------------------------
Starting test for: RelativeXPathTest
Test ended: RelativeXPathTest [PASSED] null
---------------------------------------------
Starting test for: RobulaPlusXPathTest
Test ended: RobulaPlusXPathTest [PASSED] null
---------------------------------------------
Starting test for: RobulaXPathTest
Test ended: RobulaXPathTest [PASSED] null
---------------------------------------------
Starting test for: SeleniumXPathTest
Test ended: SeleniumXPathTest [PASSED] null
---------------------------------------------
Executed batches:
Name,Id,Locator,Tag,Status,Error
refactoredcardstructure,mutation_LLM_card_component_html_63_LLM_GENERATED_card_component_html,AbsoluteXPathTest,card_component_html,NOT_APPLICABLE,Application did not recompile.
refactoredcardstructure,mutation_LLM_card_component_html_63_LLM_GENERATED_card_component_html,KatalonXPathTest,card_component_html,NOT_APPLICABLE,Application did not recompile.
refactoredcardstructure,mutation_LLM_card_component_html_63_LLM_GENERATED_card_component_html,RelativeXPathTest,card_component_html,NOT_APPLICABLE,Application did not recompile.
refactoredcardstructure,mutation_LLM_card_component_html_63_LLM_GENERATED_card_component_html,RobulaPlusXPathTest,card_component_html,NOT_APPLICABLE,Application did not recompile.
refactoredcardstructure,mutation_LLM_card_component_html_63_LLM_GENERATED_card_component_html,RobulaXPathTest,card_component_html,NOT_APPLICABLE,Application did not recompile.
refactoredcardstructure,mutation_LLM_card_component_html_63_LLM_GENERATED_card_component_html,SeleniumXPathTest,card_component_html,NOT_APPLICABLE,Application did not recompile.
modifiedcardtitleclass,mutation_LLM_card_component_html_67_LLM_GENERATED_card_component_html,AbsoluteXPathTest,card_component_html,PASSED,null
modifiedcardtitleclass,mutation_LLM_card_component_html_67_LLM_GENERATED_card_component_html,KatalonXPathTest,card_component_html,PASSED,null
modifiedcardtitleclass,mutation_LLM_card_component_html_67_LLM_GENERATED_card_component_html,RelativeXPathTest,card_component_html,PASSED,null
modifiedcardtitleclass,mutation_LLM_card_component_html_67_LLM_GENERATED_card_component_html,RobulaPlusXPathTest,card_component_html,PASSED,null
modifiedcardtitleclass,mutation_LLM_card_component_html_67_LLM_GENERATED_card_component_html,RobulaXPathTest,card_component_html,PASSED,null
modifiedcardtitleclass,mutation_LLM_card_component_html_67_LLM_GENERATED_card_component_html,SeleniumXPathTest,card_component_html,PASSED,null
simplifiedcard,mutation_LLM_card_component_html_7_LLM_GENERATED_card_component_html,AbsoluteXPathTest,card_component_html,PASSED,null
simplifiedcard,mutation_LLM_card_component_html_7_LLM_GENERATED_card_component_html,KatalonXPathTest,card_component_html,PASSED,null
simplifiedcard,mutation_LLM_card_component_html_7_LLM_GENERATED_card_component_html,RelativeXPathTest,card_component_html,PASSED,null
simplifiedcard,mutation_LLM_card_component_html_7_LLM_GENERATED_card_component_html,RobulaPlusXPathTest,card_component_html,PASSED,null
simplifiedcard,mutation_LLM_card_component_html_7_LLM_GENERATED_card_component_html,RobulaXPathTest,card_component_html,PASSED,null
simplifiedcard,mutation_LLM_card_component_html_7_LLM_GENERATED_card_component_html,SeleniumXPathTest,card_component_html,PASSED,null
simplifiedcardbody,mutation_LLM_card_component_html_65_LLM_GENERATED_card_component_html,AbsoluteXPathTest,card_component_html,PASSED,null
simplifiedcardbody,mutation_LLM_card_component_html_65_LLM_GENERATED_card_component_html,KatalonXPathTest,card_component_html,PASSED,null
simplifiedcardbody,mutation_LLM_card_component_html_65_LLM_GENERATED_card_component_html,RelativeXPathTest,card_component_html,PASSED,null
simplifiedcardbody,mutation_LLM_card_component_html_65_LLM_GENERATED_card_component_html,RobulaPlusXPathTest,card_component_html,PASSED,null
simplifiedcardbody,mutation_LLM_card_component_html_65_LLM_GENERATED_card_component_html,RobulaXPathTest,card_component_html,PASSED,null
simplifiedcardbody,mutation_LLM_card_component_html_65_LLM_GENERATED_card_component_html,SeleniumXPathTest,card_component_html,PASSED,null
movedplaybutton,mutation_LLM_card_component_html_69_LLM_GENERATED_card_component_html,AbsoluteXPathTest,card_component_html,NOT_APPLICABLE,Application did not recompile.
movedplaybutton,mutation_LLM_card_component_html_69_LLM_GENERATED_card_component_html,KatalonXPathTest,card_component_html,NOT_APPLICABLE,Application did not recompile.
movedplaybutton,mutation_LLM_card_component_html_69_LLM_GENERATED_card_component_html,RelativeXPathTest,card_component_html,NOT_APPLICABLE,Application did not recompile.
movedplaybutton,mutation_LLM_card_component_html_69_LLM_GENERATED_card_component_html,RobulaPlusXPathTest,card_component_html,NOT_APPLICABLE,Application did not recompile.
movedplaybutton,mutation_LLM_card_component_html_69_LLM_GENERATED_card_component_html,RobulaXPathTest,card_component_html,NOT_APPLICABLE,Application did not recompile.
movedplaybutton,mutation_LLM_card_component_html_69_LLM_GENERATED_card_component_html,SeleniumXPathTest,card_component_html,NOT_APPLICABLE,Application did not recompile.
modifiedfontstyle,mutation_LLM_card_component_html_71_LLM_GENERATED_card_component_html,AbsoluteXPathTest,card_component_html,PASSED,null
modifiedfontstyle,mutation_LLM_card_component_html_71_LLM_GENERATED_card_component_html,KatalonXPathTest,card_component_html,PASSED,null
modifiedfontstyle,mutation_LLM_card_component_html_71_LLM_GENERATED_card_component_html,RelativeXPathTest,card_component_html,PASSED,null
modifiedfontstyle,mutation_LLM_card_component_html_71_LLM_GENERATED_card_component_html,RobulaPlusXPathTest,card_component_html,PASSED,null
modifiedfontstyle,mutation_LLM_card_component_html_71_LLM_GENERATED_card_component_html,RobulaXPathTest,card_component_html,PASSED,null
modifiedfontstyle,mutation_LLM_card_component_html_71_LLM_GENERATED_card_component_html,SeleniumXPathTest,card_component_html,PASSED,null
changedbuttonclass,mutation_LLM_card_component_html_72_LLM_GENERATED_card_component_html,AbsoluteXPathTest,card_component_html,PASSED,null
changedbuttonclass,mutation_LLM_card_component_html_72_LLM_GENERATED_card_component_html,KatalonXPathTest,card_component_html,PASSED,null
changedbuttonclass,mutation_LLM_card_component_html_72_LLM_GENERATED_card_component_html,RelativeXPathTest,card_component_html,PASSED,null
changedbuttonclass,mutation_LLM_card_component_html_72_LLM_GENERATED_card_component_html,RobulaPlusXPathTest,card_component_html,PASSED,null
changedbuttonclass,mutation_LLM_card_component_html_72_LLM_GENERATED_card_component_html,RobulaXPathTest,card_component_html,PASSED,null
changedbuttonclass,mutation_LLM_card_component_html_72_LLM_GENERATED_card_component_html,SeleniumXPathTest,card_component_html,PASSED,null
removedplaybuttonoverlayclass,mutation_LLM_card_component_html_66_LLM_GENERATED_card_component_html,AbsoluteXPathTest,card_component_html,PASSED,null
removedplaybuttonoverlayclass,mutation_LLM_card_component_html_66_LLM_GENERATED_card_component_html,KatalonXPathTest,card_component_html,PASSED,null
removedplaybuttonoverlayclass,mutation_LLM_card_component_html_66_LLM_GENERATED_card_component_html,RelativeXPathTest,card_component_html,PASSED,null
removedplaybuttonoverlayclass,mutation_LLM_card_component_html_66_LLM_GENERATED_card_component_html,RobulaPlusXPathTest,card_component_html,PASSED,null
removedplaybuttonoverlayclass,mutation_LLM_card_component_html_66_LLM_GENERATED_card_component_html,RobulaXPathTest,card_component_html,PASSED,null
removedplaybuttonoverlayclass,mutation_LLM_card_component_html_66_LLM_GENERATED_card_component_html,SeleniumXPathTest,card_component_html,PASSED,null
cardlinkclass,mutation_LLM_card_component_html_74_LLM_GENERATED_card_component_html,AbsoluteXPathTest,card_component_html,PASSED,null
cardlinkclass,mutation_LLM_card_component_html_74_LLM_GENERATED_card_component_html,KatalonXPathTest,card_component_html,PASSED,null
cardlinkclass,mutation_LLM_card_component_html_74_LLM_GENERATED_card_component_html,RelativeXPathTest,card_component_html,PASSED,null
cardlinkclass,mutation_LLM_card_component_html_74_LLM_GENERATED_card_component_html,RobulaPlusXPathTest,card_component_html,PASSED,null
cardlinkclass,mutation_LLM_card_component_html_74_LLM_GENERATED_card_component_html,RobulaXPathTest,card_component_html,PASSED,null
cardlinkclass,mutation_LLM_card_component_html_74_LLM_GENERATED_card_component_html,SeleniumXPathTest,card_component_html,PASSED,null
changedcarddescription,mutation_LLM_card_component_html_80_LLM_GENERATED_card_component_html,AbsoluteXPathTest,card_component_html,PASSED,null
changedcarddescription,mutation_LLM_card_component_html_80_LLM_GENERATED_card_component_html,KatalonXPathTest,card_component_html,PASSED,null
changedcarddescription,mutation_LLM_card_component_html_80_LLM_GENERATED_card_component_html,RelativeXPathTest,card_component_html,PASSED,null
changedcarddescription,mutation_LLM_card_component_html_80_LLM_GENERATED_card_component_html,RobulaPlusXPathTest,card_component_html,PASSED,null
changedcarddescription,mutation_LLM_card_component_html_80_LLM_GENERATED_card_component_html,RobulaXPathTest,card_component_html,PASSED,null
changedcarddescription,mutation_LLM_card_component_html_80_LLM_GENERATED_card_component_html,SeleniumXPathTest,card_component_html,PASSED,null
addedcontainerdiv,mutation_LLM_card_component_html_64_LLM_GENERATED_card_component_html,AbsoluteXPathTest,card_component_html,PASSED,null
addedcontainerdiv,mutation_LLM_card_component_html_64_LLM_GENERATED_card_component_html,KatalonXPathTest,card_component_html,PASSED,null
addedcontainerdiv,mutation_LLM_card_component_html_64_LLM_GENERATED_card_component_html,RelativeXPathTest,card_component_html,PASSED,null
addedcontainerdiv,mutation_LLM_card_component_html_64_LLM_GENERATED_card_component_html,RobulaPlusXPathTest,card_component_html,PASSED,null
addedcontainerdiv,mutation_LLM_card_component_html_64_LLM_GENERATED_card_component_html,RobulaXPathTest,card_component_html,PASSED,null
addedcontainerdiv,mutation_LLM_card_component_html_64_LLM_GENERATED_card_component_html,SeleniumXPathTest,card_component_html,PASSED,null
titleellipsis,mutation_LLM_card_component_html_75_LLM_GENERATED_card_component_html,AbsoluteXPathTest,card_component_html,PASSED,null
titleellipsis,mutation_LLM_card_component_html_75_LLM_GENERATED_card_component_html,KatalonXPathTest,card_component_html,PASSED,null
titleellipsis,mutation_LLM_card_component_html_75_LLM_GENERATED_card_component_html,RelativeXPathTest,card_component_html,PASSED,null
titleellipsis,mutation_LLM_card_component_html_75_LLM_GENERATED_card_component_html,RobulaPlusXPathTest,card_component_html,PASSED,null
titleellipsis,mutation_LLM_card_component_html_75_LLM_GENERATED_card_component_html,RobulaXPathTest,card_component_html,PASSED,null
titleellipsis,mutation_LLM_card_component_html_75_LLM_GENERATED_card_component_html,SeleniumXPathTest,card_component_html,PASSED,null
wrappedcarddescription,mutation_LLM_card_component_html_68_LLM_GENERATED_card_component_html,AbsoluteXPathTest,card_component_html,PASSED,null
wrappedcarddescription,mutation_LLM_card_component_html_68_LLM_GENERATED_card_component_html,KatalonXPathTest,card_component_html,PASSED,null
wrappedcarddescription,mutation_LLM_card_component_html_68_LLM_GENERATED_card_component_html,RelativeXPathTest,card_component_html,PASSED,null
wrappedcarddescription,mutation_LLM_card_component_html_68_LLM_GENERATED_card_component_html,RobulaPlusXPathTest,card_component_html,PASSED,null
wrappedcarddescription,mutation_LLM_card_component_html_68_LLM_GENERATED_card_component_html,RobulaXPathTest,card_component_html,PASSED,null
wrappedcarddescription,mutation_LLM_card_component_html_68_LLM_GENERATED_card_component_html,SeleniumXPathTest,card_component_html,PASSED,null
reorderedcardbody,mutation_LLM_card_component_html_78_LLM_GENERATED_card_component_html,AbsoluteXPathTest,card_component_html,PASSED,null
reorderedcardbody,mutation_LLM_card_component_html_78_LLM_GENERATED_card_component_html,KatalonXPathTest,card_component_html,PASSED,null
reorderedcardbody,mutation_LLM_card_component_html_78_LLM_GENERATED_card_component_html,RelativeXPathTest,card_component_html,PASSED,null
reorderedcardbody,mutation_LLM_card_component_html_78_LLM_GENERATED_card_component_html,RobulaPlusXPathTest,card_component_html,PASSED,null
reorderedcardbody,mutation_LLM_card_component_html_78_LLM_GENERATED_card_component_html,RobulaXPathTest,card_component_html,PASSED,null
reorderedcardbody,mutation_LLM_card_component_html_78_LLM_GENERATED_card_component_html,SeleniumXPathTest,card_component_html,PASSED,null
titleellipsis,mutation_LLM_card_component_html_73_LLM_GENERATED_card_component_html,AbsoluteXPathTest,card_component_html,PASSED,null
titleellipsis,mutation_LLM_card_component_html_73_LLM_GENERATED_card_component_html,KatalonXPathTest,card_component_html,PASSED,null
titleellipsis,mutation_LLM_card_component_html_73_LLM_GENERATED_card_component_html,RelativeXPathTest,card_component_html,PASSED,null
titleellipsis,mutation_LLM_card_component_html_73_LLM_GENERATED_card_component_html,RobulaPlusXPathTest,card_component_html,PASSED,null
titleellipsis,mutation_LLM_card_component_html_73_LLM_GENERATED_card_component_html,RobulaXPathTest,card_component_html,PASSED,null
titleellipsis,mutation_LLM_card_component_html_73_LLM_GENERATED_card_component_html,SeleniumXPathTest,card_component_html,PASSED,null
modifiedplaybutton,mutation_LLM_card_component_html_77_LLM_GENERATED_card_component_html,AbsoluteXPathTest,card_component_html,PASSED,null
modifiedplaybutton,mutation_LLM_card_component_html_77_LLM_GENERATED_card_component_html,KatalonXPathTest,card_component_html,PASSED,null
modifiedplaybutton,mutation_LLM_card_component_html_77_LLM_GENERATED_card_component_html,RelativeXPathTest,card_component_html,PASSED,null
modifiedplaybutton,mutation_LLM_card_component_html_77_LLM_GENERATED_card_component_html,RobulaPlusXPathTest,card_component_html,PASSED,null
modifiedplaybutton,mutation_LLM_card_component_html_77_LLM_GENERATED_card_component_html,RobulaXPathTest,card_component_html,PASSED,null
modifiedplaybutton,mutation_LLM_card_component_html_77_LLM_GENERATED_card_component_html,SeleniumXPathTest,card_component_html,PASSED,null
playbuttonrepositioned,mutation_LLM_card_component_html_8_LLM_GENERATED_card_component_html,AbsoluteXPathTest,card_component_html,PASSED,null
playbuttonrepositioned,mutation_LLM_card_component_html_8_LLM_GENERATED_card_component_html,KatalonXPathTest,card_component_html,PASSED,null
playbuttonrepositioned,mutation_LLM_card_component_html_8_LLM_GENERATED_card_component_html,RelativeXPathTest,card_component_html,PASSED,null
playbuttonrepositioned,mutation_LLM_card_component_html_8_LLM_GENERATED_card_component_html,RobulaPlusXPathTest,card_component_html,PASSED,null
playbuttonrepositioned,mutation_LLM_card_component_html_8_LLM_GENERATED_card_component_html,RobulaXPathTest,card_component_html,PASSED,null
playbuttonrepositioned,mutation_LLM_card_component_html_8_LLM_GENERATED_card_component_html,SeleniumXPathTest,card_component_html,PASSED,null
descriptionwrapping,mutation_LLM_card_component_html_76_LLM_GENERATED_card_component_html,AbsoluteXPathTest,card_component_html,PASSED,null
descriptionwrapping,mutation_LLM_card_component_html_76_LLM_GENERATED_card_component_html,KatalonXPathTest,card_component_html,PASSED,null
descriptionwrapping,mutation_LLM_card_component_html_76_LLM_GENERATED_card_component_html,RelativeXPathTest,card_component_html,PASSED,null
descriptionwrapping,mutation_LLM_card_component_html_76_LLM_GENERATED_card_component_html,RobulaPlusXPathTest,card_component_html,PASSED,null
descriptionwrapping,mutation_LLM_card_component_html_76_LLM_GENERATED_card_component_html,RobulaXPathTest,card_component_html,PASSED,null
descriptionwrapping,mutation_LLM_card_component_html_76_LLM_GENERATED_card_component_html,SeleniumXPathTest,card_component_html,PASSED,null
addedcardfooter,mutation_LLM_card_component_html_79_LLM_GENERATED_card_component_html,AbsoluteXPathTest,card_component_html,PASSED,null
addedcardfooter,mutation_LLM_card_component_html_79_LLM_GENERATED_card_component_html,KatalonXPathTest,card_component_html,PASSED,null
addedcardfooter,mutation_LLM_card_component_html_79_LLM_GENERATED_card_component_html,RelativeXPathTest,card_component_html,PASSED,null
addedcardfooter,mutation_LLM_card_component_html_79_LLM_GENERATED_card_component_html,RobulaPlusXPathTest,card_component_html,PASSED,null
addedcardfooter,mutation_LLM_card_component_html_79_LLM_GENERATED_card_component_html,RobulaXPathTest,card_component_html,PASSED,null
addedcardfooter,mutation_LLM_card_component_html_79_LLM_GENERATED_card_component_html,SeleniumXPathTest,card_component_html,PASSED,null
addedborderradius,mutation_LLM_card_component_html_70_LLM_GENERATED_card_component_html,AbsoluteXPathTest,card_component_html,PASSED,null
addedborderradius,mutation_LLM_card_component_html_70_LLM_GENERATED_card_component_html,KatalonXPathTest,card_component_html,PASSED,null
addedborderradius,mutation_LLM_card_component_html_70_LLM_GENERATED_card_component_html,RelativeXPathTest,card_component_html,PASSED,null
addedborderradius,mutation_LLM_card_component_html_70_LLM_GENERATED_card_component_html,RobulaPlusXPathTest,card_component_html,PASSED,null
addedborderradius,mutation_LLM_card_component_html_70_LLM_GENERATED_card_component_html,RobulaXPathTest,card_component_html,PASSED,null
addedborderradius,mutation_LLM_card_component_html_70_LLM_GENERATED_card_component_html,SeleniumXPathTest,card_component_html,PASSED,null


Test results:
Locator,Total,Success,Fragility,Obsolescence,Not Compiled
RelativeXPathTest,20,18,0,0,2
AbsoluteXPathTest,20,18,0,0,2
RobulaXPathTest,20,18,0,0,2
KatalonXPathTest,20,18,0,0,2
SeleniumXPathTest,20,18,0,0,2
RobulaPlusXPathTest,20,18,0,0,2

File saved: output\tests\batches.csv
File saved: output\tests\stats.csv

Tests completed.
Execution time: 509 seconds.
