SLF4J: Failed to load class "org.slf4j.impl.StaticLoggerBinder".
SLF4J: Defaulting to no-operation (NOP) logger implementation
SLF4J: See http://www.slf4j.org/codes.html#StaticLoggerBinder for further details.
WARNING: A restricted method in java.lang.System has been called
WARNING: java.lang.System::load has been called by org.sqlite.SQLiteJDBCLoader in an unnamed module (file:/C:/Users/vince/OneDrive/Desktop/Tirocinio/progetto/Automatic-Angular-E2E-Testing-Suite/mutation-tester/target/mutation-tester-1.0.0-jar-with-dependencies.jar)
WARNING: Use --enable-native-access=ALL-UNNAMED to avoid a warning for callers in this module
WARNING: Restricted methods will be blocked in a future release unless native access is enabled

Loaded class: AbsoluteXPathTest
Loaded abstract class: BaseTest
Loaded class: KatalonXPathTest
Loaded class: RelativeXPathTest
Loaded class: RobulaPlusXPathTest
Loaded class: RobulaXPathTest
Loaded class: SeleniumXPathTest
Loaded factory class: WebDriverFactory
Found 6 classes to execute.
Found 9 mutations to apply.
Starting TypeScript application (npm start)...
TypeScript application started.

9 out of 9 remaining.
Mutation mutation_k_tag_ins_mut_delta applied. Waiting for recompile...
Application recompiled successfully.
Starting test for: AbsoluteXPathTest
Jun 12, 2026 12:28:28 PM org.openqa.selenium.devtools.CdpVersionFinder findNearestMatch
AVVERTENZA: Unable to find CDP implementation matching 148
Jun 12, 2026 12:28:29 PM org.openqa.selenium.chromium.ChromiumDriver lambda$new$5
AVVERTENZA: Unable to find version of CDP to use for 148.0.7778.218. You may need to include a dependency on a specific version of the CDP using something similar to `org.seleniumhq.selenium:selenium-devtools-v86:4.27.0` where the version ("v86") matches the version of the chromium-based browser you're using and the version number of the artifact is the same as Selenium's.
[WebDriverFactory] DevTools/sentry-block saltato: You are using a no-op implementation of the CDP. The most likely reason for this is that Selenium was unable to find an implementation of the CDP protocol that matches your browser. Please be sure to include an implementation on the classpath, possibly by adding a new (maven) dependency of `org.seleniumhq.selenium:selenium-devtools-vNN:4.27.0` where `NN` matches the major version of the browser you're using.
Build info: version: '4.27.0', revision: 'd6e718d134'
System info: os.name: 'Windows 11', os.arch: 'amd64', os.version: '10.0', java.version: '25.0.2'
Driver info: DevTools Connection
Test ended: AbsoluteXPathTest [PASSED] null
---------------------------------------------
Starting test for: KatalonXPathTest
Test ended: KatalonXPathTest [PASSED] null
---------------------------------------------
Starting test for: RelativeXPathTest
Test ended: RelativeXPathTest [PASSED] null
---------------------------------------------
Starting test for: RobulaPlusXPathTest
Test ended: RobulaPlusXPathTest [PASSED] null
---------------------------------------------
Starting test for: RobulaXPathTest
Test ended: RobulaXPathTest [PASSED] null
---------------------------------------------
Starting test for: SeleniumXPathTest
Test ended: SeleniumXPathTest [PASSED] null
---------------------------------------------

8 out of 9 remaining.
Mutation mutation_k_tag_ins_mut_alpha applied. Waiting for recompile...
Application recompiled successfully.
Starting test for: AbsoluteXPathTest
Test ended: AbsoluteXPathTest [PASSED] null
---------------------------------------------
Starting test for: KatalonXPathTest
Test ended: KatalonXPathTest [FAILED] no such element: Unable to locate element: {"method":"xpath" "selector":"(.//*[normalize-space(text()) and normalize-space(.)='Title'])[1]/following::div[1]"}
---------------------------------------------
Starting test for: RelativeXPathTest
Test ended: RelativeXPathTest [FAILED] no such element: Unable to locate element: {"method":"xpath" "selector":"//body/angular-spotify-root/as-layout/as-main-view/div/as-search/div/div[2]/div[1]"}
---------------------------------------------
Starting test for: RobulaPlusXPathTest
Test ended: RobulaPlusXPathTest [FAILED] no such element: Unable to locate element: {"method":"xpath" "selector":"//*[@class='mb-8']"}
---------------------------------------------
Starting test for: RobulaXPathTest
Test ended: RobulaXPathTest [FAILED] no such element: Unable to locate element: {"method":"xpath" "selector":"//div[@class='mb-8']"}
---------------------------------------------
Starting test for: SeleniumXPathTest
Test ended: SeleniumXPathTest [FAILED] no such element: Unable to locate element: {"method":"css selector" "selector":".mb-8"}
---------------------------------------------

7 out of 9 remaining.
Mutation mutation_k_tag_ins_mut_alpha applied. Waiting for recompile...
Application recompiled successfully.
Starting test for: AbsoluteXPathTest
Test ended: AbsoluteXPathTest [FAILED] no such element: Unable to locate element: {"method":"xpath" "selector":"/html/body/angular-spotify-root/as-layout/as-main-view/div[2]/as-search/div/div[2]/div"}
---------------------------------------------
Starting test for: KatalonXPathTest
Test ended: KatalonXPathTest [FAILED] no such element: Unable to locate element: {"method":"xpath" "selector":"(.//*[normalize-space(text()) and normalize-space(.)='Title'])[1]/following::div[1]"}
---------------------------------------------
Starting test for: RelativeXPathTest
Test ended: RelativeXPathTest [FAILED] no such element: Unable to locate element: {"method":"xpath" "selector":"//body/angular-spotify-root/as-layout/as-main-view/div/as-search/div/div[2]/div[1]"}
---------------------------------------------
Starting test for: RobulaPlusXPathTest
Test ended: RobulaPlusXPathTest [FAILED] no such element: Unable to locate element: {"method":"xpath" "selector":"//*[@class='mb-8']"}
---------------------------------------------
Starting test for: RobulaXPathTest
Test ended: RobulaXPathTest [FAILED] no such element: Unable to locate element: {"method":"xpath" "selector":"//div[@class='mb-8']"}
---------------------------------------------
Starting test for: SeleniumXPathTest
Test ended: SeleniumXPathTest [FAILED] no such element: Unable to locate element: {"method":"css selector" "selector":".mb-8"}
---------------------------------------------

6 out of 9 remaining.
Mutation mutation_k_tag_ins_mut_beta applied. Waiting for recompile...
Application recompiled successfully.
Starting test for: AbsoluteXPathTest
Test ended: AbsoluteXPathTest [FAILED] no such element: Unable to locate element: {"method":"xpath" "selector":"/html/body/angular-spotify-root/as-layout/as-main-view/div[2]/as-search/div/div[2]/div"}
---------------------------------------------
Starting test for: KatalonXPathTest
Test ended: KatalonXPathTest [FAILED] no such element: Unable to locate element: {"method":"xpath" "selector":"(.//*[normalize-space(text()) and normalize-space(.)='Title'])[1]/following::div[1]"}
---------------------------------------------
Starting test for: RelativeXPathTest
Test ended: RelativeXPathTest [FAILED] no such element: Unable to locate element: {"method":"xpath" "selector":"//body/angular-spotify-root/as-layout/as-main-view/div/as-search/div/div[2]/div[1]"}
---------------------------------------------
Starting test for: RobulaPlusXPathTest
Test ended: RobulaPlusXPathTest [FAILED] no such element: Unable to locate element: {"method":"xpath" "selector":"//*[@class='mb-8']"}
---------------------------------------------
Starting test for: RobulaXPathTest
Test ended: RobulaXPathTest [FAILED] no such element: Unable to locate element: {"method":"xpath" "selector":"//div[@class='mb-8']"}
---------------------------------------------
Starting test for: SeleniumXPathTest
Test ended: SeleniumXPathTest [FAILED] no such element: Unable to locate element: {"method":"css selector" "selector":".mb-8"}
---------------------------------------------

5 out of 9 remaining.
Mutation mutation_k_tag_ins_mut_beta applied. Waiting for recompile...
Application recompiled successfully.
Starting test for: AbsoluteXPathTest
Test ended: AbsoluteXPathTest [FAILED] no such element: Unable to locate element: {"method":"xpath" "selector":"/html/body/angular-spotify-root/as-layout/as-main-view/div[2]/as-search/div/div[2]/div"}
---------------------------------------------
Starting test for: KatalonXPathTest
Test ended: KatalonXPathTest [FAILED] no such element: Unable to locate element: {"method":"xpath" "selector":"(.//*[normalize-space(text()) and normalize-space(.)='Title'])[1]/following::div[1]"}
---------------------------------------------
Starting test for: RelativeXPathTest
Test ended: RelativeXPathTest [FAILED] no such element: Unable to locate element: {"method":"xpath" "selector":"//body/angular-spotify-root/as-layout/as-main-view/div/as-search/div/div[2]/div[1]"}
---------------------------------------------
Starting test for: RobulaPlusXPathTest
Test ended: RobulaPlusXPathTest [FAILED] no such element: Unable to locate element: {"method":"xpath" "selector":"//*[@class='mb-8']"}
---------------------------------------------
Starting test for: RobulaXPathTest
Test ended: RobulaXPathTest [FAILED] no such element: Unable to locate element: {"method":"xpath" "selector":"//div[@class='mb-8']"}
---------------------------------------------
Starting test for: SeleniumXPathTest
Test ended: SeleniumXPathTest [FAILED] no such element: Unable to locate element: {"method":"css selector" "selector":".mb-8"}
---------------------------------------------

4 out of 9 remaining.
Mutation mutation_k_tag_ins_mut_beta applied. Waiting for recompile...
Application recompiled successfully.
Starting test for: AbsoluteXPathTest
Test ended: AbsoluteXPathTest [FAILED] no such element: Unable to locate element: {"method":"xpath" "selector":"/html/body/angular-spotify-root/as-layout/as-main-view/div[2]/as-search/div/div[2]/div"}
---------------------------------------------
Starting test for: KatalonXPathTest
Test ended: KatalonXPathTest [FAILED] no such element: Unable to locate element: {"method":"xpath" "selector":"(.//*[normalize-space(text()) and normalize-space(.)='Title'])[1]/following::div[1]"}
---------------------------------------------
Starting test for: RelativeXPathTest
Test ended: RelativeXPathTest [FAILED] no such element: Unable to locate element: {"method":"xpath" "selector":"//body/angular-spotify-root/as-layout/as-main-view/div/as-search/div/div[2]/div[1]"}
---------------------------------------------
Starting test for: RobulaPlusXPathTest
Test ended: RobulaPlusXPathTest [FAILED] no such element: Unable to locate element: {"method":"xpath" "selector":"//*[@class='mb-8']"}
---------------------------------------------
Starting test for: RobulaXPathTest
Test ended: RobulaXPathTest [FAILED] no such element: Unable to locate element: {"method":"xpath" "selector":"//div[@class='mb-8']"}
---------------------------------------------
Starting test for: SeleniumXPathTest
Test ended: SeleniumXPathTest [FAILED] no such element: Unable to locate element: {"method":"css selector" "selector":".mb-8"}
---------------------------------------------

3 out of 9 remaining.
Mutation mutation_k_tag_ins_mut_gamma applied. Waiting for recompile...
Application recompiled successfully.
Starting test for: AbsoluteXPathTest
Test ended: AbsoluteXPathTest [FAILED] no such element: Unable to locate element: {"method":"xpath" "selector":"/html/body/angular-spotify-root/as-layout/as-main-view/div[2]/as-search/div/div[2]/div"}
---------------------------------------------
Starting test for: KatalonXPathTest
Test ended: KatalonXPathTest [FAILED] no such element: Unable to locate element: {"method":"xpath" "selector":"(.//*[normalize-space(text()) and normalize-space(.)='Title'])[1]/following::div[1]"}
---------------------------------------------
Starting test for: RelativeXPathTest
Test ended: RelativeXPathTest [FAILED] no such element: Unable to locate element: {"method":"xpath" "selector":"//body/angular-spotify-root/as-layout/as-main-view/div/as-search/div/div[2]/div[1]"}
---------------------------------------------
Starting test for: RobulaPlusXPathTest
Test ended: RobulaPlusXPathTest [FAILED] no such element: Unable to locate element: {"method":"xpath" "selector":"//*[@class='mb-8']"}
---------------------------------------------
Starting test for: RobulaXPathTest
Test ended: RobulaXPathTest [FAILED] no such element: Unable to locate element: {"method":"xpath" "selector":"//div[@class='mb-8']"}
---------------------------------------------
Starting test for: SeleniumXPathTest
Test ended: SeleniumXPathTest [FAILED] no such element: Unable to locate element: {"method":"css selector" "selector":".mb-8"}
---------------------------------------------

2 out of 9 remaining.
Mutation mutation_k_tag_ins_mut_gamma applied. Waiting for recompile...
Application recompiled successfully.
Starting test for: AbsoluteXPathTest
Test ended: AbsoluteXPathTest [FAILED] no such element: Unable to locate element: {"method":"xpath" "selector":"/html/body/angular-spotify-root/as-layout/as-main-view/div[2]/as-search/div/div[2]/div"}
---------------------------------------------
Starting test for: KatalonXPathTest
Test ended: KatalonXPathTest [FAILED] no such element: Unable to locate element: {"method":"xpath" "selector":"(.//*[normalize-space(text()) and normalize-space(.)='Title'])[1]/following::div[1]"}
---------------------------------------------
Starting test for: RelativeXPathTest
Test ended: RelativeXPathTest [FAILED] no such element: Unable to locate element: {"method":"xpath" "selector":"//body/angular-spotify-root/as-layout/as-main-view/div/as-search/div/div[2]/div[1]"}
---------------------------------------------
Starting test for: RobulaPlusXPathTest
Test ended: RobulaPlusXPathTest [FAILED] no such element: Unable to locate element: {"method":"xpath" "selector":"//*[@class='mb-8']"}
---------------------------------------------
Starting test for: RobulaXPathTest
Test ended: RobulaXPathTest [FAILED] no such element: Unable to locate element: {"method":"xpath" "selector":"//div[@class='mb-8']"}
---------------------------------------------
Starting test for: SeleniumXPathTest
Test ended: SeleniumXPathTest [FAILED] no such element: Unable to locate element: {"method":"css selector" "selector":".mb-8"}
---------------------------------------------

1 out of 9 remaining.
Mutation mutation_k_tag_ins_mut_gamma applied. Waiting for recompile...
Application recompiled successfully.
Starting test for: AbsoluteXPathTest
Test ended: AbsoluteXPathTest [FAILED] no such element: Unable to locate element: {"method":"xpath" "selector":"/html/body/angular-spotify-root/as-layout/as-main-view/div[2]/as-search/div/div[2]/div"}
---------------------------------------------
Starting test for: KatalonXPathTest
Test ended: KatalonXPathTest [FAILED] no such element: Unable to locate element: {"method":"xpath" "selector":"(.//*[normalize-space(text()) and normalize-space(.)='Title'])[1]/following::div[1]"}
---------------------------------------------
Starting test for: RelativeXPathTest
Test ended: RelativeXPathTest [FAILED] no such element: Unable to locate element: {"method":"xpath" "selector":"//body/angular-spotify-root/as-layout/as-main-view/div/as-search/div/div[2]/div[1]"}
---------------------------------------------
Starting test for: RobulaPlusXPathTest
Test ended: RobulaPlusXPathTest [FAILED] no such element: Unable to locate element: {"method":"xpath" "selector":"//*[@class='mb-8']"}
---------------------------------------------
Starting test for: RobulaXPathTest
Test ended: RobulaXPathTest [FAILED] no such element: Unable to locate element: {"method":"xpath" "selector":"//div[@class='mb-8']"}
---------------------------------------------
Starting test for: SeleniumXPathTest
Test ended: SeleniumXPathTest [FAILED] no such element: Unable to locate element: {"method":"css selector" "selector":".mb-8"}
---------------------------------------------
Executed batches:
Name,Id,Locator,Tag,Status,Error
SongCard,mutation_k_tag_ins_mut_delta,AbsoluteXPathTest,delta,PASSED,null
SongCard,mutation_k_tag_ins_mut_delta,KatalonXPathTest,delta,PASSED,null
SongCard,mutation_k_tag_ins_mut_delta,RelativeXPathTest,delta,PASSED,null
SongCard,mutation_k_tag_ins_mut_delta,RobulaPlusXPathTest,delta,PASSED,null
SongCard,mutation_k_tag_ins_mut_delta,RobulaXPathTest,delta,PASSED,null
SongCard,mutation_k_tag_ins_mut_delta,SeleniumXPathTest,delta,PASSED,null
SongCard,mutation_k_tag_ins_mut_alpha,AbsoluteXPathTest,alpha,PASSED,null
SongCard,mutation_k_tag_ins_mut_alpha,KatalonXPathTest,alpha,FAILED,no such element: Unable to locate element: {"method":"xpath" "selector":"(.//*[normalize-space(text()) and normalize-space(.)='Title'])[1]/following::div[1]"}
SongCard,mutation_k_tag_ins_mut_alpha,RelativeXPathTest,alpha,FAILED,no such element: Unable to locate element: {"method":"xpath" "selector":"//body/angular-spotify-root/as-layout/as-main-view/div/as-search/div/div[2]/div[1]"}
SongCard,mutation_k_tag_ins_mut_alpha,RobulaPlusXPathTest,alpha,FAILED,no such element: Unable to locate element: {"method":"xpath" "selector":"//*[@class='mb-8']"}
SongCard,mutation_k_tag_ins_mut_alpha,RobulaXPathTest,alpha,FAILED,no such element: Unable to locate element: {"method":"xpath" "selector":"//div[@class='mb-8']"}
SongCard,mutation_k_tag_ins_mut_alpha,SeleniumXPathTest,alpha,FAILED,no such element: Unable to locate element: {"method":"css selector" "selector":".mb-8"}
SongCardContainer,mutation_k_tag_ins_mut_alpha,AbsoluteXPathTest,alpha,FAILED,no such element: Unable to locate element: {"method":"xpath" "selector":"/html/body/angular-spotify-root/as-layout/as-main-view/div[2]/as-search/div/div[2]/div"}
SongCardContainer,mutation_k_tag_ins_mut_alpha,KatalonXPathTest,alpha,FAILED,no such element: Unable to locate element: {"method":"xpath" "selector":"(.//*[normalize-space(text()) and normalize-space(.)='Title'])[1]/following::div[1]"}
SongCardContainer,mutation_k_tag_ins_mut_alpha,RelativeXPathTest,alpha,FAILED,no such element: Unable to locate element: {"method":"xpath" "selector":"//body/angular-spotify-root/as-layout/as-main-view/div/as-search/div/div[2]/div[1]"}
SongCardContainer,mutation_k_tag_ins_mut_alpha,RobulaPlusXPathTest,alpha,FAILED,no such element: Unable to locate element: {"method":"xpath" "selector":"//*[@class='mb-8']"}
SongCardContainer,mutation_k_tag_ins_mut_alpha,RobulaXPathTest,alpha,FAILED,no such element: Unable to locate element: {"method":"xpath" "selector":"//div[@class='mb-8']"}
SongCardContainer,mutation_k_tag_ins_mut_alpha,SeleniumXPathTest,alpha,FAILED,no such element: Unable to locate element: {"method":"css selector" "selector":".mb-8"}
SongCardContainer,mutation_k_tag_ins_mut_beta,AbsoluteXPathTest,beta,FAILED,no such element: Unable to locate element: {"method":"xpath" "selector":"/html/body/angular-spotify-root/as-layout/as-main-view/div[2]/as-search/div/div[2]/div"}
SongCardContainer,mutation_k_tag_ins_mut_beta,KatalonXPathTest,beta,FAILED,no such element: Unable to locate element: {"method":"xpath" "selector":"(.//*[normalize-space(text()) and normalize-space(.)='Title'])[1]/following::div[1]"}
SongCardContainer,mutation_k_tag_ins_mut_beta,RelativeXPathTest,beta,FAILED,no such element: Unable to locate element: {"method":"xpath" "selector":"//body/angular-spotify-root/as-layout/as-main-view/div/as-search/div/div[2]/div[1]"}
SongCardContainer,mutation_k_tag_ins_mut_beta,RobulaPlusXPathTest,beta,FAILED,no such element: Unable to locate element: {"method":"xpath" "selector":"//*[@class='mb-8']"}
SongCardContainer,mutation_k_tag_ins_mut_beta,RobulaXPathTest,beta,FAILED,no such element: Unable to locate element: {"method":"xpath" "selector":"//div[@class='mb-8']"}
SongCardContainer,mutation_k_tag_ins_mut_beta,SeleniumXPathTest,beta,FAILED,no such element: Unable to locate element: {"method":"css selector" "selector":".mb-8"}
InputField,mutation_k_tag_ins_mut_beta,AbsoluteXPathTest,beta,FAILED,no such element: Unable to locate element: {"method":"xpath" "selector":"/html/body/angular-spotify-root/as-layout/as-main-view/div[2]/as-search/div/div[2]/div"}
InputField,mutation_k_tag_ins_mut_beta,KatalonXPathTest,beta,FAILED,no such element: Unable to locate element: {"method":"xpath" "selector":"(.//*[normalize-space(text()) and normalize-space(.)='Title'])[1]/following::div[1]"}
InputField,mutation_k_tag_ins_mut_beta,RelativeXPathTest,beta,FAILED,no such element: Unable to locate element: {"method":"xpath" "selector":"//body/angular-spotify-root/as-layout/as-main-view/div/as-search/div/div[2]/div[1]"}
InputField,mutation_k_tag_ins_mut_beta,RobulaPlusXPathTest,beta,FAILED,no such element: Unable to locate element: {"method":"xpath" "selector":"//*[@class='mb-8']"}
InputField,mutation_k_tag_ins_mut_beta,RobulaXPathTest,beta,FAILED,no such element: Unable to locate element: {"method":"xpath" "selector":"//div[@class='mb-8']"}
InputField,mutation_k_tag_ins_mut_beta,SeleniumXPathTest,beta,FAILED,no such element: Unable to locate element: {"method":"css selector" "selector":".mb-8"}
SongCard,mutation_k_tag_ins_mut_beta,AbsoluteXPathTest,beta,FAILED,no such element: Unable to locate element: {"method":"xpath" "selector":"/html/body/angular-spotify-root/as-layout/as-main-view/div[2]/as-search/div/div[2]/div"}
SongCard,mutation_k_tag_ins_mut_beta,KatalonXPathTest,beta,FAILED,no such element: Unable to locate element: {"method":"xpath" "selector":"(.//*[normalize-space(text()) and normalize-space(.)='Title'])[1]/following::div[1]"}
SongCard,mutation_k_tag_ins_mut_beta,RelativeXPathTest,beta,FAILED,no such element: Unable to locate element: {"method":"xpath" "selector":"//body/angular-spotify-root/as-layout/as-main-view/div/as-search/div/div[2]/div[1]"}
SongCard,mutation_k_tag_ins_mut_beta,RobulaPlusXPathTest,beta,FAILED,no such element: Unable to locate element: {"method":"xpath" "selector":"//*[@class='mb-8']"}
SongCard,mutation_k_tag_ins_mut_beta,RobulaXPathTest,beta,FAILED,no such element: Unable to locate element: {"method":"xpath" "selector":"//div[@class='mb-8']"}
SongCard,mutation_k_tag_ins_mut_beta,SeleniumXPathTest,beta,FAILED,no such element: Unable to locate element: {"method":"css selector" "selector":".mb-8"}
SongCardContainer,mutation_k_tag_ins_mut_gamma,AbsoluteXPathTest,gamma,FAILED,no such element: Unable to locate element: {"method":"xpath" "selector":"/html/body/angular-spotify-root/as-layout/as-main-view/div[2]/as-search/div/div[2]/div"}
SongCardContainer,mutation_k_tag_ins_mut_gamma,KatalonXPathTest,gamma,FAILED,no such element: Unable to locate element: {"method":"xpath" "selector":"(.//*[normalize-space(text()) and normalize-space(.)='Title'])[1]/following::div[1]"}
SongCardContainer,mutation_k_tag_ins_mut_gamma,RelativeXPathTest,gamma,FAILED,no such element: Unable to locate element: {"method":"xpath" "selector":"//body/angular-spotify-root/as-layout/as-main-view/div/as-search/div/div[2]/div[1]"}
SongCardContainer,mutation_k_tag_ins_mut_gamma,RobulaPlusXPathTest,gamma,FAILED,no such element: Unable to locate element: {"method":"xpath" "selector":"//*[@class='mb-8']"}
SongCardContainer,mutation_k_tag_ins_mut_gamma,RobulaXPathTest,gamma,FAILED,no such element: Unable to locate element: {"method":"xpath" "selector":"//div[@class='mb-8']"}
SongCardContainer,mutation_k_tag_ins_mut_gamma,SeleniumXPathTest,gamma,FAILED,no such element: Unable to locate element: {"method":"css selector" "selector":".mb-8"}
InputField,mutation_k_tag_ins_mut_gamma,AbsoluteXPathTest,gamma,FAILED,no such element: Unable to locate element: {"method":"xpath" "selector":"/html/body/angular-spotify-root/as-layout/as-main-view/div[2]/as-search/div/div[2]/div"}
InputField,mutation_k_tag_ins_mut_gamma,KatalonXPathTest,gamma,FAILED,no such element: Unable to locate element: {"method":"xpath" "selector":"(.//*[normalize-space(text()) and normalize-space(.)='Title'])[1]/following::div[1]"}
InputField,mutation_k_tag_ins_mut_gamma,RelativeXPathTest,gamma,FAILED,no such element: Unable to locate element: {"method":"xpath" "selector":"//body/angular-spotify-root/as-layout/as-main-view/div/as-search/div/div[2]/div[1]"}
InputField,mutation_k_tag_ins_mut_gamma,RobulaPlusXPathTest,gamma,FAILED,no such element: Unable to locate element: {"method":"xpath" "selector":"//*[@class='mb-8']"}
InputField,mutation_k_tag_ins_mut_gamma,RobulaXPathTest,gamma,FAILED,no such element: Unable to locate element: {"method":"xpath" "selector":"//div[@class='mb-8']"}
InputField,mutation_k_tag_ins_mut_gamma,SeleniumXPathTest,gamma,FAILED,no such element: Unable to locate element: {"method":"css selector" "selector":".mb-8"}
SongCard,mutation_k_tag_ins_mut_gamma,AbsoluteXPathTest,gamma,FAILED,no such element: Unable to locate element: {"method":"xpath" "selector":"/html/body/angular-spotify-root/as-layout/as-main-view/div[2]/as-search/div/div[2]/div"}
SongCard,mutation_k_tag_ins_mut_gamma,KatalonXPathTest,gamma,FAILED,no such element: Unable to locate element: {"method":"xpath" "selector":"(.//*[normalize-space(text()) and normalize-space(.)='Title'])[1]/following::div[1]"}
SongCard,mutation_k_tag_ins_mut_gamma,RelativeXPathTest,gamma,FAILED,no such element: Unable to locate element: {"method":"xpath" "selector":"//body/angular-spotify-root/as-layout/as-main-view/div/as-search/div/div[2]/div[1]"}
SongCard,mutation_k_tag_ins_mut_gamma,RobulaPlusXPathTest,gamma,FAILED,no such element: Unable to locate element: {"method":"xpath" "selector":"//*[@class='mb-8']"}
SongCard,mutation_k_tag_ins_mut_gamma,RobulaXPathTest,gamma,FAILED,no such element: Unable to locate element: {"method":"xpath" "selector":"//div[@class='mb-8']"}
SongCard,mutation_k_tag_ins_mut_gamma,SeleniumXPathTest,gamma,FAILED,no such element: Unable to locate element: {"method":"css selector" "selector":".mb-8"}


Test results:
Locator,Total,Success,Fragility,Obsolescence,Not Compiled
RelativeXPathTest,9,1,1,7,0
AbsoluteXPathTest,9,2,0,7,0
RobulaXPathTest,9,1,1,7,0
KatalonXPathTest,9,1,1,7,0
SeleniumXPathTest,9,1,1,7,0
RobulaPlusXPathTest,9,1,1,7,0

File saved: output\tests\batches.csv
File saved: output\tests\stats.csv

Tests completed.
Execution time: 389 seconds.
