SLF4J: Failed to load class "org.slf4j.impl.StaticLoggerBinder".
SLF4J: Defaulting to no-operation (NOP) logger implementation
SLF4J: See http://www.slf4j.org/codes.html#StaticLoggerBinder for further details.
WARNING: A restricted method in java.lang.System has been called
WARNING: java.lang.System::load has been called by org.sqlite.SQLiteJDBCLoader in an unnamed module (file:/C:/Users/vince/OneDrive/Desktop/Tirocinio/progetto/Automatic-Angular-E2E-Testing-Suite/mutation-tester/target/mutation-tester-1.0.0-jar-with-dependencies.jar)
WARNING: Use --enable-native-access=ALL-UNNAMED to avoid a warning for callers in this module
WARNING: Restricted methods will be blocked in a future release unless native access is enabled

Loaded class: AbsoluteXPathTest
Loaded abstract class: BaseTest
Loaded class: KatalonXPathTest
Loaded class: RelativeXPathTest
Loaded class: RobulaPlusXPathTest
Loaded class: RobulaXPathTest
Loaded class: SeleniumXPathTest
Loaded factory class: WebDriverFactory
Found 6 classes to execute.
Found 20 mutations to apply.
Starting TypeScript application (npm start)...
TypeScript application started.

20 out of 20 remaining.
Mutation mutation_d_text_cont_mod_mut_gamma applied. Waiting for recompile...
Application recompiled successfully.
Starting test for: AbsoluteXPathTest
Jun 12, 2026 6:45:22 PM org.openqa.selenium.devtools.CdpVersionFinder findNearestMatch
AVVERTENZA: Unable to find CDP implementation matching 148
Jun 12, 2026 6:45:22 PM org.openqa.selenium.chromium.ChromiumDriver lambda$new$5
AVVERTENZA: Unable to find version of CDP to use for 148.0.7778.218. You may need to include a dependency on a specific version of the CDP using something similar to `org.seleniumhq.selenium:selenium-devtools-v86:4.27.0` where the version ("v86") matches the version of the chromium-based browser you're using and the version number of the artifact is the same as Selenium's.
[WebDriverFactory] DevTools/sentry-block saltato: You are using a no-op implementation of the CDP. The most likely reason for this is that Selenium was unable to find an implementation of the CDP protocol that matches your browser. Please be sure to include an implementation on the classpath, possibly by adding a new (maven) dependency of `org.seleniumhq.selenium:selenium-devtools-vNN:4.27.0` where `NN` matches the major version of the browser you're using.
Build info: version: '4.27.0', revision: 'd6e718d134'
System info: os.name: 'Windows 11', os.arch: 'amd64', os.version: '10.0', java.version: '25.0.2'
Driver info: DevTools Connection
Test ended: AbsoluteXPathTest [FAILED] java.util.concurrent.TimeoutException
---------------------------------------------
Starting test for: KatalonXPathTest
Test ended: KatalonXPathTest [PASSED] null
---------------------------------------------
Starting test for: RelativeXPathTest
Test ended: RelativeXPathTest [PASSED] null
---------------------------------------------
Starting test for: RobulaPlusXPathTest
Test ended: RobulaPlusXPathTest [PASSED] null
---------------------------------------------
Starting test for: RobulaXPathTest
Test ended: RobulaXPathTest [PASSED] null
---------------------------------------------
Starting test for: SeleniumXPathTest
Test ended: SeleniumXPathTest [PASSED] null
---------------------------------------------

19 out of 20 remaining.
Mutation mutation_a_attr_val_mod_mut_alpha applied. Waiting for recompile...
Application did not recompile.
Skipping test AbsoluteXPathTest: Application did not recompile.
---------------------------------------------
Skipping test KatalonXPathTest: Application did not recompile.
---------------------------------------------
Skipping test RelativeXPathTest: Application did not recompile.
---------------------------------------------
Skipping test RobulaPlusXPathTest: Application did not recompile.
---------------------------------------------
Skipping test RobulaXPathTest: Application did not recompile.
---------------------------------------------
Skipping test SeleniumXPathTest: Application did not recompile.
---------------------------------------------

18 out of 20 remaining.
Mutation mutation_a_attr_val_mod_mut_alpha applied. Waiting for recompile...
Application recompiled successfully.
Starting test for: AbsoluteXPathTest
Test ended: AbsoluteXPathTest [PASSED] null
---------------------------------------------
Starting test for: KatalonXPathTest
Test ended: KatalonXPathTest [PASSED] null
---------------------------------------------
Starting test for: RelativeXPathTest
Test ended: RelativeXPathTest [PASSED] null
---------------------------------------------
Starting test for: RobulaPlusXPathTest
Test ended: RobulaPlusXPathTest [PASSED] null
---------------------------------------------
Starting test for: RobulaXPathTest
Test ended: RobulaXPathTest [PASSED] null
---------------------------------------------
Starting test for: SeleniumXPathTest
Test ended: SeleniumXPathTest [PASSED] null
---------------------------------------------

17 out of 20 remaining.
Mutation mutation_g_tag_mov_html_mut_alpha applied. Waiting for recompile...
Application recompiled successfully.
Starting test for: AbsoluteXPathTest
Test ended: AbsoluteXPathTest [FAILED] element click intercepted: Element <a _ngcontent-ng-c1659590612="" routerlinkactive="active" class="flex gap-4 items-center px-6 nav-link link-subtle transition-all" ng-reflect-router-link-active="active" ng-reflect-router-link="/search" ng-reflect-router-link-active-options="[object Object]" href="/search">...</a> is not clickable at point (148  140). Other element would receive the click: <iframe id="webpack-dev-server-client-overlay" src="about:blank" style="position: fixed; inset: 0px; width: 100vw; height: 100vh; border-width: medium; border-style: none; border-color: currentcolor; border-image: initial; z-index: 2147483647;"></iframe>
---------------------------------------------
Starting test for: KatalonXPathTest
Test ended: KatalonXPathTest [FAILED] element click intercepted: Element <a _ngcontent-ng-c1659590612="" routerlinkactive="active" class="flex gap-4 items-center px-6 nav-link link-subtle transition-all" ng-reflect-router-link-active="active" ng-reflect-router-link="/search" ng-reflect-router-link-active-options="[object Object]" href="/search">...</a> is not clickable at point (148  140). Other element would receive the click: <iframe id="webpack-dev-server-client-overlay" src="about:blank" style="position: fixed; inset: 0px; width: 100vw; height: 100vh; border-width: medium; border-style: none; border-color: currentcolor; border-image: initial; z-index: 2147483647;"></iframe>
---------------------------------------------
Starting test for: RelativeXPathTest
Test ended: RelativeXPathTest [FAILED] element click intercepted: Element <a _ngcontent-ng-c1659590612="" routerlinkactive="active" class="flex gap-4 items-center px-6 nav-link link-subtle transition-all" ng-reflect-router-link-active="active" ng-reflect-router-link="/search" ng-reflect-router-link-active-options="[object Object]" href="/search">...</a> is not clickable at point (148  140). Other element would receive the click: <iframe id="webpack-dev-server-client-overlay" src="about:blank" style="position: fixed; inset: 0px; width: 100vw; height: 100vh; border-width: medium; border-style: none; border-color: currentcolor; border-image: initial; z-index: 2147483647;"></iframe>
---------------------------------------------
Starting test for: RobulaPlusXPathTest
Test ended: RobulaPlusXPathTest [FAILED] element click intercepted: Element <a _ngcontent-ng-c1659590612="" routerlinkactive="active" class="flex gap-4 items-center px-6 nav-link link-subtle transition-all" ng-reflect-router-link-active="active" ng-reflect-router-link="/search" ng-reflect-router-link-active-options="[object Object]" href="/search">...</a> is not clickable at point (148  140). Other element would receive the click: <iframe id="webpack-dev-server-client-overlay" src="about:blank" style="position: fixed; inset: 0px; width: 100vw; height: 100vh; border-width: medium; border-style: none; border-color: currentcolor; border-image: initial; z-index: 2147483647;"></iframe>
---------------------------------------------
Starting test for: RobulaXPathTest
Test ended: RobulaXPathTest [FAILED] element click intercepted: Element <a _ngcontent-ng-c1659590612="" routerlinkactive="active" class="flex gap-4 items-center px-6 nav-link link-subtle transition-all" ng-reflect-router-link-active="active" ng-reflect-router-link="/search" ng-reflect-router-link-active-options="[object Object]" href="/search">...</a> is not clickable at point (148  140). Other element would receive the click: <iframe id="webpack-dev-server-client-overlay" src="about:blank" style="position: fixed; inset: 0px; width: 100vw; height: 100vh; border-width: medium; border-style: none; border-color: currentcolor; border-image: initial; z-index: 2147483647;"></iframe>
---------------------------------------------
Starting test for: SeleniumXPathTest
Test ended: SeleniumXPathTest [FAILED] element click intercepted: Element <a _ngcontent-ng-c1659590612="" routerlinkactive="active" class="flex gap-4 items-center px-6 nav-link link-subtle transition-all" ng-reflect-router-link-active="active" ng-reflect-router-link="/search" ng-reflect-router-link-active-options="[object Object]" href="/search">...</a> is not clickable at point (148  140). Other element would receive the click: <iframe id="webpack-dev-server-client-overlay" src="about:blank" style="position: fixed; inset: 0px; width: 100vw; height: 100vh; border-width: medium; border-style: none; border-color: currentcolor; border-image: initial; z-index: 2147483647;"></iframe>
---------------------------------------------

16 out of 20 remaining.
Mutation mutation_d_text_cont_mod_mut_beta applied. Waiting for recompile...
Application recompiled successfully.
Starting test for: AbsoluteXPathTest
Test ended: AbsoluteXPathTest [PASSED] null
---------------------------------------------
Starting test for: KatalonXPathTest
Test ended: KatalonXPathTest [PASSED] null
---------------------------------------------
Starting test for: RelativeXPathTest
Test ended: RelativeXPathTest [PASSED] null
---------------------------------------------
Starting test for: RobulaPlusXPathTest
Test ended: RobulaPlusXPathTest [PASSED] null
---------------------------------------------
Starting test for: RobulaXPathTest
Test ended: RobulaXPathTest [PASSED] null
---------------------------------------------
Starting test for: SeleniumXPathTest
Test ended: SeleniumXPathTest [PASSED] null
---------------------------------------------

15 out of 20 remaining.
Mutation mutation_f_tag_mov_container_mut_beta applied. Waiting for recompile...
Application recompiled successfully.
Starting test for: AbsoluteXPathTest
Test ended: AbsoluteXPathTest [PASSED] null
---------------------------------------------
Starting test for: KatalonXPathTest
Test ended: KatalonXPathTest [PASSED] null
---------------------------------------------
Starting test for: RelativeXPathTest
Test ended: RelativeXPathTest [PASSED] null
---------------------------------------------
Starting test for: RobulaPlusXPathTest
Test ended: RobulaPlusXPathTest [PASSED] null
---------------------------------------------
Starting test for: RobulaXPathTest
Test ended: RobulaXPathTest [PASSED] null
---------------------------------------------
Starting test for: SeleniumXPathTest
Test ended: SeleniumXPathTest [PASSED] null
---------------------------------------------

14 out of 20 remaining.
Mutation mutation_f_tag_mov_container_mut_gamma applied. Waiting for recompile...
Application did not recompile.
Skipping test AbsoluteXPathTest: Application did not recompile.
---------------------------------------------
Skipping test KatalonXPathTest: Application did not recompile.
---------------------------------------------
Skipping test RelativeXPathTest: Application did not recompile.
---------------------------------------------
Skipping test RobulaPlusXPathTest: Application did not recompile.
---------------------------------------------
Skipping test RobulaXPathTest: Application did not recompile.
---------------------------------------------
Skipping test SeleniumXPathTest: Application did not recompile.
---------------------------------------------

13 out of 20 remaining.
Mutation mutation_g_tag_mov_html_mut_beta applied. Waiting for recompile...
Application did not recompile.
Skipping test AbsoluteXPathTest: Application did not recompile.
---------------------------------------------
Skipping test KatalonXPathTest: Application did not recompile.
---------------------------------------------
Skipping test RelativeXPathTest: Application did not recompile.
---------------------------------------------
Skipping test RobulaPlusXPathTest: Application did not recompile.
---------------------------------------------
Skipping test RobulaXPathTest: Application did not recompile.
---------------------------------------------
Skipping test SeleniumXPathTest: Application did not recompile.
---------------------------------------------

12 out of 20 remaining.
Mutation mutation_b_attr_rem_mut_gamma applied. Waiting for recompile...
Application recompiled successfully.
Starting test for: AbsoluteXPathTest
Test ended: AbsoluteXPathTest [PASSED] null
---------------------------------------------
Starting test for: KatalonXPathTest
Test ended: KatalonXPathTest [PASSED] null
---------------------------------------------
Starting test for: RelativeXPathTest
Test ended: RelativeXPathTest [PASSED] null
---------------------------------------------
Starting test for: RobulaPlusXPathTest
Test ended: RobulaPlusXPathTest [PASSED] null
---------------------------------------------
Starting test for: RobulaXPathTest
Test ended: RobulaXPathTest [PASSED] null
---------------------------------------------
Starting test for: SeleniumXPathTest
Test ended: SeleniumXPathTest [PASSED] null
---------------------------------------------

11 out of 20 remaining.
Mutation mutation_f_tag_mov_container_mut_beta applied. Waiting for recompile...
Application recompiled successfully.
Starting test for: AbsoluteXPathTest
Test ended: AbsoluteXPathTest [PASSED] null
---------------------------------------------
Starting test for: KatalonXPathTest
Test ended: KatalonXPathTest [PASSED] null
---------------------------------------------
Starting test for: RelativeXPathTest
Test ended: RelativeXPathTest [PASSED] null
---------------------------------------------
Starting test for: RobulaPlusXPathTest
Test ended: RobulaPlusXPathTest [PASSED] null
---------------------------------------------
Starting test for: RobulaXPathTest
Test ended: RobulaXPathTest [PASSED] null
---------------------------------------------
Starting test for: SeleniumXPathTest
Test ended: SeleniumXPathTest [PASSED] null
---------------------------------------------

10 out of 20 remaining.
Mutation mutation_e_text_cont_rem_mut_gamma applied. Waiting for recompile...
Application did not recompile.
Skipping test AbsoluteXPathTest: Application did not recompile.
---------------------------------------------
Skipping test KatalonXPathTest: Application did not recompile.
---------------------------------------------
Skipping test RelativeXPathTest: Application did not recompile.
---------------------------------------------
Skipping test RobulaPlusXPathTest: Application did not recompile.
---------------------------------------------
Skipping test RobulaXPathTest: Application did not recompile.
---------------------------------------------
Skipping test SeleniumXPathTest: Application did not recompile.
---------------------------------------------

9 out of 20 remaining.
Mutation mutation_d_text_cont_mod_mut_alpha applied. Waiting for recompile...
Application recompiled successfully.
Starting test for: AbsoluteXPathTest
Test ended: AbsoluteXPathTest [FAILED] java.lang.AssertionError
---------------------------------------------
Starting test for: KatalonXPathTest
Test ended: KatalonXPathTest [FAILED] java.lang.AssertionError
---------------------------------------------
Starting test for: RelativeXPathTest
Test ended: RelativeXPathTest [FAILED] java.lang.AssertionError
---------------------------------------------
Starting test for: RobulaPlusXPathTest
Test ended: RobulaPlusXPathTest [FAILED] java.lang.AssertionError
---------------------------------------------
Starting test for: RobulaXPathTest
Test ended: RobulaXPathTest [FAILED] java.lang.AssertionError
---------------------------------------------
Starting test for: SeleniumXPathTest
Test ended: SeleniumXPathTest [FAILED] java.lang.AssertionError
---------------------------------------------

8 out of 20 remaining.
Mutation mutation_b_attr_rem_mut_alpha applied. Waiting for recompile...
Application recompiled successfully.
Starting test for: AbsoluteXPathTest
Test ended: AbsoluteXPathTest [FAILED] java.lang.AssertionError
---------------------------------------------
Starting test for: KatalonXPathTest
Test ended: KatalonXPathTest [FAILED] java.lang.AssertionError
---------------------------------------------
Starting test for: RelativeXPathTest
Test ended: RelativeXPathTest [FAILED] java.lang.AssertionError
---------------------------------------------
Starting test for: RobulaPlusXPathTest
Test ended: RobulaPlusXPathTest [FAILED] java.lang.AssertionError
---------------------------------------------
Starting test for: RobulaXPathTest
Test ended: RobulaXPathTest [FAILED] java.lang.AssertionError
---------------------------------------------
Starting test for: SeleniumXPathTest
Test ended: SeleniumXPathTest [FAILED] java.lang.AssertionError
---------------------------------------------

7 out of 20 remaining.
Mutation mutation_e_text_cont_rem_mut_delta applied. Waiting for recompile...
Application recompiled successfully.
Starting test for: AbsoluteXPathTest
Test ended: AbsoluteXPathTest [PASSED] null
---------------------------------------------
Starting test for: KatalonXPathTest
Test ended: KatalonXPathTest [PASSED] null
---------------------------------------------
Starting test for: RelativeXPathTest
Test ended: RelativeXPathTest [PASSED] null
---------------------------------------------
Starting test for: RobulaPlusXPathTest
Test ended: RobulaPlusXPathTest [PASSED] null
---------------------------------------------
Starting test for: RobulaXPathTest
Test ended: RobulaXPathTest [PASSED] null
---------------------------------------------
Starting test for: SeleniumXPathTest
Test ended: SeleniumXPathTest [PASSED] null
---------------------------------------------

6 out of 20 remaining.
Mutation mutation_a_attr_val_mod_mut_gamma applied. Waiting for recompile...
Application did not recompile.
Skipping test AbsoluteXPathTest: Application did not recompile.
---------------------------------------------
Skipping test KatalonXPathTest: Application did not recompile.
---------------------------------------------
Skipping test RelativeXPathTest: Application did not recompile.
---------------------------------------------
Skipping test RobulaPlusXPathTest: Application did not recompile.
---------------------------------------------
Skipping test RobulaXPathTest: Application did not recompile.
---------------------------------------------
Skipping test SeleniumXPathTest: Application did not recompile.
---------------------------------------------

5 out of 20 remaining.
Mutation mutation_e_text_cont_rem_mut_alpha applied. Waiting for recompile...
Application recompiled successfully.
Starting test for: AbsoluteXPathTest
Test ended: AbsoluteXPathTest [FAILED] java.lang.AssertionError
---------------------------------------------
Starting test for: KatalonXPathTest
Test ended: KatalonXPathTest [FAILED] java.lang.AssertionError
---------------------------------------------
Starting test for: RelativeXPathTest
Test ended: RelativeXPathTest [FAILED] java.lang.AssertionError
---------------------------------------------
Starting test for: RobulaPlusXPathTest
Test ended: RobulaPlusXPathTest [FAILED] java.lang.AssertionError
---------------------------------------------
Starting test for: RobulaXPathTest
Test ended: RobulaXPathTest [FAILED] java.lang.AssertionError
---------------------------------------------
Starting test for: SeleniumXPathTest
Test ended: SeleniumXPathTest [FAILED] java.lang.AssertionError
---------------------------------------------

4 out of 20 remaining.
Mutation mutation_b_attr_rem_mut_alpha applied. Waiting for recompile...
Application recompiled successfully.
Starting test for: AbsoluteXPathTest
Test ended: AbsoluteXPathTest [PASSED] null
---------------------------------------------
Starting test for: KatalonXPathTest
Test ended: KatalonXPathTest [PASSED] null
---------------------------------------------
Starting test for: RelativeXPathTest
Test ended: RelativeXPathTest [PASSED] null
---------------------------------------------
Starting test for: RobulaPlusXPathTest
Test ended: RobulaPlusXPathTest [PASSED] null
---------------------------------------------
Starting test for: RobulaXPathTest
Test ended: RobulaXPathTest [PASSED] null
---------------------------------------------
Starting test for: SeleniumXPathTest
Test ended: SeleniumXPathTest [PASSED] null
---------------------------------------------

3 out of 20 remaining.
Mutation mutation_d_text_cont_mod_mut_delta applied. Waiting for recompile...
Application recompiled successfully.
Starting test for: AbsoluteXPathTest
Test ended: AbsoluteXPathTest [PASSED] null
---------------------------------------------
Starting test for: KatalonXPathTest
Test ended: KatalonXPathTest [PASSED] null
---------------------------------------------
Starting test for: RelativeXPathTest
Test ended: RelativeXPathTest [PASSED] null
---------------------------------------------
Starting test for: RobulaPlusXPathTest
Test ended: RobulaPlusXPathTest [PASSED] null
---------------------------------------------
Starting test for: RobulaXPathTest
Test ended: RobulaXPathTest [PASSED] null
---------------------------------------------
Starting test for: SeleniumXPathTest
Test ended: SeleniumXPathTest [PASSED] null
---------------------------------------------

2 out of 20 remaining.
Mutation mutation_f_tag_mov_container_mut_delta applied. Waiting for recompile...
Application recompiled successfully.
Starting test for: AbsoluteXPathTest
Test ended: AbsoluteXPathTest [PASSED] null
---------------------------------------------
Starting test for: KatalonXPathTest
Test ended: KatalonXPathTest [PASSED] null
---------------------------------------------
Starting test for: RelativeXPathTest
Test ended: RelativeXPathTest [PASSED] null
---------------------------------------------
Starting test for: RobulaPlusXPathTest
Test ended: RobulaPlusXPathTest [PASSED] null
---------------------------------------------
Starting test for: RobulaXPathTest
Test ended: RobulaXPathTest [PASSED] null
---------------------------------------------
Starting test for: SeleniumXPathTest
Test ended: SeleniumXPathTest [PASSED] null
---------------------------------------------

1 out of 20 remaining.
Mutation mutation_e_text_cont_rem_mut_beta applied. Waiting for recompile...
Application did not recompile.
Skipping test AbsoluteXPathTest: Application did not recompile.
---------------------------------------------
Skipping test KatalonXPathTest: Application did not recompile.
---------------------------------------------
Skipping test RelativeXPathTest: Application did not recompile.
---------------------------------------------
Skipping test RobulaPlusXPathTest: Application did not recompile.
---------------------------------------------
Skipping test RobulaXPathTest: Application did not recompile.
---------------------------------------------
Skipping test SeleniumXPathTest: Application did not recompile.
---------------------------------------------
Executed batches:
Name,Id,Locator,Tag,Status,Error
InputField,mutation_d_text_cont_mod_mut_gamma,AbsoluteXPathTest,gamma,FAILED,java.util.concurrent.TimeoutException
InputField,mutation_d_text_cont_mod_mut_gamma,KatalonXPathTest,gamma,PASSED,null
InputField,mutation_d_text_cont_mod_mut_gamma,RelativeXPathTest,gamma,PASSED,null
InputField,mutation_d_text_cont_mod_mut_gamma,RobulaPlusXPathTest,gamma,PASSED,null
InputField,mutation_d_text_cont_mod_mut_gamma,RobulaXPathTest,gamma,PASSED,null
InputField,mutation_d_text_cont_mod_mut_gamma,SeleniumXPathTest,gamma,PASSED,null
ArtistCard,mutation_a_attr_val_mod_mut_alpha,AbsoluteXPathTest,alpha,NOT_APPLICABLE,Application did not recompile.
ArtistCard,mutation_a_attr_val_mod_mut_alpha,KatalonXPathTest,alpha,NOT_APPLICABLE,Application did not recompile.
ArtistCard,mutation_a_attr_val_mod_mut_alpha,RelativeXPathTest,alpha,NOT_APPLICABLE,Application did not recompile.
ArtistCard,mutation_a_attr_val_mod_mut_alpha,RobulaPlusXPathTest,alpha,NOT_APPLICABLE,Application did not recompile.
ArtistCard,mutation_a_attr_val_mod_mut_alpha,RobulaXPathTest,alpha,NOT_APPLICABLE,Application did not recompile.
ArtistCard,mutation_a_attr_val_mod_mut_alpha,SeleniumXPathTest,alpha,NOT_APPLICABLE,Application did not recompile.
InputField,mutation_a_attr_val_mod_mut_alpha,AbsoluteXPathTest,alpha,PASSED,null
InputField,mutation_a_attr_val_mod_mut_alpha,KatalonXPathTest,alpha,PASSED,null
InputField,mutation_a_attr_val_mod_mut_alpha,RelativeXPathTest,alpha,PASSED,null
InputField,mutation_a_attr_val_mod_mut_alpha,RobulaPlusXPathTest,alpha,PASSED,null
InputField,mutation_a_attr_val_mod_mut_alpha,RobulaXPathTest,alpha,PASSED,null
InputField,mutation_a_attr_val_mod_mut_alpha,SeleniumXPathTest,alpha,PASSED,null
InputField,mutation_g_tag_mov_html_mut_alpha,AbsoluteXPathTest,alpha,FAILED,element click intercepted: Element <a _ngcontent-ng-c1659590612="" routerlinkactive="active" class="flex gap-4 items-center px-6 nav-link link-subtle transition-all" ng-reflect-router-link-active="active" ng-reflect-router-link="/search" ng-reflect-router-link-active-options="[object Object]" href="/search">...</a> is not clickable at point (148  140). Other element would receive the click: <iframe id="webpack-dev-server-client-overlay" src="about:blank" style="position: fixed; inset: 0px; width: 100vw; height: 100vh; border-width: medium; border-style: none; border-color: currentcolor; border-image: initial; z-index: 2147483647;"></iframe>
InputField,mutation_g_tag_mov_html_mut_alpha,KatalonXPathTest,alpha,FAILED,element click intercepted: Element <a _ngcontent-ng-c1659590612="" routerlinkactive="active" class="flex gap-4 items-center px-6 nav-link link-subtle transition-all" ng-reflect-router-link-active="active" ng-reflect-router-link="/search" ng-reflect-router-link-active-options="[object Object]" href="/search">...</a> is not clickable at point (148  140). Other element would receive the click: <iframe id="webpack-dev-server-client-overlay" src="about:blank" style="position: fixed; inset: 0px; width: 100vw; height: 100vh; border-width: medium; border-style: none; border-color: currentcolor; border-image: initial; z-index: 2147483647;"></iframe>
InputField,mutation_g_tag_mov_html_mut_alpha,RelativeXPathTest,alpha,FAILED,element click intercepted: Element <a _ngcontent-ng-c1659590612="" routerlinkactive="active" class="flex gap-4 items-center px-6 nav-link link-subtle transition-all" ng-reflect-router-link-active="active" ng-reflect-router-link="/search" ng-reflect-router-link-active-options="[object Object]" href="/search">...</a> is not clickable at point (148  140). Other element would receive the click: <iframe id="webpack-dev-server-client-overlay" src="about:blank" style="position: fixed; inset: 0px; width: 100vw; height: 100vh; border-width: medium; border-style: none; border-color: currentcolor; border-image: initial; z-index: 2147483647;"></iframe>
InputField,mutation_g_tag_mov_html_mut_alpha,RobulaPlusXPathTest,alpha,FAILED,element click intercepted: Element <a _ngcontent-ng-c1659590612="" routerlinkactive="active" class="flex gap-4 items-center px-6 nav-link link-subtle transition-all" ng-reflect-router-link-active="active" ng-reflect-router-link="/search" ng-reflect-router-link-active-options="[object Object]" href="/search">...</a> is not clickable at point (148  140). Other element would receive the click: <iframe id="webpack-dev-server-client-overlay" src="about:blank" style="position: fixed; inset: 0px; width: 100vw; height: 100vh; border-width: medium; border-style: none; border-color: currentcolor; border-image: initial; z-index: 2147483647;"></iframe>
InputField,mutation_g_tag_mov_html_mut_alpha,RobulaXPathTest,alpha,FAILED,element click intercepted: Element <a _ngcontent-ng-c1659590612="" routerlinkactive="active" class="flex gap-4 items-center px-6 nav-link link-subtle transition-all" ng-reflect-router-link-active="active" ng-reflect-router-link="/search" ng-reflect-router-link-active-options="[object Object]" href="/search">...</a> is not clickable at point (148  140). Other element would receive the click: <iframe id="webpack-dev-server-client-overlay" src="about:blank" style="position: fixed; inset: 0px; width: 100vw; height: 100vh; border-width: medium; border-style: none; border-color: currentcolor; border-image: initial; z-index: 2147483647;"></iframe>
InputField,mutation_g_tag_mov_html_mut_alpha,SeleniumXPathTest,alpha,FAILED,element click intercepted: Element <a _ngcontent-ng-c1659590612="" routerlinkactive="active" class="flex gap-4 items-center px-6 nav-link link-subtle transition-all" ng-reflect-router-link-active="active" ng-reflect-router-link="/search" ng-reflect-router-link-active-options="[object Object]" href="/search">...</a> is not clickable at point (148  140). Other element would receive the click: <iframe id="webpack-dev-server-client-overlay" src="about:blank" style="position: fixed; inset: 0px; width: 100vw; height: 100vh; border-width: medium; border-style: none; border-color: currentcolor; border-image: initial; z-index: 2147483647;"></iframe>
ArtistCard,mutation_d_text_cont_mod_mut_beta,AbsoluteXPathTest,beta,PASSED,null
ArtistCard,mutation_d_text_cont_mod_mut_beta,KatalonXPathTest,beta,PASSED,null
ArtistCard,mutation_d_text_cont_mod_mut_beta,RelativeXPathTest,beta,PASSED,null
ArtistCard,mutation_d_text_cont_mod_mut_beta,RobulaPlusXPathTest,beta,PASSED,null
ArtistCard,mutation_d_text_cont_mod_mut_beta,RobulaXPathTest,beta,PASSED,null
ArtistCard,mutation_d_text_cont_mod_mut_beta,SeleniumXPathTest,beta,PASSED,null
ArtistCard,mutation_f_tag_mov_container_mut_beta,AbsoluteXPathTest,beta,PASSED,null
ArtistCard,mutation_f_tag_mov_container_mut_beta,KatalonXPathTest,beta,PASSED,null
ArtistCard,mutation_f_tag_mov_container_mut_beta,RelativeXPathTest,beta,PASSED,null
ArtistCard,mutation_f_tag_mov_container_mut_beta,RobulaPlusXPathTest,beta,PASSED,null
ArtistCard,mutation_f_tag_mov_container_mut_beta,RobulaXPathTest,beta,PASSED,null
ArtistCard,mutation_f_tag_mov_container_mut_beta,SeleniumXPathTest,beta,PASSED,null
ArtistCard,mutation_f_tag_mov_container_mut_gamma,AbsoluteXPathTest,gamma,NOT_APPLICABLE,Application did not recompile.
ArtistCard,mutation_f_tag_mov_container_mut_gamma,KatalonXPathTest,gamma,NOT_APPLICABLE,Application did not recompile.
ArtistCard,mutation_f_tag_mov_container_mut_gamma,RelativeXPathTest,gamma,NOT_APPLICABLE,Application did not recompile.
ArtistCard,mutation_f_tag_mov_container_mut_gamma,RobulaPlusXPathTest,gamma,NOT_APPLICABLE,Application did not recompile.
ArtistCard,mutation_f_tag_mov_container_mut_gamma,RobulaXPathTest,gamma,NOT_APPLICABLE,Application did not recompile.
ArtistCard,mutation_f_tag_mov_container_mut_gamma,SeleniumXPathTest,gamma,NOT_APPLICABLE,Application did not recompile.
InputField,mutation_g_tag_mov_html_mut_beta,AbsoluteXPathTest,beta,NOT_APPLICABLE,Application did not recompile.
InputField,mutation_g_tag_mov_html_mut_beta,KatalonXPathTest,beta,NOT_APPLICABLE,Application did not recompile.
InputField,mutation_g_tag_mov_html_mut_beta,RelativeXPathTest,beta,NOT_APPLICABLE,Application did not recompile.
InputField,mutation_g_tag_mov_html_mut_beta,RobulaPlusXPathTest,beta,NOT_APPLICABLE,Application did not recompile.
InputField,mutation_g_tag_mov_html_mut_beta,RobulaXPathTest,beta,NOT_APPLICABLE,Application did not recompile.
InputField,mutation_g_tag_mov_html_mut_beta,SeleniumXPathTest,beta,NOT_APPLICABLE,Application did not recompile.
CardTitle,mutation_b_attr_rem_mut_gamma,AbsoluteXPathTest,gamma,PASSED,null
CardTitle,mutation_b_attr_rem_mut_gamma,KatalonXPathTest,gamma,PASSED,null
CardTitle,mutation_b_attr_rem_mut_gamma,RelativeXPathTest,gamma,PASSED,null
CardTitle,mutation_b_attr_rem_mut_gamma,RobulaPlusXPathTest,gamma,PASSED,null
CardTitle,mutation_b_attr_rem_mut_gamma,RobulaXPathTest,gamma,PASSED,null
CardTitle,mutation_b_attr_rem_mut_gamma,SeleniumXPathTest,gamma,PASSED,null
CardTitle,mutation_f_tag_mov_container_mut_beta,AbsoluteXPathTest,beta,PASSED,null
CardTitle,mutation_f_tag_mov_container_mut_beta,KatalonXPathTest,beta,PASSED,null
CardTitle,mutation_f_tag_mov_container_mut_beta,RelativeXPathTest,beta,PASSED,null
CardTitle,mutation_f_tag_mov_container_mut_beta,RobulaPlusXPathTest,beta,PASSED,null
CardTitle,mutation_f_tag_mov_container_mut_beta,RobulaXPathTest,beta,PASSED,null
CardTitle,mutation_f_tag_mov_container_mut_beta,SeleniumXPathTest,beta,PASSED,null
InputField,mutation_e_text_cont_rem_mut_gamma,AbsoluteXPathTest,gamma,NOT_APPLICABLE,Application did not recompile.
InputField,mutation_e_text_cont_rem_mut_gamma,KatalonXPathTest,gamma,NOT_APPLICABLE,Application did not recompile.
InputField,mutation_e_text_cont_rem_mut_gamma,RelativeXPathTest,gamma,NOT_APPLICABLE,Application did not recompile.
InputField,mutation_e_text_cont_rem_mut_gamma,RobulaPlusXPathTest,gamma,NOT_APPLICABLE,Application did not recompile.
InputField,mutation_e_text_cont_rem_mut_gamma,RobulaXPathTest,gamma,NOT_APPLICABLE,Application did not recompile.
InputField,mutation_e_text_cont_rem_mut_gamma,SeleniumXPathTest,gamma,NOT_APPLICABLE,Application did not recompile.
CardTitle,mutation_d_text_cont_mod_mut_alpha,AbsoluteXPathTest,alpha,FAILED,java.lang.AssertionError
CardTitle,mutation_d_text_cont_mod_mut_alpha,KatalonXPathTest,alpha,FAILED,java.lang.AssertionError
CardTitle,mutation_d_text_cont_mod_mut_alpha,RelativeXPathTest,alpha,FAILED,java.lang.AssertionError
CardTitle,mutation_d_text_cont_mod_mut_alpha,RobulaPlusXPathTest,alpha,FAILED,java.lang.AssertionError
CardTitle,mutation_d_text_cont_mod_mut_alpha,RobulaXPathTest,alpha,FAILED,java.lang.AssertionError
CardTitle,mutation_d_text_cont_mod_mut_alpha,SeleniumXPathTest,alpha,FAILED,java.lang.AssertionError
ArtistCard,mutation_b_attr_rem_mut_alpha,AbsoluteXPathTest,alpha,FAILED,java.lang.AssertionError
ArtistCard,mutation_b_attr_rem_mut_alpha,KatalonXPathTest,alpha,FAILED,java.lang.AssertionError
ArtistCard,mutation_b_attr_rem_mut_alpha,RelativeXPathTest,alpha,FAILED,java.lang.AssertionError
ArtistCard,mutation_b_attr_rem_mut_alpha,RobulaPlusXPathTest,alpha,FAILED,java.lang.AssertionError
ArtistCard,mutation_b_attr_rem_mut_alpha,RobulaXPathTest,alpha,FAILED,java.lang.AssertionError
ArtistCard,mutation_b_attr_rem_mut_alpha,SeleniumXPathTest,alpha,FAILED,java.lang.AssertionError
CardTitle,mutation_e_text_cont_rem_mut_delta,AbsoluteXPathTest,delta,PASSED,null
CardTitle,mutation_e_text_cont_rem_mut_delta,KatalonXPathTest,delta,PASSED,null
CardTitle,mutation_e_text_cont_rem_mut_delta,RelativeXPathTest,delta,PASSED,null
CardTitle,mutation_e_text_cont_rem_mut_delta,RobulaPlusXPathTest,delta,PASSED,null
CardTitle,mutation_e_text_cont_rem_mut_delta,RobulaXPathTest,delta,PASSED,null
CardTitle,mutation_e_text_cont_rem_mut_delta,SeleniumXPathTest,delta,PASSED,null
CardTitle,mutation_a_attr_val_mod_mut_gamma,AbsoluteXPathTest,gamma,NOT_APPLICABLE,Application did not recompile.
CardTitle,mutation_a_attr_val_mod_mut_gamma,KatalonXPathTest,gamma,NOT_APPLICABLE,Application did not recompile.
CardTitle,mutation_a_attr_val_mod_mut_gamma,RelativeXPathTest,gamma,NOT_APPLICABLE,Application did not recompile.
CardTitle,mutation_a_attr_val_mod_mut_gamma,RobulaPlusXPathTest,gamma,NOT_APPLICABLE,Application did not recompile.
CardTitle,mutation_a_attr_val_mod_mut_gamma,RobulaXPathTest,gamma,NOT_APPLICABLE,Application did not recompile.
CardTitle,mutation_a_attr_val_mod_mut_gamma,SeleniumXPathTest,gamma,NOT_APPLICABLE,Application did not recompile.
CardTitle,mutation_e_text_cont_rem_mut_alpha,AbsoluteXPathTest,alpha,FAILED,java.lang.AssertionError
CardTitle,mutation_e_text_cont_rem_mut_alpha,KatalonXPathTest,alpha,FAILED,java.lang.AssertionError
CardTitle,mutation_e_text_cont_rem_mut_alpha,RelativeXPathTest,alpha,FAILED,java.lang.AssertionError
CardTitle,mutation_e_text_cont_rem_mut_alpha,RobulaPlusXPathTest,alpha,FAILED,java.lang.AssertionError
CardTitle,mutation_e_text_cont_rem_mut_alpha,RobulaXPathTest,alpha,FAILED,java.lang.AssertionError
CardTitle,mutation_e_text_cont_rem_mut_alpha,SeleniumXPathTest,alpha,FAILED,java.lang.AssertionError
InputField,mutation_b_attr_rem_mut_alpha,AbsoluteXPathTest,alpha,PASSED,null
InputField,mutation_b_attr_rem_mut_alpha,KatalonXPathTest,alpha,PASSED,null
InputField,mutation_b_attr_rem_mut_alpha,RelativeXPathTest,alpha,PASSED,null
InputField,mutation_b_attr_rem_mut_alpha,RobulaPlusXPathTest,alpha,PASSED,null
InputField,mutation_b_attr_rem_mut_alpha,RobulaXPathTest,alpha,PASSED,null
InputField,mutation_b_attr_rem_mut_alpha,SeleniumXPathTest,alpha,PASSED,null
CardTitle,mutation_d_text_cont_mod_mut_delta,AbsoluteXPathTest,delta,PASSED,null
CardTitle,mutation_d_text_cont_mod_mut_delta,KatalonXPathTest,delta,PASSED,null
CardTitle,mutation_d_text_cont_mod_mut_delta,RelativeXPathTest,delta,PASSED,null
CardTitle,mutation_d_text_cont_mod_mut_delta,RobulaPlusXPathTest,delta,PASSED,null
CardTitle,mutation_d_text_cont_mod_mut_delta,RobulaXPathTest,delta,PASSED,null
CardTitle,mutation_d_text_cont_mod_mut_delta,SeleniumXPathTest,delta,PASSED,null
CardTitle,mutation_f_tag_mov_container_mut_delta,AbsoluteXPathTest,delta,PASSED,null
CardTitle,mutation_f_tag_mov_container_mut_delta,KatalonXPathTest,delta,PASSED,null
CardTitle,mutation_f_tag_mov_container_mut_delta,RelativeXPathTest,delta,PASSED,null
CardTitle,mutation_f_tag_mov_container_mut_delta,RobulaPlusXPathTest,delta,PASSED,null
CardTitle,mutation_f_tag_mov_container_mut_delta,RobulaXPathTest,delta,PASSED,null
CardTitle,mutation_f_tag_mov_container_mut_delta,SeleniumXPathTest,delta,PASSED,null
ArtistCard,mutation_e_text_cont_rem_mut_beta,AbsoluteXPathTest,beta,NOT_APPLICABLE,Application did not recompile.
ArtistCard,mutation_e_text_cont_rem_mut_beta,KatalonXPathTest,beta,NOT_APPLICABLE,Application did not recompile.
ArtistCard,mutation_e_text_cont_rem_mut_beta,RelativeXPathTest,beta,NOT_APPLICABLE,Application did not recompile.
ArtistCard,mutation_e_text_cont_rem_mut_beta,RobulaPlusXPathTest,beta,NOT_APPLICABLE,Application did not recompile.
ArtistCard,mutation_e_text_cont_rem_mut_beta,RobulaXPathTest,beta,NOT_APPLICABLE,Application did not recompile.
ArtistCard,mutation_e_text_cont_rem_mut_beta,SeleniumXPathTest,beta,NOT_APPLICABLE,Application did not recompile.


Test results:
Locator,Total,Success,Fragility,Obsolescence,Not Compiled
RelativeXPathTest,20,10,0,4,6
AbsoluteXPathTest,20,9,1,4,6
RobulaXPathTest,20,10,0,4,6
KatalonXPathTest,20,10,0,4,6
SeleniumXPathTest,20,10,0,4,6
RobulaPlusXPathTest,20,10,0,4,6

File saved: output\tests\batches.csv
File saved: output\tests\stats.csv

Tests completed.
Execution time: 832 seconds.
