
> angular-spotify@1.0.0 start
> nx serve


> nx run angular-spotify:serve

(node:19208) [DEP0060] DeprecationWarning: The `util._extend` API is deprecated. Please use Object.assign() instead.
(Use `node --trace-deprecation ...` to show where the warning was created)
[1m[33m[39m[22m
[1m[33mWarning: This is a simple server for use in testing or debugging Angular applications[39m[22m
[1m[33mlocally. It hasn't been reviewed for security issues.[39m[22m
[1m[33m[39m[22m
[1m[33mBinding this server to an open connection can result in compromising your application or[39m[22m
[1m[33mcomputer. Using a different host than the one passed to the "--host" flag might result in[39m[22m
[1m[33mwebsocket connection issues. You might need to use "--disable-host-check" if that's the[39m[22m
[1m[33mcase.[39m[22m
[1m[33m    [39m[22m
[1m[33mNOTICE: Hot Module Replacement (HMR) is enabled for the dev server.[39m[22m
[1m[33mSee https://webpack.js.org/guides/hot-module-replacement for information on working with HMR for Webpack.[39m[22m
Browserslist: caniuse-lite is outdated. Please run:
  npx update-browserslist-db@latest
  Why you should do it regularly: https://github.com/browserslist/update-db#readme
- Generating browser application bundles (phase: setup)...
[1m[33mwarn[39m[22m - The `purge`/`content` options have changed in Tailwind CSS v3.0.
[1m[33mwarn[39m[22m - Update your configuration file to eliminate this warning.
[1m[33mwarn[39m[22m - https://tailwindcss.com/docs/upgrade-guide#configure-content-sources
[1m[33mwarn[39m[22m - The `darkMode` option in your Tailwind CSS configuration is set to `false`, which now behaves the same as `media`.
[1m[33mwarn[39m[22m - Change `darkMode` to `media` or remove it entirely.
[1m[33mwarn[39m[22m - https://tailwindcss.com/docs/upgrade-guide#remove-dark-mode-configuration
[32m✔[39m Browser application bundle generation complete.
[37m[0m[0m[39m
[37m[0m[1mInitial chunk files[22m                                                                                    [2m | [22m[1mNames[22m                                        [2m | [22m [1mRaw size[22m[0m[39m
[37m[0m[32mvendor.js[39m[37m                                                                                              [2m | [22m[2mvendor[22m                                       [2m | [22m  [36m7.92 MB[39m[37m[2m | [22m[0m[39m
[37m[0m[32mmain.js[39m[37m                                                                                                [2m | [22m[2mmain[22m                                         [2m | [22m[36m575.71 kB[39m[37m[2m | [22m[0m[39m
[37m[0m[32mstyles.css, styles.js[39m[37m                                                                                  [2m | [22m[2mstyles[22m                                       [2m | [22m[36m459.33 kB[39m[37m[2m | [22m[0m[39m
[37m[0m[32mpolyfills.js[39m[37m                                                                                           [2m | [22m[2mpolyfills[22m                                    [2m | [22m[36m340.58 kB[39m[37m[2m | [22m[0m[39m
[37m[0m[32mruntime.js[39m[37m                                                                                             [2m | [22m[2mruntime[22m                                      [2m | [22m [36m52.60 kB[39m[37m[2m | [22m[0m[39m
[37m[0m[0m[39m
[37m[0m[1m [22m                                                                                                      [2m | [22m[1mInitial total[22m                                [2m | [22m  [1m9.31 MB[22m[0m[39m
[37m[0m[0m[39m
[37m[0m[1mLazy chunk files[22m                                                                                       [2m | [22m[1mNames[22m                                        [2m | [22m [1mRaw size[22m[0m[39m
[1m[33m[39m[22m
[1m[33m[0m[33mWarning: [39m[33m[0mC:\Users\vince\OneDrive\Desktop\Tirocinio\angular-spotify\libs\web\visualizer\data-access\src\lib\audio-context.ts depends on 'sketch-js'. CommonJS or AMD dependencies can cause optimization bailouts.[39m[22m
[1m[33mFor more info see: https://angular.io/guide/build#configuring-commonjs-dependencies[39m[22m
[1m[33m[39m[22m
[1m[33m[39m[22m
[37m[0m[32mlibs_web_home_feature_src_index_ts.js[39m[37m                                                                  [2m | [22m[2mangular-spotify-web-home-feature[[39m[37m22m             [2m | [22m [36m74.29 kB[39m[37m[2m | [22m[0m[39m
[37m[0m[32mlibs_web_future-responsive_src_lib_future-responsive_component_ts.js[39m[37m                                   [2m | [22m[2mfuture-responsive-component[22m                  [2m | [22m [36m50.72 kB[39m[37m[2m | [22m[0m[39m
[37m[0m[32mlibs_web_search_feature_src_index_ts.js[39m[37m                                                                [2m | [22m[2mangular-spotify-web-search-feature[22m           [2m | [22m [36m48.87 kB[39m[37m[2m | [22m[0m[39m
[37m[0m[32mcommon.js[39m[37m                                                                                              [2m | [22m[2mcommon[22m                                       [2m | [22m [36m46.27 kB[39m[37m[2m | [22m[0m[39m
[37m[0m[32mlibs_web_browse_feature_shell_src_index_ts.js[39m[37m                                                          [2m | [22m[2mangular-spotify-web-browse-feature-shell[22m     [2m | [22m [36m43.79 kB[39m[37m[2m | [22m[0m[39m
[37m[0m[32mlibs_web_artist_feature_src_index_ts.js[39m[37m                                                                [2m | [22m[2mangular-spotify-web-artist-feature[22m           [2m | [22m [36m40.71 kB[39m[37m[2m | [22m[0m[39m
[37m[0m[32mlibs_web_visualizer_feature_src_index_ts.js[39m[37m                                                            [2m | [22m[2mangular-spotify-web-visualizer-feature[22m       [2m | [22m [36m33.52 kB[39m[37m[2m | [22m[0m[39m
[37m[0m[32mdefault-libs_web_shared_ui_media-order_src_index_ts-libs_web_shared_ui_media-table_src_index_-f5aefd.js[39m[37m[2m | [22m[2mangular-spotify-web-search-feature[22m           [2m | [22m [36m29.33 kB[39m[37m[2m | [22m[0m[39m
[37m[0m[32mlibs_web_container-queries_src_index_ts.js[39m[37m                                                             [2m | [22m[2mangular-spotify-web-container-queries[22m        [2m | [22m [36m29.17 kB[39m[37m[2m | [22m[0m[39m
[37m[0m[32mlibs_web_album_feature_shell_src_index_ts.js[39m[37m                              [39m[37m                             [2m | [22m[2mangular-spotify-web-album-feature-shell[22m      [2m | [22m [36m28.60 kB[39m[37m[2m | [22m[0m[39m
[37m[0m[32mlibs_web_lyrics_feature_src_index_ts.js[39m[37m                                                                [2m | [22m[2mangular-spotify-web-lyrics-feature[22m           [2m | [22m [36m25.75 kB[39m[37m[2m | [22m[0m[39m
[37m[0m[32mdefault-libs_web_shared_ui_media_src_index_ts.js[39m[37m                                                       [2m | [22m[2mangular-spotify-web-home-feature[22m             [2m | [22m [36m22.76 kB[39m[37m[2m | [22m[0m[39m
[37m[0m[32mlibs_web_tracks_feature_src_index_ts.js[39m[37m                                                                [2m | [22m[2mangular-spotify-web-tracks-feature[22m           [2m | [22m [36m22.55 kB[39m[37m[2m | [22m[0m[39m
[37m[0m[32mlibs_web_playlist_feature_detail_src_index_ts.js[39m[37m                                                       [2m | [22m[2mangular-spotify-web-playlist-feature-detail[22m  [2m | [22m [36m21.53 kB[39m[37m[2m | [22m[0m[39m
[37m[0m[32mdefault-libs_web_shared_ui_media-summary_src_index_ts-libs_web_shared_ui_tracks-loading_src_i-d0e7a5.js[39m[37m[2m | [22m[2mangular-spotify-web-tracks-feature[22m           [2m | [22m [36m21.23 kB[39m[37m[2m | [22m[0m[39m
[37m[0m[32mlibs_web_browse_feature_categories_src_index_ts.js[39m[37m                                                     [2m | [22m[2mangular-spotify-web-browse-feature-categories[22m[2m | [22m [36m20.10 kB[39m[37m[2m | [22m[0m[39m
[37m[0m[32mlibs_web_album_feature_detail_src_index_ts.js[39m[37m                                                          [2m | [22m[2mangular-spotify-web-album-feature-detail[22m     [2m | [22m [36m14.73 kB[39m[37m[2m | [22m[0m[39m
[37m[0m[32mlibs_web_album_feature_list_src_index_ts.js[39m[37m                                                            [2m | [22m[2mangular-spotify-web-album-feature-list[22m       [2m | [22m [36m13.80 kB[39m[37m[2m | [22m[0m[39m
[37m[0m[32m[39m[37mlibs_web_browse_feature_category_src_index_ts.js[39m[37m                                                       [2m | [22m[2mangular-spotify-web-browse-feature-category[22m  [2m | [22m [36m12.54 kB[39m[37m[2m | [22m[0m[39m
[37m[0m[32mlibs_web_playlist_feature_list_src_index_ts.js[39m[37m                                                         [2m | [22m[2mangular-spotify-web-playlist-feature-list[22m    [2m | [22m  [36m8.67 kB[39m[37m[2m | [22m[0m[39m
[37m[0m[32mlibs_web_future-responsive_src_index_ts.js[39m[37m                                                             [2m | [22m[2mangular-spotify-web-future-responsive[22m        [2m | [22m  [36m2.81 kB[39m[37m[2m | [22m[0m[39m
[37m[0m[0m[39m
[37m[0mBuild at: [1m[37m2026-06-18T09:50:46.531Z[39m[37m[22m - Hash: [1m[37mca0b4388f0ed7ef7[39m[37m[22m - Time: [1m[37m41215[39m[37m[22mms[0m[39m
[37m[39m
[37m** Angular Live Development Server is listening on 0.0.0.0:4200, open your browser on http://localhost:4200/ **[39m
[37m[39m
[37m[39m
[37m[92m√[39m[37m Compiled successfully.[39m
